INFO: STARTING!
INFO: Log parameter values verbosely: [1]
INFO: Min num runs: [50]
INFO: Min runs duration (seconds): [1]
INFO: Max runs duration (seconds): [150]
INFO: Inter-run delay (seconds): [-1]
INFO: Number of prorated runs per second: [-1]
INFO: Num threads: [10]
INFO: Use caching: [0]
INFO: Benchmark name: []
INFO: Output prefix: []
INFO: Min warmup runs: [1]
INFO: Min warmup runs duration (seconds): [0.5]
INFO: Run w/o invoking kernels: [0]
INFO: Report the peak memory footprint: [0]
INFO: Memory footprint check interval (ms): [50]
INFO: Graph: [/data/local/tmp/rvm_benchmark/rvm_mobilenetv3_720x1280_ds_100.tflite]
INFO: Signature to run: []
INFO: Input layers: []
INFO: Input shapes: []
INFO: Input value ranges: []
INFO: Input value files: []
INFO: Allow fp16: [0]
INFO: Require full delegation: [0]
INFO: Enable op profiling: [1]
INFO: Op profiling output mode.: [stdout]
INFO: Op profiling output file.: []
INFO: Max initial profiling buffer entries: [1024]
INFO: Allow dynamic increase on profiling buffer entries: [0]
INFO: CSV File to export profiling data to: []
INFO: Enable Model Runtime Info Export: [0]
INFO: Proto File to export model runtime info to: []
INFO: Print pre-invoke interpreter state: [0]
INFO: Print post-invoke interpreter state: [0]
INFO: Release dynamic tensor memory: [0]
INFO: Optimize memory usage for large tensors: [0]
INFO: Disable delegate clustering: [0]
INFO: Constant CAST output cache: [0]
INFO: File path to export outputs layer to: []
INFO: File path to export outputs layer as tf example to: []
INFO: Tensor name display length: [25]
INFO: Tensor type display length: [15]
INFO: Tensor allocation type display length: [18]
INFO: print out all supported flags: [0]
INFO: #threads used for CPU inference: [10]
INFO: Max number of delegated partitions: [0]
INFO: Min nodes per partition: [0]
INFO: Index of the first node that could be delegated: [0]
INFO: Index of the last node that could be delegated: [2147483647]
INFO: Number of GPU delegate invoke loop iterations: [1]
INFO: Directory for delegate serialization: []
INFO: Model-specific token/key for delegate serialization.: []
INFO: External delegate path: []
INFO: External delegate options: []
INFO: Use gpu: [0]
INFO: Allow lower precision in gpu: [1]
INFO: Enable running quant models in gpu: [1]
INFO: Prefer maximizing the throughput in gpu: [0]
INFO: GPU backend: []
INFO: Use Hexagon: [0]
INFO: Hexagon lib path: [/data/local/tmp]
INFO: Hexagon profiling: [0]
INFO: Use NNAPI: [0]
INFO: Use xnnpack: [0]
INFO: xnnpack_force_fp16: [0]
INFO: xnnpack_weight_cache_file_path: []
INFO: Use Slinky: [0]
INFO: Loaded model /data/local/tmp/rvm_benchmark/rvm_mobilenetv3_720x1280_ds_100.tflite
INFO: Initialized TensorFlow Lite runtime.
INFO: Created TensorFlow Lite XNNPACK delegate for CPU.
VERBOSE: Replacing 251 out of 266 node(s) with delegate (TfLiteXNNPackDelegate) node, yielding 21 partitions for subgraph 0.
VERBOSE: Replacing 1 out of 1 node(s) with delegate (TfLiteXNNPackDelegate) node, yielding 1 partitions for subgraph 1.
VERBOSE: Replacing 1 out of 1 node(s) with delegate (TfLiteXNNPackDelegate) node, yielding 1 partitions for subgraph 2.
VERBOSE: Replacing 1 out of 1 node(s) with delegate (TfLiteXNNPackDelegate) node, yielding 1 partitions for subgraph 3.
VERBOSE: Replacing 1 out of 1 node(s) with delegate (TfLiteXNNPackDelegate) node, yielding 1 partitions for subgraph 4.
INFO: The input model file size (MB): 16.3683
INFO: Initialized session in 522.906ms.
INFO: Running benchmark for at least 1 iterations and at least 0.5 seconds but terminate if exceeding 150 seconds.
INFO: count=1 curr=1461714 p5=1461714 median=1461714 p95=1461714

INFO: Running benchmark for at least 50 iterations and at least 1 seconds but terminate if exceeding 150 seconds.
INFO: count=50 first=1441137 curr=1154851 min=843212 max=1531230 avg=1.08657e+06 std=244594 p5=864190 median=938345 p95=1517552

INFO: Inference timings in us: Init: 522906, First inference: 1461714, Warmup (avg): 1.46171e+06, Inference (avg): 1.08657e+06
INFO: Note: as the benchmark tool itself affects memory footprint, the following is only APPROXIMATE to the actual memory footprint of the model at runtime. Take the information at your discretion.
INFO: Memory footprint delta from the start of the tool (MB): init=677.555 overall=746.125
INFO: Profiling Info for Benchmark Initialization:
Primary graph (name: main) profile:
============================== Run Order ==============================
	                             [node type]	  [first]	 [avg ms]	     [%]	  [cdf%]	  [mem KB]	[times called]	[Name]
	                         AllocateTensors	  491.224	  491.224	 96.463%	 96.463%	658268.000	        1	AllocateTensors/0
	                 ModifyGraphWithDelegate	   18.010	   18.010	  3.537%	100.000%	 29708.000	        1	ModifyGraphWithDelegate/0

============================== Top by Computation Time ==============================
	                             [node type]	  [first]	 [avg ms]	     [%]	  [cdf%]	  [mem KB]	[times called]	[Name]
	                         AllocateTensors	  491.224	  491.224	 96.463%	 96.463%	658268.000	        1	AllocateTensors/0
	                 ModifyGraphWithDelegate	   18.010	   18.010	  3.537%	100.000%	 29708.000	        1	ModifyGraphWithDelegate/0

Number of nodes executed: 2
============================== Summary by node type ==============================
	                             [Node type]	  [count]	  [avg ms]	    [avg %]	    [cdf %]	  [mem KB]	[times called]
	                         AllocateTensors	        1	   491.224	    96.463%	    96.463%	658268.062	        1
	                 ModifyGraphWithDelegate	        1	    18.010	     3.537%	   100.000%	 29708.000	        1

Timings (microseconds): count=1 curr=509234
Memory (bytes): count=0
2 nodes observed

Subgraph (index: 1, name: STABLEHLO_REDUCE_WINDOW1) profile:
============================== Run Order ==============================
	                             [node type]	  [first]	 [avg ms]	     [%]	  [cdf%]	  [mem KB]	[times called]	[Name]
	                 ModifyGraphWithDelegate	    0.325	    0.325	100.000%	100.000%	     0.000	        1	ModifyGraphWithDelegate/1

============================== Top by Computation Time ==============================
	                             [node type]	  [first]	 [avg ms]	     [%]	  [cdf%]	  [mem KB]	[times called]	[Name]
	                 ModifyGraphWithDelegate	    0.325	    0.325	100.000%	100.000%	     0.000	        1	ModifyGraphWithDelegate/1

Number of nodes executed: 1
============================== Summary by node type ==============================
	                             [Node type]	  [count]	  [avg ms]	    [avg %]	    [cdf %]	  [mem KB]	[times called]
	                 ModifyGraphWithDelegate	        1	     0.325	   100.000%	   100.000%	     0.000	        1

Subgraph (index: 1, name: STABLEHLO_REDUCE_WINDOW1) Timings (microseconds): count=1 curr=325
Memory (bytes): count=0
1 nodes observed

Subgraph (index: 2, name: STABLEHLO_REDUCE_WINDOW2) profile:
============================== Run Order ==============================
	                             [node type]	  [first]	 [avg ms]	     [%]	  [cdf%]	  [mem KB]	[times called]	[Name]
	                 ModifyGraphWithDelegate	    0.066	    0.066	100.000%	100.000%	     0.000	        1	ModifyGraphWithDelegate/2

============================== Top by Computation Time ==============================
	                             [node type]	  [first]	 [avg ms]	     [%]	  [cdf%]	  [mem KB]	[times called]	[Name]
	                 ModifyGraphWithDelegate	    0.066	    0.066	100.000%	100.000%	     0.000	        1	ModifyGraphWithDelegate/2

Number of nodes executed: 1
============================== Summary by node type ==============================
	                             [Node type]	  [count]	  [avg ms]	    [avg %]	    [cdf %]	  [mem KB]	[times called]
	                 ModifyGraphWithDelegate	        1	     0.066	   100.000%	   100.000%	     0.000	        1

Subgraph (index: 2, name: STABLEHLO_REDUCE_WINDOW2) Timings (microseconds): count=1 curr=66
Memory (bytes): count=0
1 nodes observed

Subgraph (index: 3, name: STABLEHLO_REDUCE_WINDOW3) profile:
============================== Run Order ==============================
	                             [node type]	  [first]	 [avg ms]	     [%]	  [cdf%]	  [mem KB]	[times called]	[Name]
	                 ModifyGraphWithDelegate	    0.043	    0.043	100.000%	100.000%	     0.000	        1	ModifyGraphWithDelegate/3

============================== Top by Computation Time ==============================
	                             [node type]	  [first]	 [avg ms]	     [%]	  [cdf%]	  [mem KB]	[times called]	[Name]
	                 ModifyGraphWithDelegate	    0.043	    0.043	100.000%	100.000%	     0.000	        1	ModifyGraphWithDelegate/3

Number of nodes executed: 1
============================== Summary by node type ==============================
	                             [Node type]	  [count]	  [avg ms]	    [avg %]	    [cdf %]	  [mem KB]	[times called]
	                 ModifyGraphWithDelegate	        1	     0.043	   100.000%	   100.000%	     0.000	        1

Subgraph (index: 3, name: STABLEHLO_REDUCE_WINDOW3) Timings (microseconds): count=1 curr=43
Memory (bytes): count=0
1 nodes observed

Subgraph (index: 4, name: STABLEHLO_REDUCE_WINDOW4) profile:
============================== Run Order ==============================
	                             [node type]	  [first]	 [avg ms]	     [%]	  [cdf%]	  [mem KB]	[times called]	[Name]
	                 ModifyGraphWithDelegate	    0.049	    0.049	100.000%	100.000%	     0.000	        1	ModifyGraphWithDelegate/4

============================== Top by Computation Time ==============================
	                             [node type]	  [first]	 [avg ms]	     [%]	  [cdf%]	  [mem KB]	[times called]	[Name]
	                 ModifyGraphWithDelegate	    0.049	    0.049	100.000%	100.000%	     0.000	        1	ModifyGraphWithDelegate/4

Number of nodes executed: 1
============================== Summary by node type ==============================
	                             [Node type]	  [count]	  [avg ms]	    [avg %]	    [cdf %]	  [mem KB]	[times called]
	                 ModifyGraphWithDelegate	        1	     0.049	   100.000%	   100.000%	     0.000	        1

Subgraph (index: 4, name: STABLEHLO_REDUCE_WINDOW4) Timings (microseconds): count=1 curr=49
Memory (bytes): count=0
1 nodes observed



INFO: Operator-wise Profiling Info for Regular Benchmark Runs:
============================== Run Order ==============================
	                             [node type]	  [first]	 [avg ms]	     [%]	  [cdf%]	  [mem KB]	[times called]	[Name]
	                 Binary Elementwise (ND)	    1.956	    1.767	  0.325%	  0.325%	     0.000	        2	Delegate/Binary Elementwise (ND):0
	           Transpose (ND, X32) Transpose	    2.652	    3.352	  0.309%	  0.634%	     0.000	        1	Delegate/Transpose (ND, X32) Transpose:1
	                 Binary Elementwise (ND)	    1.780	    1.651	  0.152%	  0.786%	     0.000	        1	Delegate/Binary Elementwise (ND):2
	                 Binary Elementwise (ND)	    1.565	    1.207	  1.111%	  1.897%	     0.000	       10	Delegate/Binary Elementwise (ND):3
	           Transpose (ND, X32) Transpose	    3.550	    3.181	  0.293%	  2.190%	     0.000	        1	Delegate/Transpose (ND, X32) Transpose:4
	           Convolution (NHWC, F32) IGEMM	    5.199	    4.800	  0.442%	  2.633%	     0.000	        1	Delegate/Convolution (NHWC, F32) IGEMM:5
	                  Unary Elementwise (NC)	    3.030	    2.659	  0.245%	  2.877%	     0.000	        1	Delegate/Unary Elementwise (NC):6
	          Convolution (NHWC, F32) DWConv	    3.270	    2.937	  0.541%	  3.418%	     0.000	        2	Delegate/Convolution (NHWC, F32) DWConv:7
	          Fully Connected (NC, F32) GEMM	    4.414	    4.164	  0.384%	  3.802%	     0.000	        1	Delegate/Fully Connected (NC, F32) GEMM:8
	                 Binary Elementwise (ND)	    3.989	    2.649	  0.488%	  4.290%	     0.000	        2	Delegate/Binary Elementwise (ND):9
	          Fully Connected (NC, F32) GEMM	   11.251	    8.433	  0.777%	  5.067%	     0.000	        1	Delegate/Fully Connected (NC, F32) GEMM:10
	          Convolution (NHWC, F32) DWConv	    9.267	    5.763	  0.531%	  5.597%	     0.000	        1	Delegate/Convolution (NHWC, F32) DWConv:11
	          Fully Connected (NC, F32) GEMM	    3.613	    2.411	  0.444%	  6.041%	     0.000	        2	Delegate/Fully Connected (NC, F32) GEMM:12
	          Fully Connected (NC, F32) GEMM	    4.531	    3.304	  0.304%	  6.346%	     0.000	        1	Delegate/Fully Connected (NC, F32) GEMM:13
	          Convolution (NHWC, F32) DWConv	    4.294	    2.343	  0.432%	  6.777%	     0.000	        2	Delegate/Convolution (NHWC, F32) DWConv:14
	          Fully Connected (NC, F32) GEMM	    3.364	    3.015	  0.278%	  7.055%	     0.000	        1	Delegate/Fully Connected (NC, F32) GEMM:15
	                 Binary Elementwise (ND)	    1.825	    1.341	  0.247%	  7.302%	     0.000	        2	Delegate/Binary Elementwise (ND):16
	          Fully Connected (NC, F32) GEMM	    4.409	    3.262	  0.300%	  7.602%	     0.000	        1	Delegate/Fully Connected (NC, F32) GEMM:17
	          Convolution (NHWC, F32) DWConv	    4.069	    2.948	  0.272%	  7.874%	     0.000	        1	Delegate/Convolution (NHWC, F32) DWConv:18
	                           Sum (ND) Mean	    0.882	    0.773	  0.071%	  7.945%	     0.000	        1	Delegate/Sum (ND) Mean:19
	                 Binary Elementwise (ND)	    1.940	    1.365	  0.126%	  8.071%	     0.000	        1	Delegate/Binary Elementwise (ND):20
	                          Copy (NC, X32)	    0.003	    3.315	  0.611%	  8.682%	     0.000	        2	Delegate/Copy (NC, X32):21
	           Transpose (ND, X32) Transpose	    4.137	    3.033	  0.279%	  8.961%	     0.000	        1	Delegate/Transpose (ND, X32) Transpose:22
	Average Pooling (NHWC, F32) Average Pooling	    2.265	    1.736	  0.160%	  9.121%	     0.000	        1	Delegate/Average Pooling (NHWC, F32) Average Pooling:23
	           Transpose (ND, X32) Transpose	    1.335	    1.158	  0.107%	  9.227%	     0.000	        1	Delegate/Transpose (ND, X32) Transpose:24
	           Transpose (ND, X32) Transpose	    1.281	    1.340	  0.123%	  9.351%	     0.000	        1	Delegate/Transpose (ND, X32) Transpose:25
	           Transpose (ND, X32) Transpose	    2.592	    1.761	  0.162%	  9.513%	     0.000	        1	Delegate/Transpose (ND, X32) Transpose:26
	           Transpose (ND, X32) Transpose	    4.436	    2.493	  0.230%	  9.743%	     0.000	        1	Delegate/Transpose (ND, X32) Transpose:27
	                               GATHER_ND	    0.013	    0.009	  0.001%	  9.743%	     0.000	        1	[wrapper.RVMWrapper/RobustVideoMatting.model.model.MattingNetwork_model/RobustVideoMatting.model.mobilenetv3.MobileNetV3LargeEncoder_backbone/torchvision.models.mobilenetv3.InvertedResidual_4/torch.nn.modules.container.Sequential_block/torchvision.ops.misc.SqueezeExcitation_2/torch.nn.modules.pooling.AdaptiveAvgPool2d_avgpool;5]:25
	                 STABLEHLO_REDUCE_WINDOW	    7.094	    6.137	  0.565%	 10.309%	     0.000	        1	[wrapper.RVMWrapper/RobustVideoMatting.model.model.MattingNetwork_model/RobustVideoMatting.model.decoder.RecurrentDecoder_decoder/RobustVideoMatting.model.decoder.AvgPool_avgpool/torch.nn.modules.pooling.AvgPool2d_avgpool;3]:168
	                 STABLEHLO_REDUCE_WINDOW	    2.368	    2.236	  0.206%	 10.515%	     0.000	        1	[wrapper.RVMWrapper/RobustVideoMatting.model.model.MattingNetwork_model/RobustVideoMatting.model.decoder.RecurrentDecoder_decoder/RobustVideoMatting.model.decoder.AvgPool_avgpool/torch.nn.modules.pooling.AvgPool2d_avgpool;5]:169
	                 STABLEHLO_REDUCE_WINDOW	    0.595	    0.562	  0.052%	 10.566%	     0.000	        1	[wrapper.RVMWrapper/RobustVideoMatting.model.model.MattingNetwork_model/RobustVideoMatting.model.decoder.RecurrentDecoder_decoder/RobustVideoMatting.model.decoder.AvgPool_avgpool/torch.nn.modules.pooling.AvgPool2d_avgpool;10]:172
	                          Copy (NC, X32)	    0.005	    0.002	  0.001%	 10.568%	     0.000	        9	Delegate/Copy (NC, X32):0
	          Fully Connected (NC, F32) GEMM	    1.266	    1.260	  1.044%	 11.612%	     0.000	        9	Delegate/Fully Connected (NC, F32) GEMM:1
	          Fully Connected (NC, F32) GEMM	    1.222	    1.158	  0.853%	 12.465%	     0.000	        8	Delegate/Fully Connected (NC, F32) GEMM:2
	                 Binary Elementwise (ND)	    2.660	    2.421	  1.783%	 14.249%	     0.000	        8	Delegate/Binary Elementwise (ND):4
	          Fully Connected (NC, F32) GEMM	    1.359	    4.876	  3.592%	 17.841%	     0.000	        8	Delegate/Fully Connected (NC, F32) GEMM:5
	          Fully Connected (NC, F32) GEMM	    2.400	    5.498	  1.519%	 19.360%	     0.000	        3	Delegate/Fully Connected (NC, F32) GEMM:6
	                           Sum (ND) Mean	    1.647	    1.306	  0.120%	 19.480%	     0.000	        1	Delegate/Sum (ND) Mean:8
	                          Copy (NC, X32)	    0.002	    0.002	  0.000%	 19.480%	     0.000	        1	Delegate/Copy (NC, X32):10
	                 Binary Elementwise (ND)	    2.252	    1.657	  0.763%	 20.243%	     0.000	        5	Delegate/Binary Elementwise (ND):11
	                               GATHER_ND	    0.011	    0.008	  0.001%	 20.244%	     0.000	        1	[wrapper.RVMWrapper/RobustVideoMatting.model.model.MattingNetwork_model/RobustVideoMatting.model.mobilenetv3.MobileNetV3LargeEncoder_backbone/torchvision.models.mobilenetv3.InvertedResidual_5/torch.nn.modules.container.Sequential_block/torchvision.ops.misc.SqueezeExcitation_2/torch.nn.modules.pooling.AdaptiveAvgPool2d_avgpool;4]:37
	                 STABLEHLO_REDUCE_WINDOW	    1.763	    1.440	  0.133%	 20.377%	     0.000	        1	[wrapper.RVMWrapper/RobustVideoMatting.model.model.MattingNetwork_model/RobustVideoMatting.model.decoder.RecurrentDecoder_decoder/RobustVideoMatting.model.decoder.AvgPool_avgpool/torch.nn.modules.pooling.AvgPool2d_avgpool;8]:171
	                 Binary Elementwise (ND)	    6.368	    1.273	  0.586%	 20.963%	     0.000	        5	Delegate/Binary Elementwise (ND):6
	          Fully Connected (NC, F32) GEMM	    3.975	    5.825	  2.682%	 23.645%	     0.000	        5	Delegate/Fully Connected (NC, F32) GEMM:7
	          Convolution (NHWC, F32) DWConv	    4.066	    4.719	  1.304%	 24.949%	     0.000	        3	Delegate/Convolution (NHWC, F32) DWConv:8
	                           Sum (ND) Mean	    2.837	    1.302	  0.120%	 25.069%	     0.000	        1	Delegate/Sum (ND) Mean:9
	                 Binary Elementwise (ND)	    4.166	    1.949	  0.180%	 25.248%	     0.000	        1	Delegate/Binary Elementwise (ND):10
	                          Copy (NC, X32)	    0.006	    0.002	  0.000%	 25.249%	     0.000	        1	Delegate/Copy (NC, X32):11
	                 Binary Elementwise (ND)	    0.857	    1.134	  0.313%	 25.562%	     0.000	        3	Delegate/Binary Elementwise (ND):12
	                               GATHER_ND	    0.013	    0.008	  0.001%	 25.563%	     0.000	        1	[wrapper.RVMWrapper/RobustVideoMatting.model.model.MattingNetwork_model/RobustVideoMatting.model.mobilenetv3.MobileNetV3LargeEncoder_backbone/torchvision.models.mobilenetv3.InvertedResidual_6/torch.nn.modules.container.Sequential_block/torchvision.ops.misc.SqueezeExcitation_2/torch.nn.modules.pooling.AdaptiveAvgPool2d_avgpool;2]:50
	                  Unary Elementwise (NC)	    4.151	    2.125	  0.979%	 26.541%	     0.000	        5	Delegate/Unary Elementwise (NC):8
	          Convolution (NHWC, F32) DWConv	    3.253	    5.438	  1.502%	 28.044%	     0.000	        3	Delegate/Convolution (NHWC, F32) DWConv:9
	                  Unary Elementwise (NC)	    1.035	    2.016	  0.557%	 28.601%	     0.000	        3	Delegate/Unary Elementwise (NC):10
	          Fully Connected (NC, F32) GEMM	    1.876	    2.066	  0.190%	 28.791%	     0.000	        1	Delegate/Fully Connected (NC, F32) GEMM:11
	                             RELU_0_TO_1	    0.777	    0.507	  0.047%	 28.838%	     0.000	        1	[serving_default_output_1_output]:260
	                             RELU_0_TO_1	    2.563	    1.850	  0.170%	 29.008%	     0.000	        1	[wrapper.RVMWrapper/RobustVideoMatting.model.model.MattingNetwork_model;5]:258
	           Transpose (ND, X32) Transpose	    0.307	    0.258	  0.024%	 29.032%	     0.000	        1	Delegate/Transpose (ND, X32) Transpose:88
	           Transpose (ND, X32) Transpose	    2.075	    1.262	  0.116%	 29.148%	     0.000	        1	Delegate/Transpose (ND, X32) Transpose:87
	           Transpose (ND, X32) Transpose	    2.235	    1.526	  0.141%	 29.289%	     0.000	        1	Delegate/Transpose (ND, X32) Transpose:86
	           Transpose (ND, X32) Transpose	    5.117	    3.065	  0.282%	 29.571%	     0.000	        1	Delegate/Transpose (ND, X32) Transpose:85
	                         Slice (ND, X32)	   20.475	   17.389	  1.601%	 31.173%	     0.000	        1	Delegate/Slice (ND, X32):84
	                 Binary Elementwise (ND)	    3.415	    2.105	  0.194%	 31.366%	     0.000	        1	Delegate/Binary Elementwise (ND):83
	                         Slice (ND, X32)	   13.523	   20.868	  1.922%	 33.288%	     0.000	        1	Delegate/Slice (ND, X32):82
	          Fully Connected (NC, F32) GEMM	   15.963	   11.300	  1.041%	 34.329%	     0.000	        1	Delegate/Fully Connected (NC, F32) GEMM:81
	           Convolution (NHWC, F32) IGEMM	   35.717	   29.355	  2.704%	 37.033%	     0.000	        1	Delegate/Convolution (NHWC, F32) IGEMM:80
	           Convolution (NHWC, F32) IGEMM	   73.538	   61.186	  5.635%	 42.668%	     0.000	        1	Delegate/Convolution (NHWC, F32) IGEMM:79
	                          Copy (NC, X32)	   66.655	   58.952	  5.429%	 48.097%	     0.000	        1	Delegate/Copy (NC, X32):78
	             Resize Bilinear (NHWC, F32)	   26.335	   14.041	  1.293%	 49.390%	     0.000	        1	Delegate/Resize Bilinear (NHWC, F32):77
	                          Copy (NC, X32)	   21.283	   22.165	  2.041%	 51.431%	     0.000	        1	Delegate/Copy (NC, X32):76
	                         Slice (ND, X32)	   10.262	    9.578	  0.882%	 52.314%	     0.000	        1	Delegate/Slice (ND, X32):75
	                 Binary Elementwise (ND)	    5.726	    3.218	  0.296%	 52.610%	     0.000	        1	Delegate/Binary Elementwise (ND):74
	                 Binary Elementwise (ND)	    5.787	    3.193	  0.294%	 52.904%	     0.000	        1	Delegate/Binary Elementwise (ND):73
	                 Binary Elementwise (ND)	    5.333	    2.858	  0.263%	 53.167%	     0.000	        1	Delegate/Binary Elementwise (ND):72
	                 Binary Elementwise (ND)	    4.573	    2.559	  0.236%	 53.403%	     0.000	        1	Delegate/Binary Elementwise (ND):71
	                  Unary Elementwise (NC)	    3.864	    2.780	  0.256%	 53.659%	     0.000	        1	Delegate/Unary Elementwise (NC):70
	           Convolution (NHWC, F32) IGEMM	   17.528	   14.949	  1.377%	 55.036%	     0.000	        1	Delegate/Convolution (NHWC, F32) IGEMM:69
	                          Copy (NC, X32)	   30.479	   22.101	  2.035%	 57.071%	     0.000	        1	Delegate/Copy (NC, X32):68
	                 Binary Elementwise (ND)	    5.528	    2.927	  0.270%	 57.341%	     0.000	        1	Delegate/Binary Elementwise (ND):67
	                         Slice (ND, X32)	    9.807	    9.611	  0.885%	 58.226%	     0.000	        1	Delegate/Slice (ND, X32):66
	                         Slice (ND, X32)	   15.554	    9.908	  0.913%	 59.139%	     0.000	        1	Delegate/Slice (ND, X32):65
	                  Unary Elementwise (NC)	    9.818	    5.656	  0.521%	 59.660%	     0.000	        1	Delegate/Unary Elementwise (NC):64
	           Convolution (NHWC, F32) IGEMM	   30.608	   27.479	  2.531%	 62.190%	     0.000	        1	Delegate/Convolution (NHWC, F32) IGEMM:63
	                          Copy (NC, X32)	   32.364	   21.651	  1.994%	 64.184%	     0.000	        1	Delegate/Copy (NC, X32):62
	                         Slice (ND, X32)	   19.464	   10.236	  0.943%	 65.127%	     0.000	        1	Delegate/Slice (ND, X32):61
	           Convolution (NHWC, F32) IGEMM	   62.716	   50.751	  4.674%	 69.801%	     0.000	        1	Delegate/Convolution (NHWC, F32) IGEMM:60
	                          Copy (NC, X32)	   65.410	   38.034	  3.503%	 73.304%	     0.000	        1	Delegate/Copy (NC, X32):59
	             Resize Bilinear (NHWC, F32)	   10.648	    5.193	  0.478%	 73.782%	     0.000	        1	Delegate/Resize Bilinear (NHWC, F32):58
	                          Copy (NC, X32)	   14.560	    8.462	  0.779%	 74.561%	     0.000	        1	Delegate/Copy (NC, X32):57
	                         Slice (ND, X32)	    5.699	    3.960	  0.365%	 74.926%	     0.000	        1	Delegate/Slice (ND, X32):56
	                 Binary Elementwise (ND)	    2.658	    1.588	  0.146%	 75.072%	     0.000	        1	Delegate/Binary Elementwise (ND):55
	                 Binary Elementwise (ND)	    2.758	    1.500	  0.138%	 75.210%	     0.000	        1	Delegate/Binary Elementwise (ND):54
	                 Binary Elementwise (ND)	    2.240	    1.399	  0.129%	 75.339%	     0.000	        1	Delegate/Binary Elementwise (ND):53
	                 Binary Elementwise (ND)	    2.042	    1.421	  0.131%	 75.470%	     0.000	        1	Delegate/Binary Elementwise (ND):52
	                  Unary Elementwise (NC)	    1.672	    1.307	  0.120%	 75.591%	     0.000	        1	Delegate/Unary Elementwise (NC):51
	           Convolution (NHWC, F32) IGEMM	    8.780	    7.375	  0.679%	 76.270%	     0.000	        1	Delegate/Convolution (NHWC, F32) IGEMM:50
	                          Copy (NC, X32)	   15.351	    8.996	  0.829%	 77.098%	     0.000	        1	Delegate/Copy (NC, X32):49
	                 Binary Elementwise (ND)	    2.499	    1.611	  0.148%	 77.247%	     0.000	        1	Delegate/Binary Elementwise (ND):48
	                         Slice (ND, X32)	    8.600	    4.140	  0.381%	 77.628%	     0.000	        1	Delegate/Slice (ND, X32):47
	                         Slice (ND, X32)	    5.154	    4.195	  0.386%	 78.015%	     0.000	        1	Delegate/Slice (ND, X32):46
	                  Unary Elementwise (NC)	    4.044	    2.530	  0.233%	 78.248%	     0.000	        1	Delegate/Unary Elementwise (NC):45
	           Convolution (NHWC, F32) IGEMM	   13.308	   11.250	  1.036%	 79.284%	     0.000	        1	Delegate/Convolution (NHWC, F32) IGEMM:44
	                          Copy (NC, X32)	   14.772	    8.621	  0.794%	 80.078%	     0.000	        1	Delegate/Copy (NC, X32):43
	                         Slice (ND, X32)	    6.462	    4.203	  0.387%	 80.465%	     0.000	        1	Delegate/Slice (ND, X32):42
	           Convolution (NHWC, F32) IGEMM	   37.441	   30.197	  2.781%	 83.246%	     0.000	        1	Delegate/Convolution (NHWC, F32) IGEMM:41
	                          Copy (NC, X32)	   25.360	   16.025	  1.476%	 84.722%	     0.000	        1	Delegate/Copy (NC, X32):40
	             Resize Bilinear (NHWC, F32)	    4.839	    2.981	  0.275%	 84.996%	     0.000	        1	Delegate/Resize Bilinear (NHWC, F32):39
	                          Copy (NC, X32)	    4.788	    3.939	  0.363%	 85.359%	     0.000	        1	Delegate/Copy (NC, X32):38
	                         Slice (ND, X32)	    2.241	    1.885	  0.174%	 85.533%	     0.000	        1	Delegate/Slice (ND, X32):37
	                 Binary Elementwise (ND)	    1.320	    1.222	  0.113%	 85.645%	     0.000	        1	Delegate/Binary Elementwise (ND):36
	                 Binary Elementwise (ND)	    1.404	    1.142	  0.105%	 85.750%	     0.000	        1	Delegate/Binary Elementwise (ND):34
	                 Binary Elementwise (ND)	    1.333	    1.143	  0.105%	 85.856%	     0.000	        1	Delegate/Binary Elementwise (ND):33
	                  Unary Elementwise (NC)	    1.071	    1.095	  0.101%	 85.957%	     0.000	        1	Delegate/Unary Elementwise (NC):32
	           Convolution (NHWC, F32) IGEMM	    6.734	    6.067	  0.559%	 86.515%	     0.000	        1	Delegate/Convolution (NHWC, F32) IGEMM:31
	                          Copy (NC, X32)	    6.314	    3.844	  0.354%	 86.869%	     0.000	        1	Delegate/Copy (NC, X32):30
	                         Slice (ND, X32)	    2.527	    1.824	  0.168%	 87.037%	     0.000	        1	Delegate/Slice (ND, X32):28
	                         Slice (ND, X32)	    2.183	    1.613	  0.149%	 87.186%	     0.000	        1	Delegate/Slice (ND, X32):27
	                  Unary Elementwise (NC)	    2.452	    1.547	  0.142%	 87.328%	     0.000	        1	Delegate/Unary Elementwise (NC):26
	           Convolution (NHWC, F32) IGEMM	   12.436	   10.872	  1.001%	 88.329%	     0.000	        1	Delegate/Convolution (NHWC, F32) IGEMM:25
	                          Copy (NC, X32)	    4.520	    3.695	  0.340%	 88.670%	     0.000	        1	Delegate/Copy (NC, X32):24
	                         Slice (ND, X32)	    2.433	    1.823	  0.168%	 88.838%	     0.000	        1	Delegate/Slice (ND, X32):23
	           Convolution (NHWC, F32) IGEMM	   25.250	   22.606	  2.082%	 90.920%	     0.000	        1	Delegate/Convolution (NHWC, F32) IGEMM:22
	             Resize Bilinear (NHWC, F32)	    2.137	    1.679	  0.155%	 91.074%	     0.000	        1	Delegate/Resize Bilinear (NHWC, F32):20
	                          Copy (NC, X32)	    3.365	    2.381	  0.219%	 91.293%	     0.000	        1	Delegate/Copy (NC, X32):19
	                 Binary Elementwise (ND)	    0.724	    1.126	  0.104%	 91.397%	     0.000	        1	Delegate/Binary Elementwise (ND):18
	                 Binary Elementwise (ND)	    1.340	    0.914	  0.084%	 91.481%	     0.000	        1	Delegate/Binary Elementwise (ND):15
	                  Unary Elementwise (NC)	    0.703	    0.892	  0.082%	 91.563%	     0.000	        1	Delegate/Unary Elementwise (NC):14
	           Convolution (NHWC, F32) IGEMM	    4.239	    4.214	  0.388%	 91.952%	     0.000	        1	Delegate/Convolution (NHWC, F32) IGEMM:13
	                  Unary Elementwise (NC)	    1.475	    1.253	  0.115%	 92.067%	     0.000	        1	Delegate/Unary Elementwise (NC):13
	                  Unary Elementwise (NC)	    0.860	    1.222	  0.113%	 92.180%	     0.000	        1	Delegate/Unary Elementwise (NC):15
	          Fully Connected (NC, F32) GEMM	    2.258	    1.797	  0.165%	 92.345%	     0.000	        1	Delegate/Fully Connected (NC, F32) GEMM:16
	                 Binary Elementwise (ND)	    3.973	    1.258	  0.232%	 92.577%	     0.000	        2	Delegate/Binary Elementwise (ND):17
	          Fully Connected (NC, F32) GEMM	    7.223	    1.956	  0.180%	 92.757%	     0.000	        1	Delegate/Fully Connected (NC, F32) GEMM:18
	                  Unary Elementwise (NC)	    1.704	    1.181	  0.109%	 92.866%	     0.000	        1	Delegate/Unary Elementwise (NC):19
	          Convolution (NHWC, F32) DWConv	    1.550	    1.251	  0.115%	 92.981%	     0.000	        1	Delegate/Convolution (NHWC, F32) DWConv:20
	                  Unary Elementwise (NC)	    1.066	    1.145	  0.105%	 93.086%	     0.000	        1	Delegate/Unary Elementwise (NC):21
	          Fully Connected (NC, F32) GEMM	    1.997	    1.621	  0.149%	 93.236%	     0.000	        1	Delegate/Fully Connected (NC, F32) GEMM:22
	                 Binary Elementwise (ND)	    1.388	    1.149	  0.106%	 93.341%	     0.000	        1	Delegate/Binary Elementwise (ND):23
	          Fully Connected (NC, F32) GEMM	    2.074	    1.681	  0.155%	 93.496%	     0.000	        1	Delegate/Fully Connected (NC, F32) GEMM:24
	                  Unary Elementwise (NC)	    2.243	    1.249	  0.115%	 93.611%	     0.000	        1	Delegate/Unary Elementwise (NC):25
	          Convolution (NHWC, F32) DWConv	    1.652	    1.626	  0.150%	 93.761%	     0.000	        1	Delegate/Convolution (NHWC, F32) DWConv:26
	                  Unary Elementwise (NC)	    1.449	    1.101	  0.101%	 93.862%	     0.000	        1	Delegate/Unary Elementwise (NC):27
	          Fully Connected (NC, F32) GEMM	    1.659	    1.747	  0.161%	 94.023%	     0.000	        1	Delegate/Fully Connected (NC, F32) GEMM:28
	                 Binary Elementwise (ND)	    1.437	    1.203	  0.222%	 94.245%	     0.000	        2	Delegate/Binary Elementwise (ND):29
	          Fully Connected (NC, F32) GEMM	    2.945	    2.995	  0.276%	 94.521%	     0.000	        1	Delegate/Fully Connected (NC, F32) GEMM:30
	                  Unary Elementwise (NC)	    1.612	    1.578	  0.145%	 94.666%	     0.000	        1	Delegate/Unary Elementwise (NC):31
	          Convolution (NHWC, F32) DWConv	    3.185	    2.164	  0.199%	 94.865%	     0.000	        1	Delegate/Convolution (NHWC, F32) DWConv:32
	                  Unary Elementwise (NC)	    2.342	    1.872	  0.172%	 95.038%	     0.000	        1	Delegate/Unary Elementwise (NC):33
	                           Sum (ND) Mean	    2.180	    1.619	  0.149%	 95.187%	     0.000	        1	Delegate/Sum (ND) Mean:34
	                 Binary Elementwise (ND)	    1.246	    1.414	  0.260%	 95.447%	     0.000	        2	Delegate/Binary Elementwise (ND):35
	                          Copy (NC, X32)	    0.006	    0.003	  0.000%	 95.447%	     0.000	        1	Delegate/Copy (NC, X32):36
	                               GATHER_ND	    0.018	    0.013	  0.001%	 95.449%	     0.000	        1	[wrapper.RVMWrapper/RobustVideoMatting.model.model.MattingNetwork_model/RobustVideoMatting.model.mobilenetv3.MobileNetV3LargeEncoder_backbone/torchvision.models.mobilenetv3.InvertedResidual_11/torch.nn.modules.container.Sequential_block/torchvision.ops.misc.SqueezeExcitation_2/torch.nn.modules.pooling.AdaptiveAvgPool2d_avgpool;5]:89
	                  Unary Elementwise (NC)	    3.656	    2.108	  0.388%	 95.837%	     0.000	        2	Delegate/Unary Elementwise (NC):7
	                  Unary Elementwise (NC)	    4.287	    2.403	  0.443%	 96.280%	     0.000	        2	Delegate/Unary Elementwise (NC):9
	                           Sum (ND) Mean	    4.381	    3.405	  0.941%	 97.220%	     0.000	        3	Delegate/Sum (ND) Mean:10
	                          Copy (NC, X32)	    0.005	    0.590	  0.217%	 97.438%	     0.000	        4	Delegate/Copy (NC, X32):12
	                               GATHER_ND	    0.023	    0.017	  0.002%	 97.439%	     0.000	        1	[wrapper.RVMWrapper/RobustVideoMatting.model.model.MattingNetwork_model/RobustVideoMatting.model.mobilenetv3.MobileNetV3LargeEncoder_backbone/torchvision.models.mobilenetv3.InvertedResidual_12/torch.nn.modules.container.Sequential_block/torchvision.ops.misc.SqueezeExcitation_2/torch.nn.modules.pooling.AdaptiveAvgPool2d_avgpool;4]:103
	                           Sum (ND) Mean	    4.285	    3.001	  0.553%	 97.992%	     0.000	        2	Delegate/Sum (ND) Mean:11
	                          Copy (NC, X32)	    0.005	    0.003	  0.001%	 97.993%	     0.000	        2	Delegate/Copy (NC, X32):13
	                               GATHER_ND	    0.022	    0.017	  0.002%	 97.994%	     0.000	        1	[wrapper.RVMWrapper/RobustVideoMatting.model.model.MattingNetwork_model/RobustVideoMatting.model.mobilenetv3.MobileNetV3LargeEncoder_backbone/torchvision.models.mobilenetv3.InvertedResidual_13/torch.nn.modules.container.Sequential_block/torchvision.ops.misc.SqueezeExcitation_2/torch.nn.modules.pooling.AdaptiveAvgPool2d_avgpool;2]:118
	                               GATHER_ND	    0.024	    0.020	  0.002%	 97.996%	     0.000	        1	[wrapper.RVMWrapper/RobustVideoMatting.model.model.MattingNetwork_model/RobustVideoMatting.model.mobilenetv3.MobileNetV3LargeEncoder_backbone/torchvision.models.mobilenetv3.InvertedResidual_14/torch.nn.modules.container.Sequential_block/torchvision.ops.misc.SqueezeExcitation_2/torch.nn.modules.pooling.AdaptiveAvgPool2d_avgpool;4]:132
	                               GATHER_ND	    0.023	    0.020	  0.002%	 97.998%	     0.000	        1	[wrapper.RVMWrapper/RobustVideoMatting.model.model.MattingNetwork_model/RobustVideoMatting.model.mobilenetv3.MobileNetV3LargeEncoder_backbone/torchvision.models.mobilenetv3.InvertedResidual_15/torch.nn.modules.container.Sequential_block/torchvision.ops.misc.SqueezeExcitation_2/torch.nn.modules.pooling.AdaptiveAvgPool2d_avgpool;2]:147
	                         Slice (ND, X32)	    0.917	    1.110	  0.102%	 98.100%	     0.000	        1	Delegate/Slice (ND, X32):10
	                         Slice (ND, X32)	    0.965	    1.105	  0.102%	 98.202%	     0.000	        1	Delegate/Slice (ND, X32):9
	           Convolution (NHWC, F32) IGEMM	    9.166	    7.349	  0.677%	 98.879%	     0.000	        1	Delegate/Convolution (NHWC, F32) IGEMM:7
	                          Copy (NC, X32)	    3.767	    2.525	  0.233%	 99.111%	     0.000	        1	Delegate/Copy (NC, X32):6
	                         Slice (ND, X32)	    2.063	    1.265	  0.116%	 99.228%	     0.000	        1	Delegate/Slice (ND, X32):5
	                         Slice (ND, X32)	    1.408	    1.292	  0.119%	 99.347%	     0.000	        1	Delegate/Slice (ND, X32):4
	                  Unary Elementwise (NC)	    0.004	    0.002	  0.000%	 99.347%	     0.000	        1	Delegate/Unary Elementwise (NC):2
	          Fully Connected (NC, F32) GEMM	    8.783	    7.074	  0.651%	 99.998%	     0.000	        1	Delegate/Fully Connected (NC, F32) GEMM:9
	                               GATHER_ND	    0.019	    0.019	  0.002%	100.000%	     0.000	        1	[wrapper.RVMWrapper/RobustVideoMatting.model.model.MattingNetwork_model/RobustVideoMatting.model.lraspp.LRASPP_aspp/torch.nn.modules.container.Sequential_aspp2/torch.nn.modules.pooling.AdaptiveAvgPool2d_0;2]:161

============================== Top by Computation Time ==============================
	                             [node type]	  [first]	 [avg ms]	     [%]	  [cdf%]	  [mem KB]	[times called]	[Name]
	           Convolution (NHWC, F32) IGEMM	   73.538	   61.186	  5.635%	  5.635%	     0.000	        1	Delegate/Convolution (NHWC, F32) IGEMM:79
	                          Copy (NC, X32)	   66.655	   58.952	  5.429%	 11.064%	     0.000	        1	Delegate/Copy (NC, X32):78
	           Convolution (NHWC, F32) IGEMM	   62.716	   50.751	  4.674%	 15.738%	     0.000	        1	Delegate/Convolution (NHWC, F32) IGEMM:60
	                          Copy (NC, X32)	   65.410	   38.034	  3.503%	 19.241%	     0.000	        1	Delegate/Copy (NC, X32):59
	           Convolution (NHWC, F32) IGEMM	   37.441	   30.197	  2.781%	 22.022%	     0.000	        1	Delegate/Convolution (NHWC, F32) IGEMM:41
	           Convolution (NHWC, F32) IGEMM	   35.717	   29.355	  2.704%	 24.726%	     0.000	        1	Delegate/Convolution (NHWC, F32) IGEMM:80
	           Convolution (NHWC, F32) IGEMM	   30.608	   27.479	  2.531%	 27.257%	     0.000	        1	Delegate/Convolution (NHWC, F32) IGEMM:63
	           Convolution (NHWC, F32) IGEMM	   25.250	   22.606	  2.082%	 29.339%	     0.000	        1	Delegate/Convolution (NHWC, F32) IGEMM:22
	                          Copy (NC, X32)	   21.283	   22.165	  2.041%	 31.380%	     0.000	        1	Delegate/Copy (NC, X32):76
	                          Copy (NC, X32)	   30.479	   22.101	  2.035%	 33.415%	     0.000	        1	Delegate/Copy (NC, X32):68

Number of nodes executed: 171
============================== Summary by node type ==============================
	                             [Node type]	  [count]	  [avg ms]	    [avg %]	    [cdf %]	  [mem KB]	[times called]
	           Convolution (NHWC, F32) IGEMM	       14	   288.445	    26.567%	    26.567%	     0.000	       14
	                          Copy (NC, X32)	       21	   230.398	    21.221%	    47.788%	     0.000	       34
	          Fully Connected (NC, F32) GEMM	       20	   164.454	    15.147%	    62.935%	     0.000	       49
	                         Slice (ND, X32)	       18	   105.996	     9.763%	    72.698%	     0.000	       18
	                 Binary Elementwise (ND)	       31	   104.772	     9.650%	    82.348%	     0.000	       63
	          Convolution (NHWC, F32) DWConv	        9	    54.779	     5.045%	    87.393%	     0.000	       15
	                  Unary Elementwise (NC)	       21	    54.756	     5.043%	    92.436%	     0.000	       29
	             Resize Bilinear (NHWC, F32)	        4	    23.892	     2.201%	    94.637%	     0.000	        4
	           Transpose (ND, X32) Transpose	       11	    22.424	     2.065%	    96.702%	     0.000	       11
	                           Sum (ND) Mean	        6	    21.214	     1.954%	    98.656%	     0.000	        9
	                 STABLEHLO_REDUCE_WINDOW	        4	    10.374	     0.955%	    99.612%	     0.000	        4
	                             RELU_0_TO_1	        2	     2.355	     0.217%	    99.829%	     0.000	        2
	Average Pooling (NHWC, F32) Average Pooling	        1	     1.736	     0.160%	    99.988%	     0.000	        1
	                               GATHER_ND	        9	     0.125	     0.012%	   100.000%	     0.000	        9

Timings (microseconds): count=50 first=1440049 curr=1154086 min=842711 max=1530002 avg=1.0858e+06 std=244351
Memory (bytes): count=0
171 nodes observed



