INFO: STARTING!
INFO: Log parameter values verbosely: [1]
INFO: Min num runs: [50]
INFO: Min runs duration (seconds): [1]
INFO: Max runs duration (seconds): [150]
INFO: Inter-run delay (seconds): [-1]
INFO: Number of prorated runs per second: [-1]
INFO: Num threads: [10]
INFO: Use caching: [0]
INFO: Benchmark name: []
INFO: Output prefix: []
INFO: Min warmup runs: [1]
INFO: Min warmup runs duration (seconds): [0.5]
INFO: Run w/o invoking kernels: [0]
INFO: Report the peak memory footprint: [0]
INFO: Memory footprint check interval (ms): [50]
INFO: Graph: [/data/local/tmp/rvm_benchmark/rvm_resnet50_720x1280_ds_auto.tflite]
INFO: Signature to run: []
INFO: Input layers: []
INFO: Input shapes: []
INFO: Input value ranges: []
INFO: Input value files: []
INFO: Allow fp16: [0]
INFO: Require full delegation: [0]
INFO: Enable op profiling: [1]
INFO: Op profiling output mode.: [stdout]
INFO: Op profiling output file.: []
INFO: Max initial profiling buffer entries: [1024]
INFO: Allow dynamic increase on profiling buffer entries: [0]
INFO: CSV File to export profiling data to: []
INFO: Enable Model Runtime Info Export: [0]
INFO: Proto File to export model runtime info to: []
INFO: Print pre-invoke interpreter state: [0]
INFO: Print post-invoke interpreter state: [0]
INFO: Release dynamic tensor memory: [0]
INFO: Optimize memory usage for large tensors: [0]
INFO: Disable delegate clustering: [0]
INFO: Constant CAST output cache: [0]
INFO: File path to export outputs layer to: []
INFO: File path to export outputs layer as tf example to: []
INFO: Tensor name display length: [25]
INFO: Tensor type display length: [15]
INFO: Tensor allocation type display length: [18]
INFO: print out all supported flags: [0]
INFO: #threads used for CPU inference: [10]
INFO: Max number of delegated partitions: [0]
INFO: Min nodes per partition: [0]
INFO: Index of the first node that could be delegated: [0]
INFO: Index of the last node that could be delegated: [2147483647]
INFO: Number of GPU delegate invoke loop iterations: [1]
INFO: Directory for delegate serialization: []
INFO: Model-specific token/key for delegate serialization.: []
INFO: External delegate path: []
INFO: External delegate options: []
INFO: Use gpu: [0]
INFO: Allow lower precision in gpu: [1]
INFO: Enable running quant models in gpu: [1]
INFO: Prefer maximizing the throughput in gpu: [0]
INFO: GPU backend: []
INFO: Use Hexagon: [0]
INFO: Hexagon lib path: [/data/local/tmp]
INFO: Hexagon profiling: [0]
INFO: Use NNAPI: [0]
INFO: Use xnnpack: [0]
INFO: xnnpack_force_fp16: [0]
INFO: xnnpack_weight_cache_file_path: []
INFO: Use Slinky: [0]
INFO: Loaded model /data/local/tmp/rvm_benchmark/rvm_resnet50_720x1280_ds_auto.tflite
INFO: Initialized TensorFlow Lite runtime.
INFO: Created TensorFlow Lite XNNPACK delegate for CPU.
VERBOSE: Replacing 204 out of 212 node(s) with delegate (TfLiteXNNPackDelegate) node, yielding 7 partitions for subgraph 0.
VERBOSE: Replacing 1 out of 1 node(s) with delegate (TfLiteXNNPackDelegate) node, yielding 1 partitions for subgraph 1.
VERBOSE: Replacing 1 out of 1 node(s) with delegate (TfLiteXNNPackDelegate) node, yielding 1 partitions for subgraph 2.
VERBOSE: Replacing 1 out of 1 node(s) with delegate (TfLiteXNNPackDelegate) node, yielding 1 partitions for subgraph 3.
VERBOSE: Replacing 1 out of 1 node(s) with delegate (TfLiteXNNPackDelegate) node, yielding 1 partitions for subgraph 4.
INFO: The input model file size (MB): 107.874
INFO: Initialized session in 343.715ms.
INFO: Running benchmark for at least 1 iterations and at least 0.5 seconds but terminate if exceeding 150 seconds.
INFO: count=1 curr=874264 p5=874264 median=874264 p95=874264

INFO: Running benchmark for at least 50 iterations and at least 1 seconds but terminate if exceeding 150 seconds.
INFO: count=50 first=802085 curr=1201568 min=718603 max=1201568 avg=931485 std=173413 p5=736882 median=956406 p95=1188370

INFO: Inference timings in us: Init: 343715, First inference: 874264, Warmup (avg): 874264, Inference (avg): 931485
INFO: Note: as the benchmark tool itself affects memory footprint, the following is only APPROXIMATE to the actual memory footprint of the model at runtime. Take the information at your discretion.
INFO: Memory footprint delta from the start of the tool (MB): init=427.559 overall=512.465
INFO: Profiling Info for Benchmark Initialization:
Primary graph (name: main) profile:
============================== Run Order ==============================
	                             [node type]	  [first]	 [avg ms]	     [%]	  [cdf%]	  [mem KB]	[times called]	[Name]
	                         AllocateTensors	  181.479	  181.479	 58.505%	 58.505%	222588.000	        1	AllocateTensors/0
	                 ModifyGraphWithDelegate	  128.716	  128.716	 41.495%	100.000%	209964.000	        1	ModifyGraphWithDelegate/0

============================== Top by Computation Time ==============================
	                             [node type]	  [first]	 [avg ms]	     [%]	  [cdf%]	  [mem KB]	[times called]	[Name]
	                         AllocateTensors	  181.479	  181.479	 58.505%	 58.505%	222588.000	        1	AllocateTensors/0
	                 ModifyGraphWithDelegate	  128.716	  128.716	 41.495%	100.000%	209964.000	        1	ModifyGraphWithDelegate/0

Number of nodes executed: 2
============================== Summary by node type ==============================
	                             [Node type]	  [count]	  [avg ms]	    [avg %]	    [cdf %]	  [mem KB]	[times called]
	                         AllocateTensors	        1	   181.479	    58.505%	    58.505%	222588.000	        1
	                 ModifyGraphWithDelegate	        1	   128.716	    41.495%	   100.000%	209964.000	        1

Timings (microseconds): count=1 curr=310195
Memory (bytes): count=0
2 nodes observed

Subgraph (index: 1, name: STABLEHLO_REDUCE_WINDOW1) profile:
============================== Run Order ==============================
	                             [node type]	  [first]	 [avg ms]	     [%]	  [cdf%]	  [mem KB]	[times called]	[Name]
	                 ModifyGraphWithDelegate	    0.157	    0.157	100.000%	100.000%	     0.000	        1	ModifyGraphWithDelegate/1

============================== Top by Computation Time ==============================
	                             [node type]	  [first]	 [avg ms]	     [%]	  [cdf%]	  [mem KB]	[times called]	[Name]
	                 ModifyGraphWithDelegate	    0.157	    0.157	100.000%	100.000%	     0.000	        1	ModifyGraphWithDelegate/1

Number of nodes executed: 1
============================== Summary by node type ==============================
	                             [Node type]	  [count]	  [avg ms]	    [avg %]	    [cdf %]	  [mem KB]	[times called]
	                 ModifyGraphWithDelegate	        1	     0.157	   100.000%	   100.000%	     0.000	        1

Subgraph (index: 1, name: STABLEHLO_REDUCE_WINDOW1) Timings (microseconds): count=1 curr=157
Memory (bytes): count=0
1 nodes observed

Subgraph (index: 2, name: STABLEHLO_REDUCE_WINDOW2) profile:
============================== Run Order ==============================
	                             [node type]	  [first]	 [avg ms]	     [%]	  [cdf%]	  [mem KB]	[times called]	[Name]
	                 ModifyGraphWithDelegate	    0.032	    0.032	100.000%	100.000%	     0.000	        1	ModifyGraphWithDelegate/2

============================== Top by Computation Time ==============================
	                             [node type]	  [first]	 [avg ms]	     [%]	  [cdf%]	  [mem KB]	[times called]	[Name]
	                 ModifyGraphWithDelegate	    0.032	    0.032	100.000%	100.000%	     0.000	        1	ModifyGraphWithDelegate/2

Number of nodes executed: 1
============================== Summary by node type ==============================
	                             [Node type]	  [count]	  [avg ms]	    [avg %]	    [cdf %]	  [mem KB]	[times called]
	                 ModifyGraphWithDelegate	        1	     0.032	   100.000%	   100.000%	     0.000	        1

Subgraph (index: 2, name: STABLEHLO_REDUCE_WINDOW2) Timings (microseconds): count=1 curr=32
Memory (bytes): count=0
1 nodes observed

Subgraph (index: 3, name: STABLEHLO_REDUCE_WINDOW3) profile:
============================== Run Order ==============================
	                             [node type]	  [first]	 [avg ms]	     [%]	  [cdf%]	  [mem KB]	[times called]	[Name]
	                 ModifyGraphWithDelegate	    0.029	    0.029	100.000%	100.000%	     0.000	        1	ModifyGraphWithDelegate/3

============================== Top by Computation Time ==============================
	                             [node type]	  [first]	 [avg ms]	     [%]	  [cdf%]	  [mem KB]	[times called]	[Name]
	                 ModifyGraphWithDelegate	    0.029	    0.029	100.000%	100.000%	     0.000	        1	ModifyGraphWithDelegate/3

Number of nodes executed: 1
============================== Summary by node type ==============================
	                             [Node type]	  [count]	  [avg ms]	    [avg %]	    [cdf %]	  [mem KB]	[times called]
	                 ModifyGraphWithDelegate	        1	     0.029	   100.000%	   100.000%	     0.000	        1

Subgraph (index: 3, name: STABLEHLO_REDUCE_WINDOW3) Timings (microseconds): count=1 curr=29
Memory (bytes): count=0
1 nodes observed

Subgraph (index: 4, name: STABLEHLO_REDUCE_WINDOW4) profile:
============================== Run Order ==============================
	                             [node type]	  [first]	 [avg ms]	     [%]	  [cdf%]	  [mem KB]	[times called]	[Name]
	                 ModifyGraphWithDelegate	    0.027	    0.027	100.000%	100.000%	     0.000	        1	ModifyGraphWithDelegate/4

============================== Top by Computation Time ==============================
	                             [node type]	  [first]	 [avg ms]	     [%]	  [cdf%]	  [mem KB]	[times called]	[Name]
	                 ModifyGraphWithDelegate	    0.027	    0.027	100.000%	100.000%	     0.000	        1	ModifyGraphWithDelegate/4

Number of nodes executed: 1
============================== Summary by node type ==============================
	                             [Node type]	  [count]	  [avg ms]	    [avg %]	    [cdf %]	  [mem KB]	[times called]
	                 ModifyGraphWithDelegate	        1	     0.027	   100.000%	   100.000%	     0.000	        1

Subgraph (index: 4, name: STABLEHLO_REDUCE_WINDOW4) Timings (microseconds): count=1 curr=27
Memory (bytes): count=0
1 nodes observed



INFO: Operator-wise Profiling Info for Regular Benchmark Runs:
============================== Run Order ==============================
	                             [node type]	  [first]	 [avg ms]	     [%]	  [cdf%]	  [mem KB]	[times called]	[Name]
	                 Binary Elementwise (ND)	    3.954	    2.525	  0.542%	  0.542%	     0.000	        2	Delegate/Binary Elementwise (ND):0
	             Resize Bilinear (NHWC, F32)	    1.841	    2.865	  0.308%	  0.850%	     0.000	        1	Delegate/Resize Bilinear (NHWC, F32):1
	           Convolution (NHWC, F32) IGEMM	    6.425	    6.623	  1.423%	  2.273%	     0.000	        2	Delegate/Convolution (NHWC, F32) IGEMM:2
	Average Pooling (NHWC, F32) Average Pooling	    1.118	    1.068	  0.115%	  2.388%	     0.000	        1	Delegate/Average Pooling (NHWC, F32) Average Pooling:3
	           Transpose (ND, X32) Transpose	    1.065	    1.049	  0.113%	  2.500%	     0.000	        1	Delegate/Transpose (ND, X32) Transpose:4
	           Transpose (ND, X32) Transpose	    2.243	    1.162	  0.125%	  2.625%	     0.000	        1	Delegate/Transpose (ND, X32) Transpose:5
	           Transpose (ND, X32) Transpose	    7.189	    1.527	  0.164%	  2.789%	     0.000	        1	Delegate/Transpose (ND, X32) Transpose:6
	           Transpose (ND, X32) Transpose	    0.838	    1.647	  0.177%	  2.966%	     0.000	        1	Delegate/Transpose (ND, X32) Transpose:7
	                           Sum (ND) Mean	   31.859	   17.002	  1.826%	  4.792%	     0.000	        1	Delegate/Sum (ND) Mean:8
	                 Binary Elementwise (ND)	    0.658	    1.225	  0.132%	  4.924%	     0.000	        1	Delegate/Binary Elementwise (ND):9
	                          Copy (NC, X32)	    0.001	    0.001	  0.000%	  4.924%	     0.000	        1	Delegate/Copy (NC, X32):10
	                          Copy (NC, X32)	   66.794	   43.927	  4.718%	  9.642%	     0.000	        1	Delegate/Copy (NC, X32):11
	                           Sum (ND) Mean	    4.453	    4.540	  0.488%	 10.130%	     0.000	        1	Delegate/Sum (ND) Mean:12
	                 Binary Elementwise (ND)	    0.551	    0.894	  0.096%	 10.226%	     0.000	        1	Delegate/Binary Elementwise (ND):13
	                          Copy (NC, X32)	    0.001	    0.001	  0.000%	 10.226%	     0.000	        1	Delegate/Copy (NC, X32):14
	                          Copy (NC, X32)	   17.629	   13.977	  1.501%	 11.728%	     0.000	        1	Delegate/Copy (NC, X32):15
	          Convolution (NHWC, F32) DWConv	    1.471	    1.668	  0.179%	 11.907%	     0.000	        1	Delegate/Convolution (NHWC, F32) DWConv:16
	                 Binary Elementwise (ND)	    0.667	    1.156	  0.248%	 12.155%	     0.000	        2	Delegate/Binary Elementwise (ND):17
	          Convolution (NHWC, F32) DWConv	    0.927	    1.957	  0.210%	 12.365%	     0.000	        1	Delegate/Convolution (NHWC, F32) DWConv:18
	                 Binary Elementwise (ND)	    1.259	    1.111	  0.239%	 12.604%	     0.000	        2	Delegate/Binary Elementwise (ND):19
	                 Binary Elementwise (ND)	    0.205	    0.533	  0.057%	 12.661%	     0.000	        1	Delegate/Binary Elementwise (ND):20
	                                   PADV2	    0.869	    2.015	  0.216%	 12.877%	     0.000	        1	[wrapper.RVMWrapper/RobustVideoMatting.model.model.MattingNetwork_model/RobustVideoMatting.model.resnet.ResNet50Encoder_backbone/torch.nn.modules.pooling.MaxPool2d_maxpool;1]:4
	                 STABLEHLO_REDUCE_WINDOW	    0.825	    1.088	  0.117%	 12.994%	     0.000	        1	[wrapper.RVMWrapper/RobustVideoMatting.model.model.MattingNetwork_model/RobustVideoMatting.model.decoder.RecurrentDecoder_decoder/RobustVideoMatting.model.decoder.AvgPool_avgpool/torch.nn.modules.pooling.AvgPool2d_avgpool;3]:86
	                 STABLEHLO_REDUCE_WINDOW	    0.306	    0.384	  0.041%	 13.036%	     0.000	        1	[wrapper.RVMWrapper/RobustVideoMatting.model.model.MattingNetwork_model/RobustVideoMatting.model.decoder.RecurrentDecoder_decoder/RobustVideoMatting.model.decoder.AvgPool_avgpool/torch.nn.modules.pooling.AvgPool2d_avgpool;5]:87
	                 STABLEHLO_REDUCE_WINDOW	    0.077	    0.099	  0.011%	 13.046%	     0.000	        1	[wrapper.RVMWrapper/RobustVideoMatting.model.model.MattingNetwork_model/RobustVideoMatting.model.decoder.RecurrentDecoder_decoder/RobustVideoMatting.model.decoder.AvgPool_avgpool/torch.nn.modules.pooling.AvgPool2d_avgpool;10]:90
	                 Max Pooling (NHWC, F32)	    1.630	    2.540	  0.273%	 13.319%	     0.000	        1	Delegate/Max Pooling (NHWC, F32):0
	          Fully Connected (NC, F32) GEMM	    1.146	    1.555	  0.334%	 13.653%	     0.000	        2	Delegate/Fully Connected (NC, F32) GEMM:1
	          Fully Connected (NC, F32) GEMM	    2.557	    4.270	  0.459%	 14.112%	     0.000	        1	Delegate/Fully Connected (NC, F32) GEMM:3
	          Fully Connected (NC, F32) GEMM	    3.171	    4.317	  0.464%	 14.576%	     0.000	        1	Delegate/Fully Connected (NC, F32) GEMM:4
	                 Binary Elementwise (ND)	    1.301	    3.204	  0.344%	 14.920%	     0.000	        1	Delegate/Binary Elementwise (ND):5
	                  Unary Elementwise (NC)	    1.764	    2.884	  0.310%	 15.230%	     0.000	        1	Delegate/Unary Elementwise (NC):6
	          Fully Connected (NC, F32) GEMM	    3.219	    4.685	  0.503%	 15.733%	     0.000	        1	Delegate/Fully Connected (NC, F32) GEMM:7
	           Convolution (NHWC, F32) IGEMM	    4.462	    5.515	  1.185%	 16.918%	     0.000	        2	Delegate/Convolution (NHWC, F32) IGEMM:8
	          Fully Connected (NC, F32) GEMM	    3.028	    4.266	  0.458%	 17.376%	     0.000	        1	Delegate/Fully Connected (NC, F32) GEMM:9
	                 Binary Elementwise (ND)	    1.090	    2.847	  0.306%	 17.682%	     0.000	        1	Delegate/Binary Elementwise (ND):10
	                  Unary Elementwise (NC)	    1.863	    2.996	  0.322%	 18.003%	     0.000	        1	Delegate/Unary Elementwise (NC):11
	          Fully Connected (NC, F32) GEMM	    3.269	    4.734	  0.508%	 18.512%	     0.000	        1	Delegate/Fully Connected (NC, F32) GEMM:12
	           Convolution (NHWC, F32) IGEMM	    5.148	    5.397	  0.580%	 19.092%	     0.000	        1	Delegate/Convolution (NHWC, F32) IGEMM:13
	          Fully Connected (NC, F32) GEMM	    3.112	    4.264	  0.458%	 19.550%	     0.000	        1	Delegate/Fully Connected (NC, F32) GEMM:14
	                 Binary Elementwise (ND)	    1.710	    2.790	  0.300%	 19.849%	     0.000	        1	Delegate/Binary Elementwise (ND):15
	                  Unary Elementwise (NC)	    1.848	    2.960	  0.318%	 20.167%	     0.000	        1	Delegate/Unary Elementwise (NC):16
	          Fully Connected (NC, F32) GEMM	    5.116	    7.377	  0.792%	 20.960%	     0.000	        1	Delegate/Fully Connected (NC, F32) GEMM:17
	           Convolution (NHWC, F32) IGEMM	    4.775	    5.494	  0.590%	 21.550%	     0.000	        1	Delegate/Convolution (NHWC, F32) IGEMM:18
	          Fully Connected (NC, F32) GEMM	    2.832	    3.120	  0.335%	 21.885%	     0.000	        1	Delegate/Fully Connected (NC, F32) GEMM:19
	           Convolution (NHWC, F32) IGEMM	    4.505	    5.023	  0.540%	 22.424%	     0.000	        1	Delegate/Convolution (NHWC, F32) IGEMM:20
	                 Binary Elementwise (ND)	    1.211	    1.638	  0.176%	 22.600%	     0.000	        1	Delegate/Binary Elementwise (ND):21
	                  Unary Elementwise (NC)	    0.784	    1.631	  0.175%	 22.776%	     0.000	        1	Delegate/Unary Elementwise (NC):22
	          Fully Connected (NC, F32) GEMM	    2.664	    3.992	  0.429%	 23.204%	     0.000	        1	Delegate/Fully Connected (NC, F32) GEMM:23
	           Convolution (NHWC, F32) IGEMM	    5.148	    5.380	  0.578%	 23.782%	     0.000	        1	Delegate/Convolution (NHWC, F32) IGEMM:24
	          Fully Connected (NC, F32) GEMM	    3.586	    3.058	  0.328%	 24.111%	     0.000	        1	Delegate/Fully Connected (NC, F32) GEMM:25
	                 Binary Elementwise (ND)	    1.359	    1.602	  0.172%	 24.283%	     0.000	        1	Delegate/Binary Elementwise (ND):26
	                  Unary Elementwise (NC)	    1.323	    1.351	  0.290%	 24.573%	     0.000	        2	Delegate/Unary Elementwise (NC):27
	          Fully Connected (NC, F32) GEMM	    3.029	    3.803	  0.409%	 24.982%	     0.000	        1	Delegate/Fully Connected (NC, F32) GEMM:28
	           Convolution (NHWC, F32) IGEMM	    4.665	    5.356	  0.575%	 25.557%	     0.000	        1	Delegate/Convolution (NHWC, F32) IGEMM:29
	          Fully Connected (NC, F32) GEMM	    2.786	    3.063	  0.329%	 25.886%	     0.000	        1	Delegate/Fully Connected (NC, F32) GEMM:30
	                 Binary Elementwise (ND)	    0.786	    1.513	  0.162%	 26.048%	     0.000	        1	Delegate/Binary Elementwise (ND):31
	                  Unary Elementwise (NC)	    1.434	    1.663	  0.179%	 26.227%	     0.000	        1	Delegate/Unary Elementwise (NC):32
	          Fully Connected (NC, F32) GEMM	    2.649	    3.718	  0.399%	 26.626%	     0.000	        1	Delegate/Fully Connected (NC, F32) GEMM:33
	           Convolution (NHWC, F32) IGEMM	    5.015	    5.281	  0.567%	 27.194%	     0.000	        1	Delegate/Convolution (NHWC, F32) IGEMM:34
	          Fully Connected (NC, F32) GEMM	    3.086	    3.144	  0.338%	 27.531%	     0.000	        1	Delegate/Fully Connected (NC, F32) GEMM:35
	                 Binary Elementwise (ND)	    1.360	    1.238	  0.266%	 27.797%	     0.000	        2	Delegate/Binary Elementwise (ND):36
	                  Unary Elementwise (NC)	    1.491	    1.530	  0.164%	 27.962%	     0.000	        1	Delegate/Unary Elementwise (NC):37
	          Fully Connected (NC, F32) GEMM	    5.984	    6.297	  0.676%	 28.638%	     0.000	        1	Delegate/Fully Connected (NC, F32) GEMM:38
	           Convolution (NHWC, F32) IGEMM	    4.723	    5.770	  0.620%	 29.258%	     0.000	        1	Delegate/Convolution (NHWC, F32) IGEMM:39
	          Fully Connected (NC, F32) GEMM	    3.041	    3.029	  0.325%	 29.583%	     0.000	        1	Delegate/Fully Connected (NC, F32) GEMM:40
	           Convolution (NHWC, F32) IGEMM	    4.755	    5.108	  0.549%	 30.132%	     0.000	        1	Delegate/Convolution (NHWC, F32) IGEMM:41
	                 Binary Elementwise (ND)	    1.217	    1.151	  0.124%	 30.255%	     0.000	        1	Delegate/Binary Elementwise (ND):42
	                  Unary Elementwise (NC)	    1.256	    1.106	  0.119%	 30.374%	     0.000	        1	Delegate/Unary Elementwise (NC):43
	          Fully Connected (NC, F32) GEMM	    3.088	    3.102	  0.333%	 30.707%	     0.000	        1	Delegate/Fully Connected (NC, F32) GEMM:44
	           Convolution (NHWC, F32) IGEMM	    4.898	    5.394	  1.159%	 31.866%	     0.000	        2	Delegate/Convolution (NHWC, F32) IGEMM:45
	          Fully Connected (NC, F32) GEMM	    2.562	    3.012	  0.324%	 32.190%	     0.000	        1	Delegate/Fully Connected (NC, F32) GEMM:46
	                 Binary Elementwise (ND)	    0.600	    1.132	  0.122%	 32.311%	     0.000	        1	Delegate/Binary Elementwise (ND):47
	                  Unary Elementwise (NC)	    0.595	    1.037	  0.111%	 32.423%	     0.000	        1	Delegate/Unary Elementwise (NC):48
	          Fully Connected (NC, F32) GEMM	    2.853	    2.995	  0.322%	 32.745%	     0.000	        1	Delegate/Fully Connected (NC, F32) GEMM:49
	           Convolution (NHWC, F32) IGEMM	    5.144	    5.570	  0.598%	 33.343%	     0.000	        1	Delegate/Convolution (NHWC, F32) IGEMM:50
	          Fully Connected (NC, F32) GEMM	    3.582	    3.068	  0.329%	 33.672%	     0.000	        1	Delegate/Fully Connected (NC, F32) GEMM:51
	                 Binary Elementwise (ND)	    1.187	    1.114	  0.120%	 33.792%	     0.000	        1	Delegate/Binary Elementwise (ND):52
	                  Unary Elementwise (NC)	    1.128	    1.129	  0.121%	 33.913%	     0.000	        1	Delegate/Unary Elementwise (NC):53
	          Fully Connected (NC, F32) GEMM	    3.003	    3.049	  0.328%	 34.241%	     0.000	        1	Delegate/Fully Connected (NC, F32) GEMM:54
	           Convolution (NHWC, F32) IGEMM	    4.963	    5.471	  0.588%	 34.829%	     0.000	        1	Delegate/Convolution (NHWC, F32) IGEMM:55
	          Fully Connected (NC, F32) GEMM	    3.022	    3.240	  0.348%	 35.177%	     0.000	        1	Delegate/Fully Connected (NC, F32) GEMM:56
	                 Binary Elementwise (ND)	    1.269	    1.216	  0.131%	 35.307%	     0.000	        1	Delegate/Binary Elementwise (ND):57
	                  Unary Elementwise (NC)	    1.111	    1.188	  0.128%	 35.435%	     0.000	        1	Delegate/Unary Elementwise (NC):58
	          Fully Connected (NC, F32) GEMM	    2.859	    3.102	  0.333%	 35.768%	     0.000	        1	Delegate/Fully Connected (NC, F32) GEMM:59
	           Convolution (NHWC, F32) IGEMM	    4.691	    5.614	  0.603%	 36.371%	     0.000	        1	Delegate/Convolution (NHWC, F32) IGEMM:60
	          Fully Connected (NC, F32) GEMM	    2.860	    2.969	  0.319%	 36.690%	     0.000	        1	Delegate/Fully Connected (NC, F32) GEMM:61
	                 Binary Elementwise (ND)	    1.086	    1.069	  0.115%	 36.805%	     0.000	        1	Delegate/Binary Elementwise (ND):62
	                  Unary Elementwise (NC)	    1.097	    1.211	  0.130%	 36.935%	     0.000	        1	Delegate/Unary Elementwise (NC):63
	          Fully Connected (NC, F32) GEMM	    2.843	    3.060	  0.329%	 37.264%	     0.000	        1	Delegate/Fully Connected (NC, F32) GEMM:64
	           Convolution (NHWC, F32) IGEMM	    5.136	    5.526	  0.594%	 37.857%	     0.000	        1	Delegate/Convolution (NHWC, F32) IGEMM:65
	          Fully Connected (NC, F32) GEMM	    3.497	    3.061	  0.329%	 38.186%	     0.000	        1	Delegate/Fully Connected (NC, F32) GEMM:66
	                 Binary Elementwise (ND)	    0.646	    1.136	  0.122%	 38.308%	     0.000	        1	Delegate/Binary Elementwise (ND):67
	                  Unary Elementwise (NC)	    0.693	    1.181	  0.127%	 38.435%	     0.000	        1	Delegate/Unary Elementwise (NC):68
	          Fully Connected (NC, F32) GEMM	    4.632	    5.260	  0.565%	 39.000%	     0.000	        1	Delegate/Fully Connected (NC, F32) GEMM:69
	           Convolution (NHWC, F32) IGEMM	   19.478	   18.304	  3.932%	 42.932%	     0.000	        2	Delegate/Convolution (NHWC, F32) IGEMM:70
	          Fully Connected (NC, F32) GEMM	    9.102	   10.241	  1.100%	 44.032%	     0.000	        1	Delegate/Fully Connected (NC, F32) GEMM:71
	          Fully Connected (NC, F32) GEMM	   15.417	   17.487	  1.878%	 45.910%	     0.000	        1	Delegate/Fully Connected (NC, F32) GEMM:72
	                 Binary Elementwise (ND)	    1.396	    1.453	  0.312%	 46.223%	     0.000	        2	Delegate/Binary Elementwise (ND):73
	                  Unary Elementwise (NC)	    1.328	    1.612	  0.173%	 46.396%	     0.000	        1	Delegate/Unary Elementwise (NC):74
	          Fully Connected (NC, F32) GEMM	    9.014	    9.994	  1.073%	 47.469%	     0.000	        1	Delegate/Fully Connected (NC, F32) GEMM:75
	           Convolution (NHWC, F32) IGEMM	   21.193	   30.189	  3.243%	 50.712%	     0.000	        1	Delegate/Convolution (NHWC, F32) IGEMM:76
	          Fully Connected (NC, F32) GEMM	    8.681	    9.780	  1.051%	 51.762%	     0.000	        1	Delegate/Fully Connected (NC, F32) GEMM:77
	                 Binary Elementwise (ND)	    0.799	    1.446	  0.155%	 51.918%	     0.000	        1	Delegate/Binary Elementwise (ND):78
	                  Unary Elementwise (NC)	    0.871	    1.794	  0.193%	 52.110%	     0.000	        1	Delegate/Unary Elementwise (NC):79
	          Fully Connected (NC, F32) GEMM	    8.073	    9.775	  1.050%	 53.160%	     0.000	        1	Delegate/Fully Connected (NC, F32) GEMM:80
	           Convolution (NHWC, F32) IGEMM	   19.139	   17.615	  3.784%	 56.945%	     0.000	        2	Delegate/Convolution (NHWC, F32) IGEMM:81
	          Fully Connected (NC, F32) GEMM	    8.249	    6.461	  1.388%	 58.333%	     0.000	        2	Delegate/Fully Connected (NC, F32) GEMM:82
	                 Binary Elementwise (ND)	    1.246	    1.425	  0.153%	 58.486%	     0.000	        1	Delegate/Binary Elementwise (ND):83
	                  Unary Elementwise (NC)	    1.273	    1.436	  0.154%	 58.640%	     0.000	        1	Delegate/Unary Elementwise (NC):84
	          Fully Connected (NC, F32) GEMM	    4.953	    5.352	  0.575%	 59.215%	     0.000	        1	Delegate/Fully Connected (NC, F32) GEMM:85
	                             RELU_0_TO_1	    0.337	    0.729	  0.078%	 59.293%	     0.000	        1	[serving_default_output_1_output]:206
	                             RELU_0_TO_1	    1.109	    2.382	  0.256%	 59.549%	     0.000	        1	[wrapper.RVMWrapper/RobustVideoMatting.model.model.MattingNetwork_model;2]:205
	           Transpose (ND, X32) Transpose	    0.045	    0.197	  0.021%	 59.570%	     0.000	        1	Delegate/Transpose (ND, X32) Transpose:104
	           Transpose (ND, X32) Transpose	    1.113	    1.143	  0.123%	 59.693%	     0.000	        1	Delegate/Transpose (ND, X32) Transpose:103
	                           Sum (ND) Mean	    0.552	    1.076	  0.116%	 59.808%	     0.000	        1	Delegate/Sum (ND) Mean:86
	                 Binary Elementwise (ND)	    1.052	    1.198	  0.257%	 60.066%	     0.000	        2	Delegate/Binary Elementwise (ND):87
	                          Copy (NC, X32)	    0.572	   12.484	  2.682%	 62.748%	     0.000	        2	Delegate/Copy (NC, X32):88
	                 Binary Elementwise (ND)	    0.736	    0.498	  0.053%	 62.801%	     0.000	        1	Delegate/Binary Elementwise (ND):89
	                               GATHER_ND	    0.025	    0.029	  0.003%	 62.804%	     0.000	        1	[wrapper.RVMWrapper/RobustVideoMatting.model.model.MattingNetwork_model/RobustVideoMatting.model.lraspp.LRASPP_aspp/torch.nn.modules.container.Sequential_aspp2/torch.nn.modules.pooling.AdaptiveAvgPool2d_0;7]:80
	                 STABLEHLO_REDUCE_WINDOW	    0.278	    0.305	  0.033%	 62.837%	     0.000	        1	[wrapper.RVMWrapper/RobustVideoMatting.model.model.MattingNetwork_model/RobustVideoMatting.model.decoder.RecurrentDecoder_decoder/RobustVideoMatting.model.decoder.AvgPool_avgpool/torch.nn.modules.pooling.AvgPool2d_avgpool;8]:89
	                          Copy (NC, X32)	    1.068	    1.158	  0.124%	 62.962%	     0.000	        1	Delegate/Copy (NC, X32):0
	                  Unary Elementwise (NC)	    0.002	    0.004	  0.000%	 62.962%	     0.000	        1	Delegate/Unary Elementwise (NC):2
	                 Binary Elementwise (ND)	    1.193	    1.167	  0.125%	 63.087%	     0.000	        1	Delegate/Binary Elementwise (ND):3
	                 Binary Elementwise (ND)	    1.130	    1.207	  0.130%	 63.217%	     0.000	        1	Delegate/Binary Elementwise (ND):4
	                         Slice (ND, X32)	    1.129	    1.095	  0.118%	 63.335%	     0.000	        1	Delegate/Slice (ND, X32):5
	                         Slice (ND, X32)	    1.126	    1.062	  0.114%	 63.449%	     0.000	        1	Delegate/Slice (ND, X32):6
	                          Copy (NC, X32)	    2.143	    2.084	  0.224%	 63.673%	     0.000	        1	Delegate/Copy (NC, X32):7
	                  Unary Elementwise (NC)	    1.130	    0.939	  0.101%	 63.773%	     0.000	        1	Delegate/Unary Elementwise (NC):9
	                         Slice (ND, X32)	    0.625	    0.928	  0.100%	 63.873%	     0.000	        1	Delegate/Slice (ND, X32):10
	                         Slice (ND, X32)	    0.560	    0.843	  0.091%	 63.964%	     0.000	        1	Delegate/Slice (ND, X32):11
	                 Binary Elementwise (ND)	    0.543	    1.007	  0.108%	 64.072%	     0.000	        1	Delegate/Binary Elementwise (ND):12
	                          Copy (NC, X32)	    1.619	    1.954	  0.210%	 64.282%	     0.000	        1	Delegate/Copy (NC, X32):13
	           Convolution (NHWC, F32) IGEMM	    2.699	    3.194	  0.343%	 64.625%	     0.000	        1	Delegate/Convolution (NHWC, F32) IGEMM:14
	                  Unary Elementwise (NC)	    1.038	    1.063	  0.114%	 64.739%	     0.000	        1	Delegate/Unary Elementwise (NC):15
	                 Binary Elementwise (ND)	    1.046	    0.993	  0.107%	 64.846%	     0.000	        1	Delegate/Binary Elementwise (ND):16
	                 Binary Elementwise (ND)	    1.568	    1.005	  0.108%	 64.954%	     0.000	        1	Delegate/Binary Elementwise (ND):18
	                          Copy (NC, X32)	    2.148	    2.108	  0.226%	 65.180%	     0.000	        1	Delegate/Copy (NC, X32):20
	             Resize Bilinear (NHWC, F32)	    1.108	    1.133	  0.122%	 65.302%	     0.000	        1	Delegate/Resize Bilinear (NHWC, F32):21
	                          Copy (NC, X32)	    3.934	    4.342	  0.466%	 65.768%	     0.000	        1	Delegate/Copy (NC, X32):22
	           Convolution (NHWC, F32) IGEMM	   25.261	   28.750	  3.088%	 68.856%	     0.000	        1	Delegate/Convolution (NHWC, F32) IGEMM:23
	                         Slice (ND, X32)	    1.119	    1.093	  0.117%	 68.974%	     0.000	        1	Delegate/Slice (ND, X32):24
	                          Copy (NC, X32)	    2.295	    2.189	  0.235%	 69.209%	     0.000	        1	Delegate/Copy (NC, X32):25
	           Convolution (NHWC, F32) IGEMM	    5.029	    5.405	  0.581%	 69.789%	     0.000	        1	Delegate/Convolution (NHWC, F32) IGEMM:26
	                         Slice (ND, X32)	    0.672	    1.168	  0.125%	 69.915%	     0.000	        1	Delegate/Slice (ND, X32):28
	                         Slice (ND, X32)	    0.766	    1.056	  0.113%	 70.028%	     0.000	        1	Delegate/Slice (ND, X32):29
	                 Binary Elementwise (ND)	    0.525	    1.048	  0.113%	 70.141%	     0.000	        1	Delegate/Binary Elementwise (ND):30
	                          Copy (NC, X32)	    1.435	    2.295	  0.246%	 70.388%	     0.000	        1	Delegate/Copy (NC, X32):31
	           Convolution (NHWC, F32) IGEMM	    3.006	    3.257	  0.350%	 70.737%	     0.000	        1	Delegate/Convolution (NHWC, F32) IGEMM:32
	                  Unary Elementwise (NC)	    0.622	    0.948	  0.102%	 70.839%	     0.000	        1	Delegate/Unary Elementwise (NC):33
	                 Binary Elementwise (ND)	    1.034	    1.092	  0.117%	 70.956%	     0.000	        1	Delegate/Binary Elementwise (ND):34
	                 Binary Elementwise (ND)	    1.037	    1.013	  0.109%	 71.065%	     0.000	        1	Delegate/Binary Elementwise (ND):35
	                 Binary Elementwise (ND)	    0.587	    1.021	  0.110%	 71.175%	     0.000	        1	Delegate/Binary Elementwise (ND):37
	                         Slice (ND, X32)	    1.189	    1.187	  0.127%	 71.302%	     0.000	        1	Delegate/Slice (ND, X32):38
	                          Copy (NC, X32)	    3.193	    2.385	  0.256%	 71.559%	     0.000	        1	Delegate/Copy (NC, X32):39
	             Resize Bilinear (NHWC, F32)	    0.787	    1.334	  0.143%	 71.702%	     0.000	        1	Delegate/Resize Bilinear (NHWC, F32):40
	                          Copy (NC, X32)	    5.245	    7.644	  0.821%	 72.523%	     0.000	        1	Delegate/Copy (NC, X32):41
	           Convolution (NHWC, F32) IGEMM	   25.456	   27.664	  2.972%	 75.495%	     0.000	        1	Delegate/Convolution (NHWC, F32) IGEMM:42
	                         Slice (ND, X32)	    1.863	    1.444	  0.155%	 75.650%	     0.000	        1	Delegate/Slice (ND, X32):43
	                          Copy (NC, X32)	    3.769	    3.217	  0.346%	 75.995%	     0.000	        1	Delegate/Copy (NC, X32):44
	                  Unary Elementwise (NC)	    0.896	    1.103	  0.119%	 76.114%	     0.000	        1	Delegate/Unary Elementwise (NC):46
	                         Slice (ND, X32)	    1.392	    1.436	  0.154%	 76.268%	     0.000	        1	Delegate/Slice (ND, X32):47
	                         Slice (ND, X32)	    2.021	    1.578	  0.169%	 76.438%	     0.000	        1	Delegate/Slice (ND, X32):48
	                 Binary Elementwise (ND)	    0.584	    1.071	  0.115%	 76.553%	     0.000	        1	Delegate/Binary Elementwise (ND):49
	                          Copy (NC, X32)	    3.506	    3.300	  0.354%	 76.907%	     0.000	        1	Delegate/Copy (NC, X32):50
	           Convolution (NHWC, F32) IGEMM	    3.028	    3.183	  0.342%	 77.249%	     0.000	        1	Delegate/Convolution (NHWC, F32) IGEMM:51
	                  Unary Elementwise (NC)	    0.708	    0.992	  0.107%	 77.356%	     0.000	        1	Delegate/Unary Elementwise (NC):52
	                 Binary Elementwise (ND)	    1.068	    0.974	  0.105%	 77.460%	     0.000	        1	Delegate/Binary Elementwise (ND):53
	                 Binary Elementwise (ND)	    1.082	    1.142	  0.123%	 77.583%	     0.000	        1	Delegate/Binary Elementwise (ND):54
	                 Binary Elementwise (ND)	    1.055	    1.142	  0.123%	 77.705%	     0.000	        1	Delegate/Binary Elementwise (ND):55
	                 Binary Elementwise (ND)	    1.053	    1.082	  0.116%	 77.822%	     0.000	        1	Delegate/Binary Elementwise (ND):56
	                         Slice (ND, X32)	    1.181	    1.635	  0.176%	 77.997%	     0.000	        1	Delegate/Slice (ND, X32):57
	                          Copy (NC, X32)	    3.412	    3.331	  0.358%	 78.355%	     0.000	        1	Delegate/Copy (NC, X32):58
	             Resize Bilinear (NHWC, F32)	    1.672	    2.089	  0.224%	 78.580%	     0.000	        1	Delegate/Resize Bilinear (NHWC, F32):59
	                          Copy (NC, X32)	    9.538	   14.689	  1.578%	 80.157%	     0.000	        1	Delegate/Copy (NC, X32):60
	           Convolution (NHWC, F32) IGEMM	   17.198	   20.685	  2.222%	 82.379%	     0.000	        1	Delegate/Convolution (NHWC, F32) IGEMM:61
	                         Slice (ND, X32)	    2.010	    3.382	  0.363%	 82.742%	     0.000	        1	Delegate/Slice (ND, X32):62
	                          Copy (NC, X32)	    4.985	    6.728	  0.723%	 83.465%	     0.000	        1	Delegate/Copy (NC, X32):63
	           Convolution (NHWC, F32) IGEMM	    4.693	    5.665	  0.609%	 84.074%	     0.000	        1	Delegate/Convolution (NHWC, F32) IGEMM:64
	                  Unary Elementwise (NC)	    1.692	    1.706	  0.183%	 84.257%	     0.000	        1	Delegate/Unary Elementwise (NC):65
	                         Slice (ND, X32)	    2.052	    2.833	  0.304%	 84.561%	     0.000	        1	Delegate/Slice (ND, X32):66
	                         Slice (ND, X32)	    2.560	    3.324	  0.357%	 84.918%	     0.000	        1	Delegate/Slice (ND, X32):67
	                 Binary Elementwise (ND)	    1.287	    1.388	  0.149%	 85.067%	     0.000	        1	Delegate/Binary Elementwise (ND):68
	                          Copy (NC, X32)	    5.330	    6.094	  0.655%	 85.722%	     0.000	        1	Delegate/Copy (NC, X32):69
	                  Unary Elementwise (NC)	    1.236	    1.160	  0.125%	 85.846%	     0.000	        1	Delegate/Unary Elementwise (NC):71
	                 Binary Elementwise (ND)	    0.676	    1.184	  0.127%	 85.974%	     0.000	        1	Delegate/Binary Elementwise (ND):72
	                 Binary Elementwise (ND)	    1.163	    1.316	  0.141%	 86.115%	     0.000	        1	Delegate/Binary Elementwise (ND):74
	                 Binary Elementwise (ND)	    0.761	    1.294	  0.139%	 86.254%	     0.000	        1	Delegate/Binary Elementwise (ND):75
	                         Slice (ND, X32)	    1.974	    3.135	  0.337%	 86.591%	     0.000	        1	Delegate/Slice (ND, X32):76
	                          Copy (NC, X32)	    3.607	    6.176	  0.663%	 87.254%	     0.000	        1	Delegate/Copy (NC, X32):77
	             Resize Bilinear (NHWC, F32)	    1.751	    4.023	  0.432%	 87.686%	     0.000	        1	Delegate/Resize Bilinear (NHWC, F32):78
	                          Copy (NC, X32)	    8.923	   17.566	  1.887%	 89.573%	     0.000	        1	Delegate/Copy (NC, X32):79
	           Convolution (NHWC, F32) IGEMM	    9.660	   11.677	  1.254%	 90.827%	     0.000	        1	Delegate/Convolution (NHWC, F32) IGEMM:80
	          Convolution (NHWC, F32) DWConv	    1.603	    1.636	  0.176%	 91.003%	     0.000	        1	Delegate/Convolution (NHWC, F32) DWConv:83
	           Transpose (ND, X32) Transpose	    1.152	    1.308	  0.140%	 91.144%	     0.000	        1	Delegate/Transpose (ND, X32) Transpose:102
	           Transpose (ND, X32) Transpose	    0.895	    1.561	  0.168%	 91.311%	     0.000	        1	Delegate/Transpose (ND, X32) Transpose:101
	                 Binary Elementwise (ND)	    1.611	    3.444	  0.370%	 91.681%	     0.000	        1	Delegate/Binary Elementwise (ND):100
	                         Slice (ND, X32)	   16.576	   18.193	  1.954%	 93.635%	     0.000	        1	Delegate/Slice (ND, X32):99
	                         Slice (ND, X32)	   15.503	   19.097	  2.051%	 95.687%	     0.000	        1	Delegate/Slice (ND, X32):98
	                 Binary Elementwise (ND)	    2.213	    4.476	  0.481%	 96.167%	     0.000	        1	Delegate/Binary Elementwise (ND):97
	                 Binary Elementwise (ND)	    1.593	    4.286	  0.460%	 96.628%	     0.000	        1	Delegate/Binary Elementwise (ND):96
	             Resize Bilinear (NHWC, F32)	    3.036	    6.457	  0.694%	 97.321%	     0.000	        1	Delegate/Resize Bilinear (NHWC, F32):95
	             Resize Bilinear (NHWC, F32)	    3.388	    6.685	  0.718%	 98.039%	     0.000	        1	Delegate/Resize Bilinear (NHWC, F32):94
	                 Binary Elementwise (ND)	    1.186	    1.386	  0.149%	 98.188%	     0.000	        1	Delegate/Binary Elementwise (ND):84
	          Convolution (NHWC, F32) DWConv	    1.406	    1.728	  0.186%	 98.374%	     0.000	        1	Delegate/Convolution (NHWC, F32) DWConv:85
	                 Binary Elementwise (ND)	    0.761	    1.411	  0.152%	 98.525%	     0.000	        1	Delegate/Binary Elementwise (ND):86
	          Fully Connected (NC, F32) GEMM	    2.601	    4.279	  0.460%	 98.985%	     0.000	        1	Delegate/Fully Connected (NC, F32) GEMM:89
	          Fully Connected (NC, F32) GEMM	    1.844	    3.761	  0.404%	 99.389%	     0.000	        1	Delegate/Fully Connected (NC, F32) GEMM:90
	          Fully Connected (NC, F32) GEMM	    2.902	    3.086	  0.332%	 99.721%	     0.000	        1	Delegate/Fully Connected (NC, F32) GEMM:91
	                 Binary Elementwise (ND)	    1.213	    1.400	  0.150%	 99.871%	     0.000	        1	Delegate/Binary Elementwise (ND):92
	                 Binary Elementwise (ND)	    0.742	    1.202	  0.129%	100.000%	     0.000	        1	Delegate/Binary Elementwise (ND):93

============================== Top by Computation Time ==============================
	                             [node type]	  [first]	 [avg ms]	     [%]	  [cdf%]	  [mem KB]	[times called]	[Name]
	                          Copy (NC, X32)	   66.794	   43.927	  4.718%	  4.718%	     0.000	        1	Delegate/Copy (NC, X32):11
	           Convolution (NHWC, F32) IGEMM	   21.193	   30.189	  3.243%	  7.961%	     0.000	        1	Delegate/Convolution (NHWC, F32) IGEMM:76
	           Convolution (NHWC, F32) IGEMM	   25.261	   28.750	  3.088%	 11.049%	     0.000	        1	Delegate/Convolution (NHWC, F32) IGEMM:23
	           Convolution (NHWC, F32) IGEMM	   25.456	   27.664	  2.972%	 14.021%	     0.000	        1	Delegate/Convolution (NHWC, F32) IGEMM:42
	           Convolution (NHWC, F32) IGEMM	   17.198	   20.685	  2.222%	 16.243%	     0.000	        1	Delegate/Convolution (NHWC, F32) IGEMM:61
	                         Slice (ND, X32)	   15.503	   19.097	  2.051%	 18.294%	     0.000	        1	Delegate/Slice (ND, X32):98
	           Convolution (NHWC, F32) IGEMM	   19.478	   18.304	  3.932%	 22.226%	     0.000	        2	Delegate/Convolution (NHWC, F32) IGEMM:70
	                         Slice (ND, X32)	   16.576	   18.193	  1.954%	 24.180%	     0.000	        1	Delegate/Slice (ND, X32):99
	           Convolution (NHWC, F32) IGEMM	   19.139	   17.615	  3.784%	 27.964%	     0.000	        2	Delegate/Convolution (NHWC, F32) IGEMM:81
	                          Copy (NC, X32)	    8.923	   17.566	  1.887%	 29.851%	     0.000	        1	Delegate/Copy (NC, X32):79

Number of nodes executed: 210
============================== Summary by node type ==============================
	                             [Node type]	  [count]	  [avg ms]	    [avg %]	    [cdf %]	  [mem KB]	[times called]
	           Convolution (NHWC, F32) IGEMM	       27	   311.548	    33.469%	    33.469%	     0.000	       32
	          Fully Connected (NC, F32) GEMM	       38	   192.820	    20.714%	    54.183%	     0.000	       40
	                          Copy (NC, X32)	       22	   170.121	    18.276%	    72.459%	     0.000	       23
	                 Binary Elementwise (ND)	       49	    81.519	     8.757%	    81.216%	     0.000	       55
	                         Slice (ND, X32)	       18	    64.479	     6.927%	    88.143%	     0.000	       18
	                  Unary Elementwise (NC)	       24	    35.965	     3.864%	    92.006%	     0.000	       25
	             Resize Bilinear (NHWC, F32)	        7	    24.583	     2.641%	    94.647%	     0.000	        7
	                           Sum (ND) Mean	        3	    22.618	     2.430%	    97.077%	     0.000	        3
	           Transpose (ND, X32) Transpose	        8	     9.588	     1.030%	    98.107%	     0.000	        8
	          Convolution (NHWC, F32) DWConv	        4	     6.987	     0.751%	    98.858%	     0.000	        4
	                             RELU_0_TO_1	        2	     3.109	     0.334%	    99.192%	     0.000	        2
	                 Max Pooling (NHWC, F32)	        1	     2.539	     0.273%	    99.464%	     0.000	        1
	                                   PADV2	        1	     2.014	     0.216%	    99.681%	     0.000	        1
	                 STABLEHLO_REDUCE_WINDOW	        4	     1.875	     0.201%	    99.882%	     0.000	        4
	Average Pooling (NHWC, F32) Average Pooling	        1	     1.067	     0.115%	    99.997%	     0.000	        1
	                               GATHER_ND	        1	     0.029	     0.003%	   100.000%	     0.000	        1

Timings (microseconds): count=50 first=801671 curr=1200795 min=718161 max=1200795 avg=930970 std=173267
Memory (bytes): count=0
210 nodes observed



