INFO: STARTING!
INFO: Log parameter values verbosely: [1]
INFO: Min num runs: [50]
INFO: Min runs duration (seconds): [1]
INFO: Max runs duration (seconds): [150]
INFO: Inter-run delay (seconds): [-1]
INFO: Number of prorated runs per second: [-1]
INFO: Num threads: [10]
INFO: Use caching: [0]
INFO: Benchmark name: []
INFO: Output prefix: []
INFO: Min warmup runs: [1]
INFO: Min warmup runs duration (seconds): [0.5]
INFO: Run w/o invoking kernels: [0]
INFO: Report the peak memory footprint: [0]
INFO: Memory footprint check interval (ms): [50]
INFO: Graph: [/data/local/tmp/rvm_benchmark/rvm_resnet50_720x1280_ds_100.tflite]
INFO: Signature to run: []
INFO: Input layers: []
INFO: Input shapes: []
INFO: Input value ranges: []
INFO: Input value files: []
INFO: Allow fp16: [0]
INFO: Require full delegation: [0]
INFO: Enable op profiling: [1]
INFO: Op profiling output mode.: [stdout]
INFO: Op profiling output file.: []
INFO: Max initial profiling buffer entries: [1024]
INFO: Allow dynamic increase on profiling buffer entries: [0]
INFO: CSV File to export profiling data to: []
INFO: Enable Model Runtime Info Export: [0]
INFO: Proto File to export model runtime info to: []
INFO: Print pre-invoke interpreter state: [0]
INFO: Print post-invoke interpreter state: [0]
INFO: Release dynamic tensor memory: [0]
INFO: Optimize memory usage for large tensors: [0]
INFO: Disable delegate clustering: [0]
INFO: Constant CAST output cache: [0]
INFO: File path to export outputs layer to: []
INFO: File path to export outputs layer as tf example to: []
INFO: Tensor name display length: [25]
INFO: Tensor type display length: [15]
INFO: Tensor allocation type display length: [18]
INFO: print out all supported flags: [0]
INFO: #threads used for CPU inference: [10]
INFO: Max number of delegated partitions: [0]
INFO: Min nodes per partition: [0]
INFO: Index of the first node that could be delegated: [0]
INFO: Index of the last node that could be delegated: [2147483647]
INFO: Number of GPU delegate invoke loop iterations: [1]
INFO: Directory for delegate serialization: []
INFO: Model-specific token/key for delegate serialization.: []
INFO: External delegate path: []
INFO: External delegate options: []
INFO: Use gpu: [0]
INFO: Allow lower precision in gpu: [1]
INFO: Enable running quant models in gpu: [1]
INFO: Prefer maximizing the throughput in gpu: [0]
INFO: GPU backend: []
INFO: Use Hexagon: [0]
INFO: Hexagon lib path: [/data/local/tmp]
INFO: Hexagon profiling: [0]
INFO: Use NNAPI: [0]
INFO: Use xnnpack: [0]
INFO: xnnpack_force_fp16: [0]
INFO: xnnpack_weight_cache_file_path: []
INFO: Use Slinky: [0]
INFO: Loaded model /data/local/tmp/rvm_benchmark/rvm_resnet50_720x1280_ds_100.tflite
INFO: Initialized TensorFlow Lite runtime.
INFO: Created TensorFlow Lite XNNPACK delegate for CPU.
VERBOSE: Replacing 180 out of 181 node(s) with delegate (TfLiteXNNPackDelegate) node, yielding 3 partitions for subgraph 0.
INFO: The input model file size (MB): 107.664
INFO: Initialized session in 984.531ms.
INFO: Running benchmark for at least 1 iterations and at least 0.5 seconds but terminate if exceeding 150 seconds.
INFO: count=1 curr=2945800 p5=2945800 median=2945800 p95=2945800

INFO: Running benchmark for at least 50 iterations and at least 1 seconds but terminate if exceeding 150 seconds.
INFO: count=40 first=2825680 curr=3810264 min=2765367 max=5675131 avg=3.80906e+06 std=758054 p5=2814706 median=3810264 p95=5177696

INFO: Inference timings in us: Init: 984531, First inference: 2945800, Warmup (avg): 2.9458e+06, Inference (avg): 3.80906e+06
INFO: Note: as the benchmark tool itself affects memory footprint, the following is only APPROXIMATE to the actual memory footprint of the model at runtime. Take the information at your discretion.
INFO: Memory footprint delta from the start of the tool (MB): init=875.453 overall=1142.75
INFO: Profiling Info for Benchmark Initialization:
============================== Run Order ==============================
	                             [node type]	  [first]	 [avg ms]	     [%]	  [cdf%]	  [mem KB]	[times called]	[Name]
	                 ModifyGraphWithDelegate	  185.870	  185.870	 19.584%	 19.584%	210128.000	        1	ModifyGraphWithDelegate/0
	                         AllocateTensors	  763.216	  763.216	 80.416%	100.000%	681480.000	        1	AllocateTensors/0

============================== Top by Computation Time ==============================
	                             [node type]	  [first]	 [avg ms]	     [%]	  [cdf%]	  [mem KB]	[times called]	[Name]
	                         AllocateTensors	  763.216	  763.216	 80.416%	 80.416%	681480.000	        1	AllocateTensors/0
	                 ModifyGraphWithDelegate	  185.870	  185.870	 19.584%	100.000%	210128.000	        1	ModifyGraphWithDelegate/0

Number of nodes executed: 2
============================== Summary by node type ==============================
	                             [Node type]	  [count]	  [avg ms]	    [avg %]	    [cdf %]	  [mem KB]	[times called]
	                         AllocateTensors	        1	   763.216	    80.416%	    80.416%	681480.000	        1
	                 ModifyGraphWithDelegate	        1	   185.870	    19.584%	   100.000%	210128.000	        1

Timings (microseconds): count=1 curr=949086
Memory (bytes): count=0
2 nodes observed



INFO: Operator-wise Profiling Info for Regular Benchmark Runs:
============================== Run Order ==============================
	                             [node type]	  [first]	 [avg ms]	     [%]	  [cdf%]	  [mem KB]	[times called]	[Name]
	                 Binary Elementwise (ND)	    1.609	    3.978	  0.104%	  0.104%	     0.000	        1	Delegate/Binary Elementwise (ND):0
	           Convolution (NHWC, F32) IGEMM	   35.267	   49.104	  1.289%	  1.394%	     0.000	        1	Delegate/Convolution (NHWC, F32) IGEMM:1
	Average Pooling (NHWC, F32) Average Pooling	    1.814	    3.891	  0.102%	  1.496%	     0.000	        1	Delegate/Average Pooling (NHWC, F32) Average Pooling:2
	Average Pooling (NHWC, F32) Average Pooling	    1.176	    3.289	  0.086%	  1.582%	     0.000	        1	Delegate/Average Pooling (NHWC, F32) Average Pooling:3
	Average Pooling (NHWC, F32) Average Pooling	    1.083	    3.731	  0.098%	  1.680%	     0.000	        1	Delegate/Average Pooling (NHWC, F32) Average Pooling:4
	           Transpose (ND, X32) Transpose	    1.308	    3.715	  0.098%	  1.778%	     0.000	        1	Delegate/Transpose (ND, X32) Transpose:5
	           Transpose (ND, X32) Transpose	    1.435	    3.850	  0.101%	  1.879%	     0.000	        1	Delegate/Transpose (ND, X32) Transpose:6
	           Transpose (ND, X32) Transpose	    1.855	    4.615	  0.121%	  2.000%	     0.000	        1	Delegate/Transpose (ND, X32) Transpose:7
	           Transpose (ND, X32) Transpose	    1.850	    2.512	  0.066%	  2.066%	     0.000	        1	Delegate/Transpose (ND, X32) Transpose:8
	                                   PADV2	    4.567	    6.686	  0.176%	  2.241%	     0.000	        1	[wrapper.RVMWrapper/RobustVideoMatting.model_gpu.model.MattingNetwork_model/RobustVideoMatting.model_gpu.resnet.ResNet50Encoder_backbone/torch.nn.modules.pooling.MaxPool2d_maxpool;1]:3
	                 Max Pooling (NHWC, F32)	    4.715	    7.321	  0.192%	  2.434%	     0.000	        1	Delegate/Max Pooling (NHWC, F32):0
	          Fully Connected (NC, F32) GEMM	    3.887	    8.137	  0.214%	  2.647%	     0.000	        1	Delegate/Fully Connected (NC, F32) GEMM:1
	           Convolution (NHWC, F32) IGEMM	   24.444	   35.360	  0.928%	  3.576%	     0.000	        1	Delegate/Convolution (NHWC, F32) IGEMM:2
	          Fully Connected (NC, F32) GEMM	   12.746	   22.655	  0.595%	  4.171%	     0.000	        1	Delegate/Fully Connected (NC, F32) GEMM:3
	          Fully Connected (NC, F32) GEMM	   12.881	   20.797	  0.546%	  4.717%	     0.000	        1	Delegate/Fully Connected (NC, F32) GEMM:4
	                 Binary Elementwise (ND)	    5.322	    9.103	  0.239%	  4.956%	     0.000	        1	Delegate/Binary Elementwise (ND):5
	                  Unary Elementwise (NC)	    5.103	    8.650	  0.227%	  5.183%	     0.000	        1	Delegate/Unary Elementwise (NC):6
	          Fully Connected (NC, F32) GEMM	   13.144	   20.959	  0.550%	  5.733%	     0.000	        1	Delegate/Fully Connected (NC, F32) GEMM:7
	           Convolution (NHWC, F32) IGEMM	   24.384	   35.886	  0.942%	  6.675%	     0.000	        1	Delegate/Convolution (NHWC, F32) IGEMM:8
	          Fully Connected (NC, F32) GEMM	   12.445	   19.878	  0.522%	  7.197%	     0.000	        1	Delegate/Fully Connected (NC, F32) GEMM:9
	                 Binary Elementwise (ND)	    5.283	    9.022	  0.237%	  7.434%	     0.000	        1	Delegate/Binary Elementwise (ND):10
	                  Unary Elementwise (NC)	    5.373	    8.982	  0.236%	  7.670%	     0.000	        1	Delegate/Unary Elementwise (NC):11
	          Fully Connected (NC, F32) GEMM	   13.706	   20.927	  0.549%	  8.219%	     0.000	        1	Delegate/Fully Connected (NC, F32) GEMM:12
	           Convolution (NHWC, F32) IGEMM	   24.723	   35.149	  0.923%	  9.142%	     0.000	        1	Delegate/Convolution (NHWC, F32) IGEMM:13
	          Fully Connected (NC, F32) GEMM	   12.833	   19.497	  0.512%	  9.654%	     0.000	        1	Delegate/Fully Connected (NC, F32) GEMM:14
	                 Binary Elementwise (ND)	    5.239	    8.405	  0.221%	  9.875%	     0.000	        1	Delegate/Binary Elementwise (ND):15
	                  Unary Elementwise (NC)	    5.770	    8.104	  0.213%	 10.087%	     0.000	        1	Delegate/Unary Elementwise (NC):16
	          Fully Connected (NC, F32) GEMM	   26.407	   35.296	  0.927%	 11.014%	     0.000	        1	Delegate/Fully Connected (NC, F32) GEMM:17
	           Convolution (NHWC, F32) IGEMM	   25.237	   35.823	  0.941%	 11.955%	     0.000	        1	Delegate/Convolution (NHWC, F32) IGEMM:18
	          Fully Connected (NC, F32) GEMM	   12.090	   17.817	  0.468%	 12.423%	     0.000	        1	Delegate/Fully Connected (NC, F32) GEMM:19
	           Convolution (NHWC, F32) IGEMM	   21.599	   30.438	  0.799%	 13.222%	     0.000	        1	Delegate/Convolution (NHWC, F32) IGEMM:20
	                 Binary Elementwise (ND)	    2.651	    4.907	  0.129%	 13.351%	     0.000	        1	Delegate/Binary Elementwise (ND):21
	                  Unary Elementwise (NC)	    3.266	    4.800	  0.126%	 13.477%	     0.000	        1	Delegate/Unary Elementwise (NC):22
	          Fully Connected (NC, F32) GEMM	   15.221	   22.119	  0.581%	 14.057%	     0.000	        1	Delegate/Fully Connected (NC, F32) GEMM:23
	           Convolution (NHWC, F32) IGEMM	   24.513	   36.521	  0.959%	 15.016%	     0.000	        1	Delegate/Convolution (NHWC, F32) IGEMM:24
	          Fully Connected (NC, F32) GEMM	   12.499	   19.061	  0.500%	 15.517%	     0.000	        1	Delegate/Fully Connected (NC, F32) GEMM:25
	                 Binary Elementwise (ND)	    2.874	    5.655	  0.148%	 15.665%	     0.000	        1	Delegate/Binary Elementwise (ND):26
	                  Unary Elementwise (NC)	    3.265	    5.136	  0.135%	 15.800%	     0.000	        1	Delegate/Unary Elementwise (NC):27
	          Fully Connected (NC, F32) GEMM	   14.987	   21.633	  0.568%	 16.368%	     0.000	        1	Delegate/Fully Connected (NC, F32) GEMM:28
	           Convolution (NHWC, F32) IGEMM	   24.592	   35.480	  0.932%	 17.300%	     0.000	        1	Delegate/Convolution (NHWC, F32) IGEMM:29
	          Fully Connected (NC, F32) GEMM	   12.274	   18.384	  0.483%	 17.782%	     0.000	        1	Delegate/Fully Connected (NC, F32) GEMM:30
	                 Binary Elementwise (ND)	    2.516	    5.494	  0.144%	 17.926%	     0.000	        1	Delegate/Binary Elementwise (ND):31
	                  Unary Elementwise (NC)	    3.290	    5.529	  0.145%	 18.072%	     0.000	        1	Delegate/Unary Elementwise (NC):32
	          Fully Connected (NC, F32) GEMM	   15.575	   22.861	  0.600%	 18.672%	     0.000	        1	Delegate/Fully Connected (NC, F32) GEMM:33
	           Convolution (NHWC, F32) IGEMM	   24.747	   35.255	  0.926%	 19.598%	     0.000	        1	Delegate/Convolution (NHWC, F32) IGEMM:34
	          Fully Connected (NC, F32) GEMM	   13.938	   18.554	  0.487%	 20.085%	     0.000	        1	Delegate/Fully Connected (NC, F32) GEMM:35
	                 Binary Elementwise (ND)	    3.306	    6.031	  0.158%	 20.243%	     0.000	        1	Delegate/Binary Elementwise (ND):36
	                  Unary Elementwise (NC)	    3.325	    5.267	  0.138%	 20.381%	     0.000	        1	Delegate/Unary Elementwise (NC):37
	          Fully Connected (NC, F32) GEMM	   33.528	   45.824	  1.203%	 21.584%	     0.000	        1	Delegate/Fully Connected (NC, F32) GEMM:38
	           Convolution (NHWC, F32) IGEMM	   24.590	   37.937	  0.996%	 22.580%	     0.000	        1	Delegate/Convolution (NHWC, F32) IGEMM:39
	          Fully Connected (NC, F32) GEMM	   11.456	   19.257	  0.506%	 23.086%	     0.000	        1	Delegate/Fully Connected (NC, F32) GEMM:40
	           Convolution (NHWC, F32) IGEMM	   22.234	   33.686	  0.884%	 23.971%	     0.000	        1	Delegate/Convolution (NHWC, F32) IGEMM:41
	                 Binary Elementwise (ND)	    2.157	    4.305	  0.113%	 24.084%	     0.000	        1	Delegate/Binary Elementwise (ND):42
	                  Unary Elementwise (NC)	    2.088	    4.401	  0.116%	 24.199%	     0.000	        1	Delegate/Unary Elementwise (NC):43
	          Fully Connected (NC, F32) GEMM	   11.807	   18.569	  0.488%	 24.687%	     0.000	        1	Delegate/Fully Connected (NC, F32) GEMM:44
	           Convolution (NHWC, F32) IGEMM	   24.608	   36.180	  0.950%	 25.637%	     0.000	        1	Delegate/Convolution (NHWC, F32) IGEMM:45
	          Fully Connected (NC, F32) GEMM	   11.964	   18.398	  0.483%	 26.120%	     0.000	        1	Delegate/Fully Connected (NC, F32) GEMM:46
	                 Binary Elementwise (ND)	    1.665	    3.999	  0.105%	 26.225%	     0.000	        1	Delegate/Binary Elementwise (ND):47
	                  Unary Elementwise (NC)	    2.050	    4.045	  0.106%	 26.331%	     0.000	        1	Delegate/Unary Elementwise (NC):48
	          Fully Connected (NC, F32) GEMM	   11.420	   18.327	  0.481%	 26.812%	     0.000	        1	Delegate/Fully Connected (NC, F32) GEMM:49
	           Convolution (NHWC, F32) IGEMM	   24.361	   36.859	  0.968%	 27.780%	     0.000	        1	Delegate/Convolution (NHWC, F32) IGEMM:50
	          Fully Connected (NC, F32) GEMM	   11.596	   18.253	  0.479%	 28.259%	     0.000	        1	Delegate/Fully Connected (NC, F32) GEMM:51
	                 Binary Elementwise (ND)	    1.468	    4.747	  0.125%	 28.384%	     0.000	        1	Delegate/Binary Elementwise (ND):52
	                  Unary Elementwise (NC)	    2.097	    4.576	  0.120%	 28.504%	     0.000	        1	Delegate/Unary Elementwise (NC):53
	          Fully Connected (NC, F32) GEMM	   11.411	   18.282	  0.480%	 28.984%	     0.000	        1	Delegate/Fully Connected (NC, F32) GEMM:54
	           Convolution (NHWC, F32) IGEMM	   24.532	   36.939	  0.970%	 29.954%	     0.000	        1	Delegate/Convolution (NHWC, F32) IGEMM:55
	          Fully Connected (NC, F32) GEMM	   12.098	   18.746	  0.492%	 30.446%	     0.000	        1	Delegate/Fully Connected (NC, F32) GEMM:56
	                 Binary Elementwise (ND)	    1.629	    3.877	  0.102%	 30.548%	     0.000	        1	Delegate/Binary Elementwise (ND):57
	                  Unary Elementwise (NC)	    2.065	    5.073	  0.133%	 30.681%	     0.000	        1	Delegate/Unary Elementwise (NC):58
	          Fully Connected (NC, F32) GEMM	   11.590	   18.392	  0.483%	 31.164%	     0.000	        1	Delegate/Fully Connected (NC, F32) GEMM:59
	           Convolution (NHWC, F32) IGEMM	   24.402	   35.843	  0.941%	 32.105%	     0.000	        1	Delegate/Convolution (NHWC, F32) IGEMM:60
	          Fully Connected (NC, F32) GEMM	   12.263	   18.280	  0.480%	 32.585%	     0.000	        1	Delegate/Fully Connected (NC, F32) GEMM:61
	                 Binary Elementwise (ND)	    1.580	    4.025	  0.106%	 32.690%	     0.000	        1	Delegate/Binary Elementwise (ND):62
	                  Unary Elementwise (NC)	    2.016	    4.202	  0.110%	 32.801%	     0.000	        1	Delegate/Unary Elementwise (NC):63
	          Fully Connected (NC, F32) GEMM	   11.547	   17.637	  0.463%	 33.264%	     0.000	        1	Delegate/Fully Connected (NC, F32) GEMM:64
	           Convolution (NHWC, F32) IGEMM	   25.122	   35.462	  0.931%	 34.195%	     0.000	        1	Delegate/Convolution (NHWC, F32) IGEMM:65
	          Fully Connected (NC, F32) GEMM	   11.546	   18.187	  0.478%	 34.672%	     0.000	        1	Delegate/Fully Connected (NC, F32) GEMM:66
	                 Binary Elementwise (ND)	    1.995	    3.734	  0.098%	 34.770%	     0.000	        1	Delegate/Binary Elementwise (ND):67
	                  Unary Elementwise (NC)	    2.303	    4.000	  0.105%	 34.876%	     0.000	        1	Delegate/Unary Elementwise (NC):68
	          Fully Connected (NC, F32) GEMM	   21.813	   32.014	  0.841%	 35.716%	     0.000	        1	Delegate/Fully Connected (NC, F32) GEMM:69
	           Convolution (NHWC, F32) IGEMM	  103.977	  151.083	  3.967%	 39.683%	     0.000	        1	Delegate/Convolution (NHWC, F32) IGEMM:70
	          Fully Connected (NC, F32) GEMM	   55.392	   73.294	  1.924%	 41.607%	     0.000	        1	Delegate/Fully Connected (NC, F32) GEMM:71
	          Fully Connected (NC, F32) GEMM	   89.001	  122.747	  3.223%	 44.830%	     0.000	        1	Delegate/Fully Connected (NC, F32) GEMM:72
	                 Binary Elementwise (ND)	    2.503	    4.543	  0.119%	 44.949%	     0.000	        1	Delegate/Binary Elementwise (ND):73
	                  Unary Elementwise (NC)	    2.770	    4.653	  0.122%	 45.072%	     0.000	        1	Delegate/Unary Elementwise (NC):74
	          Fully Connected (NC, F32) GEMM	   47.129	   67.347	  1.768%	 46.840%	     0.000	        1	Delegate/Fully Connected (NC, F32) GEMM:75
	           Convolution (NHWC, F32) IGEMM	  114.122	  155.796	  4.091%	 50.930%	     0.000	        1	Delegate/Convolution (NHWC, F32) IGEMM:76
	          Fully Connected (NC, F32) GEMM	   53.738	   72.205	  1.896%	 52.826%	     0.000	        1	Delegate/Fully Connected (NC, F32) GEMM:77
	                 Binary Elementwise (ND)	    3.101	    4.770	  0.125%	 52.951%	     0.000	        1	Delegate/Binary Elementwise (ND):78
	                  Unary Elementwise (NC)	    3.359	    5.347	  0.140%	 53.092%	     0.000	        1	Delegate/Unary Elementwise (NC):79
	          Fully Connected (NC, F32) GEMM	   50.414	   67.857	  1.782%	 54.873%	     0.000	        1	Delegate/Fully Connected (NC, F32) GEMM:80
	           Convolution (NHWC, F32) IGEMM	  140.200	  154.727	  4.062%	 58.936%	     0.000	        1	Delegate/Convolution (NHWC, F32) IGEMM:81
	          Fully Connected (NC, F32) GEMM	   62.373	   72.992	  1.916%	 60.852%	     0.000	        1	Delegate/Fully Connected (NC, F32) GEMM:82
	                 Binary Elementwise (ND)	    4.102	    5.126	  0.135%	 60.987%	     0.000	        1	Delegate/Binary Elementwise (ND):83
	                  Unary Elementwise (NC)	    2.742	    5.488	  0.144%	 61.131%	     0.000	        1	Delegate/Unary Elementwise (NC):84
	          Fully Connected (NC, F32) GEMM	   28.643	   35.401	  0.929%	 62.060%	     0.000	        1	Delegate/Fully Connected (NC, F32) GEMM:85
	                           Sum (ND) Mean	    9.044	   13.746	  0.361%	 62.421%	     0.000	        1	Delegate/Sum (ND) Mean:86
	                 Binary Elementwise (ND)	    1.632	    4.092	  0.107%	 62.529%	     0.000	        1	Delegate/Binary Elementwise (ND):87
	                          Copy (NC, X32)	    0.000	    0.001	  0.000%	 62.529%	     0.000	        1	Delegate/Copy (NC, X32):88
	          Fully Connected (NC, F32) GEMM	    1.103	    3.921	  0.103%	 62.632%	     0.000	        1	Delegate/Fully Connected (NC, F32) GEMM:89
	                  Unary Elementwise (NC)	    0.002	    0.003	  0.000%	 62.632%	     0.000	        1	Delegate/Unary Elementwise (NC):90
	                 Binary Elementwise (ND)	    1.267	    4.180	  0.110%	 62.742%	     0.000	        1	Delegate/Binary Elementwise (ND):91
	                         Slice (ND, X32)	    0.684	    4.032	  0.106%	 62.847%	     0.000	        1	Delegate/Slice (ND, X32):92
	                         Slice (ND, X32)	    0.732	    3.377	  0.089%	 62.936%	     0.000	        1	Delegate/Slice (ND, X32):93
	                          Copy (NC, X32)	    2.171	    5.715	  0.150%	 63.086%	     0.000	        1	Delegate/Copy (NC, X32):94
	           Convolution (NHWC, F32) IGEMM	   35.407	   38.033	  0.999%	 64.085%	     0.000	        1	Delegate/Convolution (NHWC, F32) IGEMM:95
	                  Unary Elementwise (NC)	    1.638	    2.797	  0.073%	 64.158%	     0.000	        1	Delegate/Unary Elementwise (NC):96
	                         Slice (ND, X32)	    1.334	    2.989	  0.078%	 64.237%	     0.000	        1	Delegate/Slice (ND, X32):97
	                         Slice (ND, X32)	    1.900	    2.890	  0.076%	 64.312%	     0.000	        1	Delegate/Slice (ND, X32):98
	                 Binary Elementwise (ND)	    1.764	    2.527	  0.066%	 64.379%	     0.000	        1	Delegate/Binary Elementwise (ND):99
	                          Copy (NC, X32)	    3.251	    6.129	  0.161%	 64.540%	     0.000	        1	Delegate/Copy (NC, X32):100
	           Convolution (NHWC, F32) IGEMM	   16.127	   20.028	  0.526%	 65.066%	     0.000	        1	Delegate/Convolution (NHWC, F32) IGEMM:101
	                  Unary Elementwise (NC)	    1.431	    2.913	  0.076%	 65.142%	     0.000	        1	Delegate/Unary Elementwise (NC):102
	                 Binary Elementwise (ND)	    1.706	    2.921	  0.077%	 65.219%	     0.000	        1	Delegate/Binary Elementwise (ND):103
	                 Binary Elementwise (ND)	    1.660	    2.518	  0.066%	 65.285%	     0.000	        1	Delegate/Binary Elementwise (ND):104
	                 Binary Elementwise (ND)	    1.680	    2.273	  0.060%	 65.345%	     0.000	        1	Delegate/Binary Elementwise (ND):105
	                 Binary Elementwise (ND)	    1.487	    2.457	  0.065%	 65.409%	     0.000	        1	Delegate/Binary Elementwise (ND):106
	                          Copy (NC, X32)	    2.676	    5.155	  0.135%	 65.544%	     0.000	        1	Delegate/Copy (NC, X32):107
	             Resize Bilinear (NHWC, F32)	    1.656	    3.156	  0.083%	 65.627%	     0.000	        1	Delegate/Resize Bilinear (NHWC, F32):108
	                          Copy (NC, X32)	    9.126	   12.949	  0.340%	 65.967%	     0.000	        1	Delegate/Copy (NC, X32):109
	           Convolution (NHWC, F32) IGEMM	  171.869	  208.412	  5.472%	 71.439%	     0.000	        1	Delegate/Convolution (NHWC, F32) IGEMM:110
	                         Slice (ND, X32)	    1.814	    3.063	  0.080%	 71.520%	     0.000	        1	Delegate/Slice (ND, X32):111
	                          Copy (NC, X32)	    4.616	    6.069	  0.159%	 71.679%	     0.000	        1	Delegate/Copy (NC, X32):112
	           Convolution (NHWC, F32) IGEMM	   25.872	   36.538	  0.959%	 72.638%	     0.000	        1	Delegate/Convolution (NHWC, F32) IGEMM:113
	                  Unary Elementwise (NC)	    1.921	    3.198	  0.084%	 72.722%	     0.000	        1	Delegate/Unary Elementwise (NC):114
	                         Slice (ND, X32)	    1.537	    3.171	  0.083%	 72.806%	     0.000	        1	Delegate/Slice (ND, X32):115
	                         Slice (ND, X32)	    1.762	    3.228	  0.085%	 72.890%	     0.000	        1	Delegate/Slice (ND, X32):116
	                 Binary Elementwise (ND)	    1.352	    2.549	  0.067%	 72.957%	     0.000	        1	Delegate/Binary Elementwise (ND):117
	                          Copy (NC, X32)	    3.037	    6.092	  0.160%	 73.117%	     0.000	        1	Delegate/Copy (NC, X32):118
	           Convolution (NHWC, F32) IGEMM	   13.846	   19.113	  0.502%	 73.619%	     0.000	        1	Delegate/Convolution (NHWC, F32) IGEMM:119
	                  Unary Elementwise (NC)	    1.057	    2.655	  0.070%	 73.689%	     0.000	        1	Delegate/Unary Elementwise (NC):120
	                 Binary Elementwise (ND)	    1.858	    2.225	  0.058%	 73.747%	     0.000	        1	Delegate/Binary Elementwise (ND):121
	                 Binary Elementwise (ND)	    1.219	    2.429	  0.064%	 73.811%	     0.000	        1	Delegate/Binary Elementwise (ND):122
	                 Binary Elementwise (ND)	    0.935	    2.808	  0.074%	 73.885%	     0.000	        1	Delegate/Binary Elementwise (ND):123
	                 Binary Elementwise (ND)	    1.802	    2.363	  0.062%	 73.947%	     0.000	        1	Delegate/Binary Elementwise (ND):124
	                         Slice (ND, X32)	    2.418	    3.275	  0.086%	 74.033%	     0.000	        1	Delegate/Slice (ND, X32):125
	                          Copy (NC, X32)	    3.383	    6.626	  0.174%	 74.207%	     0.000	        1	Delegate/Copy (NC, X32):126
	             Resize Bilinear (NHWC, F32)	    2.492	    4.142	  0.109%	 74.315%	     0.000	        1	Delegate/Resize Bilinear (NHWC, F32):127
	                          Copy (NC, X32)	   19.440	   23.936	  0.628%	 74.944%	     0.000	        1	Delegate/Copy (NC, X32):128
	           Convolution (NHWC, F32) IGEMM	  165.503	  202.462	  5.316%	 80.260%	     0.000	        1	Delegate/Convolution (NHWC, F32) IGEMM:129
	                         Slice (ND, X32)	    4.510	    5.181	  0.136%	 80.396%	     0.000	        1	Delegate/Slice (ND, X32):130
	                          Copy (NC, X32)	    9.196	   10.901	  0.286%	 80.682%	     0.000	        1	Delegate/Copy (NC, X32):131
	           Convolution (NHWC, F32) IGEMM	   25.661	   34.076	  0.895%	 81.577%	     0.000	        1	Delegate/Convolution (NHWC, F32) IGEMM:132
	                  Unary Elementwise (NC)	    2.170	    3.804	  0.100%	 81.676%	     0.000	        1	Delegate/Unary Elementwise (NC):133
	                         Slice (ND, X32)	    6.182	    5.240	  0.138%	 81.814%	     0.000	        1	Delegate/Slice (ND, X32):134
	                         Slice (ND, X32)	    4.909	    4.479	  0.118%	 81.932%	     0.000	        1	Delegate/Slice (ND, X32):135
	                 Binary Elementwise (ND)	    1.735	    2.452	  0.064%	 81.996%	     0.000	        1	Delegate/Binary Elementwise (ND):136
	                          Copy (NC, X32)	   11.960	    9.435	  0.248%	 82.244%	     0.000	        1	Delegate/Copy (NC, X32):137
	           Convolution (NHWC, F32) IGEMM	   15.398	   17.502	  0.460%	 82.703%	     0.000	        1	Delegate/Convolution (NHWC, F32) IGEMM:138
	                  Unary Elementwise (NC)	    1.753	    2.757	  0.072%	 82.776%	     0.000	        1	Delegate/Unary Elementwise (NC):139
	                 Binary Elementwise (ND)	    1.424	    2.563	  0.067%	 82.843%	     0.000	        1	Delegate/Binary Elementwise (ND):140
	                 Binary Elementwise (ND)	    1.534	    3.045	  0.080%	 82.923%	     0.000	        1	Delegate/Binary Elementwise (ND):141
	                 Binary Elementwise (ND)	    2.362	    2.586	  0.068%	 82.991%	     0.000	        1	Delegate/Binary Elementwise (ND):142
	                 Binary Elementwise (ND)	    1.635	    3.381	  0.089%	 83.080%	     0.000	        1	Delegate/Binary Elementwise (ND):143
	                         Slice (ND, X32)	    7.064	    5.293	  0.139%	 83.219%	     0.000	        1	Delegate/Slice (ND, X32):144
	                          Copy (NC, X32)	   10.955	   10.922	  0.287%	 83.505%	     0.000	        1	Delegate/Copy (NC, X32):145
	             Resize Bilinear (NHWC, F32)	    3.535	    5.495	  0.144%	 83.650%	     0.000	        1	Delegate/Resize Bilinear (NHWC, F32):146
	                          Copy (NC, X32)	   31.512	   40.100	  1.053%	 84.702%	     0.000	        1	Delegate/Copy (NC, X32):147
	           Convolution (NHWC, F32) IGEMM	  115.386	  138.226	  3.629%	 88.332%	     0.000	        1	Delegate/Convolution (NHWC, F32) IGEMM:148
	                         Slice (ND, X32)	    7.961	   10.003	  0.263%	 88.594%	     0.000	        1	Delegate/Slice (ND, X32):149
	                          Copy (NC, X32)	   29.699	   22.414	  0.589%	 89.183%	     0.000	        1	Delegate/Copy (NC, X32):150
	           Convolution (NHWC, F32) IGEMM	   26.323	   34.935	  0.917%	 90.100%	     0.000	        1	Delegate/Convolution (NHWC, F32) IGEMM:151
	                  Unary Elementwise (NC)	    3.741	    6.357	  0.167%	 90.267%	     0.000	        1	Delegate/Unary Elementwise (NC):152
	                         Slice (ND, X32)	    5.742	   10.160	  0.267%	 90.534%	     0.000	        1	Delegate/Slice (ND, X32):153
	                         Slice (ND, X32)	   13.053	   11.062	  0.290%	 90.824%	     0.000	        1	Delegate/Slice (ND, X32):154
	                 Binary Elementwise (ND)	    1.249	    2.997	  0.079%	 90.903%	     0.000	        1	Delegate/Binary Elementwise (ND):155
	                          Copy (NC, X32)	   22.732	   22.670	  0.595%	 91.498%	     0.000	        1	Delegate/Copy (NC, X32):156
	           Convolution (NHWC, F32) IGEMM	   12.918	   18.604	  0.488%	 91.986%	     0.000	        1	Delegate/Convolution (NHWC, F32) IGEMM:157
	                  Unary Elementwise (NC)	    1.779	    3.411	  0.090%	 92.076%	     0.000	        1	Delegate/Unary Elementwise (NC):158
	                 Binary Elementwise (ND)	    1.344	    3.087	  0.081%	 92.157%	     0.000	        1	Delegate/Binary Elementwise (ND):159
	                 Binary Elementwise (ND)	    1.450	    2.954	  0.078%	 92.235%	     0.000	        1	Delegate/Binary Elementwise (ND):160
	                 Binary Elementwise (ND)	    1.480	    2.930	  0.077%	 92.312%	     0.000	        1	Delegate/Binary Elementwise (ND):161
	                 Binary Elementwise (ND)	    2.301	    3.596	  0.094%	 92.406%	     0.000	        1	Delegate/Binary Elementwise (ND):162
	                         Slice (ND, X32)	    8.927	   10.178	  0.267%	 92.673%	     0.000	        1	Delegate/Slice (ND, X32):163
	                          Copy (NC, X32)	   23.056	   22.674	  0.595%	 93.268%	     0.000	        1	Delegate/Copy (NC, X32):164
	             Resize Bilinear (NHWC, F32)	    7.463	   10.365	  0.272%	 93.541%	     0.000	        1	Delegate/Resize Bilinear (NHWC, F32):165
	                          Copy (NC, X32)	   64.440	   50.288	  1.320%	 94.861%	     0.000	        1	Delegate/Copy (NC, X32):166
	           Convolution (NHWC, F32) IGEMM	   55.927	   73.570	  1.932%	 96.793%	     0.000	        1	Delegate/Convolution (NHWC, F32) IGEMM:167
	           Convolution (NHWC, F32) IGEMM	   27.028	   36.592	  0.961%	 97.753%	     0.000	        1	Delegate/Convolution (NHWC, F32) IGEMM:168
	          Fully Connected (NC, F32) GEMM	   14.539	   12.191	  0.320%	 98.073%	     0.000	        1	Delegate/Fully Connected (NC, F32) GEMM:169
	                         Slice (ND, X32)	   23.362	   20.243	  0.531%	 98.605%	     0.000	        1	Delegate/Slice (ND, X32):170
	                 Binary Elementwise (ND)	    1.946	    3.008	  0.079%	 98.684%	     0.000	        1	Delegate/Binary Elementwise (ND):171
	                  Unary Elementwise (NC)	    1.858	    2.926	  0.077%	 98.761%	     0.000	        1	Delegate/Unary Elementwise (NC):172
	                 Binary Elementwise (ND)	    1.595	    2.497	  0.066%	 98.826%	     0.000	        1	Delegate/Binary Elementwise (ND):173
	                  Unary Elementwise (NC)	    1.671	    2.399	  0.063%	 98.889%	     0.000	        1	Delegate/Unary Elementwise (NC):174
	                 Binary Elementwise (ND)	    1.766	    2.831	  0.074%	 98.964%	     0.000	        1	Delegate/Binary Elementwise (ND):175
	                         Slice (ND, X32)	   10.040	   20.629	  0.542%	 99.505%	     0.000	        1	Delegate/Slice (ND, X32):176
	                  Unary Elementwise (NC)	    0.829	    2.195	  0.058%	 99.563%	     0.000	        1	Delegate/Unary Elementwise (NC):177
	                 Binary Elementwise (ND)	    0.813	    1.762	  0.046%	 99.609%	     0.000	        1	Delegate/Binary Elementwise (ND):178
	                  Unary Elementwise (NC)	    1.484	    1.935	  0.051%	 99.660%	     0.000	        1	Delegate/Unary Elementwise (NC):179
	                 Binary Elementwise (ND)	    0.782	    2.034	  0.053%	 99.713%	     0.000	        1	Delegate/Binary Elementwise (ND):180
	                 Binary Elementwise (ND)	    1.149	    2.087	  0.055%	 99.768%	     0.000	        1	Delegate/Binary Elementwise (ND):181
	           Transpose (ND, X32) Transpose	    2.660	    3.492	  0.092%	 99.860%	     0.000	        1	Delegate/Transpose (ND, X32) Transpose:182
	           Transpose (ND, X32) Transpose	    1.829	    2.785	  0.073%	 99.933%	     0.000	        1	Delegate/Transpose (ND, X32) Transpose:183
	           Transpose (ND, X32) Transpose	    1.449	    1.903	  0.050%	 99.983%	     0.000	        1	Delegate/Transpose (ND, X32) Transpose:184
	           Transpose (ND, X32) Transpose	    0.228	    0.650	  0.017%	100.000%	     0.000	        1	Delegate/Transpose (ND, X32) Transpose:185

============================== Top by Computation Time ==============================
	                             [node type]	  [first]	 [avg ms]	     [%]	  [cdf%]	  [mem KB]	[times called]	[Name]
	           Convolution (NHWC, F32) IGEMM	  171.869	  208.412	  5.472%	  5.472%	     0.000	        1	Delegate/Convolution (NHWC, F32) IGEMM:110
	           Convolution (NHWC, F32) IGEMM	  165.503	  202.462	  5.316%	 10.788%	     0.000	        1	Delegate/Convolution (NHWC, F32) IGEMM:129
	           Convolution (NHWC, F32) IGEMM	  114.122	  155.796	  4.091%	 14.878%	     0.000	        1	Delegate/Convolution (NHWC, F32) IGEMM:76
	           Convolution (NHWC, F32) IGEMM	  140.200	  154.727	  4.062%	 18.941%	     0.000	        1	Delegate/Convolution (NHWC, F32) IGEMM:81
	           Convolution (NHWC, F32) IGEMM	  103.977	  151.083	  3.967%	 22.908%	     0.000	        1	Delegate/Convolution (NHWC, F32) IGEMM:70
	           Convolution (NHWC, F32) IGEMM	  115.386	  138.226	  3.629%	 26.537%	     0.000	        1	Delegate/Convolution (NHWC, F32) IGEMM:148
	          Fully Connected (NC, F32) GEMM	   89.001	  122.747	  3.223%	 29.760%	     0.000	        1	Delegate/Fully Connected (NC, F32) GEMM:72
	           Convolution (NHWC, F32) IGEMM	   55.927	   73.570	  1.932%	 31.691%	     0.000	        1	Delegate/Convolution (NHWC, F32) IGEMM:167
	          Fully Connected (NC, F32) GEMM	   55.392	   73.294	  1.924%	 33.616%	     0.000	        1	Delegate/Fully Connected (NC, F32) GEMM:71
	          Fully Connected (NC, F32) GEMM	   62.373	   72.992	  1.916%	 35.532%	     0.000	        1	Delegate/Fully Connected (NC, F32) GEMM:82

Number of nodes executed: 196
============================== Summary by node type ==============================
	                             [Node type]	  [count]	  [avg ms]	    [avg %]	    [cdf %]	  [mem KB]	[times called]
	           Convolution (NHWC, F32) IGEMM	       32	  1921.605	    50.454%	    50.454%	     0.000	       32
	          Fully Connected (NC, F32) GEMM	       37	  1116.680	    29.320%	    79.774%	     0.000	       37
	                          Copy (NC, X32)	       17	   262.068	     6.881%	    86.655%	     0.000	       17
	                 Binary Elementwise (ND)	       45	   168.857	     4.434%	    91.088%	     0.000	       45
	                         Slice (ND, X32)	       18	   128.486	     3.374%	    94.462%	     0.000	       18
	                  Unary Elementwise (NC)	       29	   125.589	     3.297%	    97.759%	     0.000	       29
	           Transpose (ND, X32) Transpose	        8	    23.517	     0.617%	    98.377%	     0.000	        8
	             Resize Bilinear (NHWC, F32)	        4	    23.156	     0.608%	    98.985%	     0.000	        4
	                           Sum (ND) Mean	        1	    13.746	     0.361%	    99.346%	     0.000	        1
	Average Pooling (NHWC, F32) Average Pooling	        3	    10.909	     0.286%	    99.632%	     0.000	        3
	                 Max Pooling (NHWC, F32)	        1	     7.321	     0.192%	    99.824%	     0.000	        1
	                                   PADV2	        1	     6.685	     0.176%	   100.000%	     0.000	        1

Timings (microseconds): count=40 first=2825406 curr=3809778 min=2764998 max=5674708 avg=3.80871e+06 std=758040
Memory (bytes): count=0
196 nodes observed



