INFO: STARTING!
INFO: Log parameter values verbosely: [1]
INFO: Min num runs: [50]
INFO: Min runs duration (seconds): [1]
INFO: Max runs duration (seconds): [150]
INFO: Inter-run delay (seconds): [-1]
INFO: Number of prorated runs per second: [-1]
INFO: Num threads: [10]
INFO: Use caching: [0]
INFO: Benchmark name: []
INFO: Output prefix: []
INFO: Min warmup runs: [1]
INFO: Min warmup runs duration (seconds): [0.5]
INFO: Run w/o invoking kernels: [0]
INFO: Report the peak memory footprint: [0]
INFO: Memory footprint check interval (ms): [50]
INFO: Graph: [/data/local/tmp/rvm_benchmark/rvm_mobilenetv3_720x1280_ds_100.tflite]
INFO: Signature to run: []
INFO: Input layers: []
INFO: Input shapes: []
INFO: Input value ranges: []
INFO: Input value files: []
INFO: Allow fp16: [0]
INFO: Require full delegation: [0]
INFO: Enable op profiling: [1]
INFO: Op profiling output mode.: [stdout]
INFO: Op profiling output file.: []
INFO: Max initial profiling buffer entries: [1024]
INFO: Allow dynamic increase on profiling buffer entries: [0]
INFO: CSV File to export profiling data to: []
INFO: Enable Model Runtime Info Export: [0]
INFO: Proto File to export model runtime info to: []
INFO: Print pre-invoke interpreter state: [0]
INFO: Print post-invoke interpreter state: [0]
INFO: Release dynamic tensor memory: [0]
INFO: Optimize memory usage for large tensors: [0]
INFO: Disable delegate clustering: [0]
INFO: Constant CAST output cache: [0]
INFO: File path to export outputs layer to: []
INFO: File path to export outputs layer as tf example to: []
INFO: Tensor name display length: [25]
INFO: Tensor type display length: [15]
INFO: Tensor allocation type display length: [18]
INFO: print out all supported flags: [0]
INFO: #threads used for CPU inference: [10]
INFO: Max number of delegated partitions: [0]
INFO: Min nodes per partition: [0]
INFO: Index of the first node that could be delegated: [0]
INFO: Index of the last node that could be delegated: [2147483647]
INFO: Number of GPU delegate invoke loop iterations: [1]
INFO: Directory for delegate serialization: []
INFO: Model-specific token/key for delegate serialization.: []
INFO: External delegate path: []
INFO: External delegate options: []
INFO: Use gpu: [0]
INFO: Allow lower precision in gpu: [1]
INFO: Enable running quant models in gpu: [1]
INFO: Prefer maximizing the throughput in gpu: [0]
INFO: GPU backend: []
INFO: Use Hexagon: [0]
INFO: Hexagon lib path: [/data/local/tmp]
INFO: Hexagon profiling: [0]
INFO: Use NNAPI: [0]
INFO: Use xnnpack: [0]
INFO: xnnpack_force_fp16: [0]
INFO: xnnpack_weight_cache_file_path: []
INFO: Use Slinky: [0]
INFO: Loaded model /data/local/tmp/rvm_benchmark/rvm_mobilenetv3_720x1280_ds_100.tflite
INFO: Initialized TensorFlow Lite runtime.
INFO: Created TensorFlow Lite XNNPACK delegate for CPU.
VERBOSE: Replacing 250 out of 250 node(s) with delegate (TfLiteXNNPackDelegate) node, yielding 1 partitions for subgraph 0.
INFO: The input model file size (MB): 15.2005
INFO: Initialized session in 366.507ms.
INFO: Running benchmark for at least 1 iterations and at least 0.5 seconds but terminate if exceeding 150 seconds.
INFO: count=1 curr=1474507 p5=1474507 median=1474507 p95=1474507

INFO: Running benchmark for at least 50 iterations and at least 1 seconds but terminate if exceeding 150 seconds.
INFO: count=50 first=1129708 curr=882272 min=838764 max=1463984 avg=1.08362e+06 std=193376 p5=862721 median=1055945 p95=1384036

INFO: Inference timings in us: Init: 366507, First inference: 1474507, Warmup (avg): 1.47451e+06, Inference (avg): 1.08362e+06
INFO: Note: as the benchmark tool itself affects memory footprint, the following is only APPROXIMATE to the actual memory footprint of the model at runtime. Take the information at your discretion.
INFO: Memory footprint delta from the start of the tool (MB): init=607.141 overall=706.531
INFO: Profiling Info for Benchmark Initialization:
============================== Run Order ==============================
	                             [node type]	  [first]	 [avg ms]	     [%]	  [cdf%]	  [mem KB]	[times called]	[Name]
	                 ModifyGraphWithDelegate	   30.151	   30.151	  8.732%	  8.732%	 29948.000	        1	ModifyGraphWithDelegate/0
	                         AllocateTensors	  315.126	  315.126	 91.268%	100.000%	586216.000	        1	AllocateTensors/0

============================== Top by Computation Time ==============================
	                             [node type]	  [first]	 [avg ms]	     [%]	  [cdf%]	  [mem KB]	[times called]	[Name]
	                         AllocateTensors	  315.126	  315.126	 91.268%	 91.268%	586216.000	        1	AllocateTensors/0
	                 ModifyGraphWithDelegate	   30.151	   30.151	  8.732%	100.000%	 29948.000	        1	ModifyGraphWithDelegate/0

Number of nodes executed: 2
============================== Summary by node type ==============================
	                             [Node type]	  [count]	  [avg ms]	    [avg %]	    [cdf %]	  [mem KB]	[times called]
	                         AllocateTensors	        1	   315.126	    91.268%	    91.268%	586216.000	        1
	                 ModifyGraphWithDelegate	        1	    30.151	     8.732%	   100.000%	 29948.000	        1

Timings (microseconds): count=1 curr=345277
Memory (bytes): count=0
2 nodes observed



INFO: Operator-wise Profiling Info for Regular Benchmark Runs:
============================== Run Order ==============================
	                             [node type]	  [first]	 [avg ms]	     [%]	  [cdf%]	  [mem KB]	[times called]	[Name]
	                 Binary Elementwise (ND)	    2.149	    2.414	  0.223%	  0.223%	     0.000	        1	Delegate/Binary Elementwise (ND):0
	           Transpose (ND, X32) Transpose	    2.374	    3.236	  0.299%	  0.522%	     0.000	        1	Delegate/Transpose (ND, X32) Transpose:1
	                 Binary Elementwise (ND)	    1.496	    2.158	  0.199%	  0.721%	     0.000	        1	Delegate/Binary Elementwise (ND):2
	                 Binary Elementwise (ND)	    1.815	    1.677	  0.155%	  0.876%	     0.000	        1	Delegate/Binary Elementwise (ND):3
	           Transpose (ND, X32) Transpose	    3.028	    3.064	  0.283%	  1.158%	     0.000	        1	Delegate/Transpose (ND, X32) Transpose:4
	           Convolution (NHWC, F32) IGEMM	    5.449	    4.788	  0.442%	  1.600%	     0.000	        1	Delegate/Convolution (NHWC, F32) IGEMM:5
	                  Unary Elementwise (NC)	    2.908	    2.490	  0.230%	  1.830%	     0.000	        1	Delegate/Unary Elementwise (NC):6
	          Convolution (NHWC, F32) DWConv	    3.528	    3.063	  0.283%	  2.113%	     0.000	        1	Delegate/Convolution (NHWC, F32) DWConv:7
	          Fully Connected (NC, F32) GEMM	    3.821	    3.751	  0.346%	  2.459%	     0.000	        1	Delegate/Fully Connected (NC, F32) GEMM:8
	                 Binary Elementwise (ND)	    2.705	    2.581	  0.238%	  2.697%	     0.000	        1	Delegate/Binary Elementwise (ND):9
	          Fully Connected (NC, F32) GEMM	    7.228	    7.659	  0.707%	  3.404%	     0.000	        1	Delegate/Fully Connected (NC, F32) GEMM:10
	          Convolution (NHWC, F32) DWConv	    4.594	    4.851	  0.448%	  3.852%	     0.000	        1	Delegate/Convolution (NHWC, F32) DWConv:11
	          Fully Connected (NC, F32) GEMM	    3.074	    2.875	  0.265%	  4.117%	     0.000	        1	Delegate/Fully Connected (NC, F32) GEMM:12
	          Fully Connected (NC, F32) GEMM	    3.257	    3.257	  0.301%	  4.418%	     0.000	        1	Delegate/Fully Connected (NC, F32) GEMM:13
	          Convolution (NHWC, F32) DWConv	    3.013	    3.116	  0.288%	  4.706%	     0.000	        1	Delegate/Convolution (NHWC, F32) DWConv:14
	          Fully Connected (NC, F32) GEMM	    3.598	    2.974	  0.275%	  4.980%	     0.000	        1	Delegate/Fully Connected (NC, F32) GEMM:15
	                 Binary Elementwise (ND)	    1.815	    1.753	  0.162%	  5.142%	     0.000	        1	Delegate/Binary Elementwise (ND):16
	          Fully Connected (NC, F32) GEMM	    3.453	    3.223	  0.297%	  5.440%	     0.000	        1	Delegate/Fully Connected (NC, F32) GEMM:17
	          Convolution (NHWC, F32) DWConv	    2.926	    2.660	  0.246%	  5.685%	     0.000	        1	Delegate/Convolution (NHWC, F32) DWConv:18
	                           Sum (ND) Mean	    0.680	    0.652	  0.060%	  5.745%	     0.000	        1	Delegate/Sum (ND) Mean:19
	                 Binary Elementwise (ND)	    1.347	    1.416	  0.131%	  5.876%	     0.000	        1	Delegate/Binary Elementwise (ND):20
	                          Copy (NC, X32)	    0.002	    0.000	  0.000%	  5.876%	     0.000	        1	Delegate/Copy (NC, X32):21
	          Fully Connected (NC, F32) GEMM	    1.219	    1.277	  0.118%	  5.994%	     0.000	        1	Delegate/Fully Connected (NC, F32) GEMM:22
	          Fully Connected (NC, F32) GEMM	    0.677	    1.171	  0.108%	  6.102%	     0.000	        1	Delegate/Fully Connected (NC, F32) GEMM:23
	                 Binary Elementwise (ND)	    0.706	    1.162	  0.107%	  6.209%	     0.000	        1	Delegate/Binary Elementwise (ND):24
	                 Binary Elementwise (ND)	    2.691	    1.992	  0.184%	  6.393%	     0.000	        1	Delegate/Binary Elementwise (ND):25
	          Fully Connected (NC, F32) GEMM	    1.344	    1.845	  0.170%	  6.564%	     0.000	        1	Delegate/Fully Connected (NC, F32) GEMM:26
	          Fully Connected (NC, F32) GEMM	    1.736	    2.388	  0.220%	  6.784%	     0.000	        1	Delegate/Fully Connected (NC, F32) GEMM:27
	          Convolution (NHWC, F32) DWConv	    2.486	    3.019	  0.279%	  7.063%	     0.000	        1	Delegate/Convolution (NHWC, F32) DWConv:28
	                           Sum (ND) Mean	    1.419	    1.197	  0.110%	  7.173%	     0.000	        1	Delegate/Sum (ND) Mean:29
	                 Binary Elementwise (ND)	    1.319	    1.664	  0.154%	  7.327%	     0.000	        1	Delegate/Binary Elementwise (ND):30
	                          Copy (NC, X32)	    0.000	    0.000	  0.000%	  7.327%	     0.000	        1	Delegate/Copy (NC, X32):31
	          Fully Connected (NC, F32) GEMM	    1.264	    1.435	  0.132%	  7.459%	     0.000	        1	Delegate/Fully Connected (NC, F32) GEMM:32
	          Fully Connected (NC, F32) GEMM	    1.190	    1.269	  0.117%	  7.576%	     0.000	        1	Delegate/Fully Connected (NC, F32) GEMM:33
	                 Binary Elementwise (ND)	    1.195	    1.122	  0.104%	  7.680%	     0.000	        1	Delegate/Binary Elementwise (ND):34
	                 Binary Elementwise (ND)	    3.486	    2.236	  0.206%	  7.886%	     0.000	        1	Delegate/Binary Elementwise (ND):35
	          Fully Connected (NC, F32) GEMM	    2.557	    2.145	  0.198%	  8.084%	     0.000	        1	Delegate/Fully Connected (NC, F32) GEMM:36
	                 Binary Elementwise (ND)	    1.034	    1.443	  0.133%	  8.217%	     0.000	        1	Delegate/Binary Elementwise (ND):37
	          Fully Connected (NC, F32) GEMM	    2.298	    2.207	  0.204%	  8.421%	     0.000	        1	Delegate/Fully Connected (NC, F32) GEMM:38
	          Convolution (NHWC, F32) DWConv	    3.045	    2.864	  0.264%	  8.686%	     0.000	        1	Delegate/Convolution (NHWC, F32) DWConv:39
	                           Sum (ND) Mean	    1.376	    1.196	  0.110%	  8.796%	     0.000	        1	Delegate/Sum (ND) Mean:40
	                 Binary Elementwise (ND)	    1.335	    1.560	  0.144%	  8.940%	     0.000	        1	Delegate/Binary Elementwise (ND):41
	                          Copy (NC, X32)	    0.000	    0.000	  0.000%	  8.940%	     0.000	        1	Delegate/Copy (NC, X32):42
	          Fully Connected (NC, F32) GEMM	    1.196	    1.155	  0.107%	  9.047%	     0.000	        1	Delegate/Fully Connected (NC, F32) GEMM:43
	          Fully Connected (NC, F32) GEMM	    1.214	    1.254	  0.116%	  9.162%	     0.000	        1	Delegate/Fully Connected (NC, F32) GEMM:44
	                 Binary Elementwise (ND)	    1.225	    1.103	  0.102%	  9.264%	     0.000	        1	Delegate/Binary Elementwise (ND):45
	                 Binary Elementwise (ND)	    2.232	    2.279	  0.210%	  9.474%	     0.000	        1	Delegate/Binary Elementwise (ND):46
	          Fully Connected (NC, F32) GEMM	    1.762	    2.225	  0.205%	  9.680%	     0.000	        1	Delegate/Fully Connected (NC, F32) GEMM:47
	                 Binary Elementwise (ND)	    1.587	    1.296	  0.120%	  9.799%	     0.000	        1	Delegate/Binary Elementwise (ND):48
	          Fully Connected (NC, F32) GEMM	    3.689	    3.346	  0.309%	 10.108%	     0.000	        1	Delegate/Fully Connected (NC, F32) GEMM:49
	                  Unary Elementwise (NC)	    2.006	    1.933	  0.178%	 10.287%	     0.000	        1	Delegate/Unary Elementwise (NC):50
	          Convolution (NHWC, F32) DWConv	    2.354	    2.056	  0.190%	 10.476%	     0.000	        1	Delegate/Convolution (NHWC, F32) DWConv:51
	                  Unary Elementwise (NC)	    2.192	    1.358	  0.125%	 10.602%	     0.000	        1	Delegate/Unary Elementwise (NC):52
	          Fully Connected (NC, F32) GEMM	    1.919	    2.248	  0.207%	 10.809%	     0.000	        1	Delegate/Fully Connected (NC, F32) GEMM:53
	          Fully Connected (NC, F32) GEMM	    2.063	    1.963	  0.181%	 10.991%	     0.000	        1	Delegate/Fully Connected (NC, F32) GEMM:54
	                  Unary Elementwise (NC)	    1.356	    1.340	  0.124%	 11.114%	     0.000	        1	Delegate/Unary Elementwise (NC):55
	          Convolution (NHWC, F32) DWConv	    0.985	    1.376	  0.127%	 11.241%	     0.000	        1	Delegate/Convolution (NHWC, F32) DWConv:56
	                  Unary Elementwise (NC)	    1.325	    1.413	  0.130%	 11.372%	     0.000	        1	Delegate/Unary Elementwise (NC):57
	          Fully Connected (NC, F32) GEMM	    2.114	    1.992	  0.184%	 11.555%	     0.000	        1	Delegate/Fully Connected (NC, F32) GEMM:58
	                 Binary Elementwise (ND)	    1.417	    1.455	  0.134%	 11.690%	     0.000	        1	Delegate/Binary Elementwise (ND):59
	          Fully Connected (NC, F32) GEMM	    1.981	    2.124	  0.196%	 11.886%	     0.000	        1	Delegate/Fully Connected (NC, F32) GEMM:60
	                  Unary Elementwise (NC)	    1.352	    1.451	  0.134%	 12.020%	     0.000	        1	Delegate/Unary Elementwise (NC):61
	          Convolution (NHWC, F32) DWConv	    1.896	    1.544	  0.143%	 12.162%	     0.000	        1	Delegate/Convolution (NHWC, F32) DWConv:62
	                  Unary Elementwise (NC)	    1.519	    1.487	  0.137%	 12.300%	     0.000	        1	Delegate/Unary Elementwise (NC):63
	          Fully Connected (NC, F32) GEMM	    3.496	    1.901	  0.176%	 12.475%	     0.000	        1	Delegate/Fully Connected (NC, F32) GEMM:64
	                 Binary Elementwise (ND)	    1.448	    1.176	  0.109%	 12.584%	     0.000	        1	Delegate/Binary Elementwise (ND):65
	          Fully Connected (NC, F32) GEMM	    6.216	    1.980	  0.183%	 12.766%	     0.000	        1	Delegate/Fully Connected (NC, F32) GEMM:66
	                  Unary Elementwise (NC)	    1.503	    1.291	  0.119%	 12.886%	     0.000	        1	Delegate/Unary Elementwise (NC):67
	          Convolution (NHWC, F32) DWConv	    0.937	    1.455	  0.134%	 13.020%	     0.000	        1	Delegate/Convolution (NHWC, F32) DWConv:68
	                  Unary Elementwise (NC)	    0.767	    1.366	  0.126%	 13.146%	     0.000	        1	Delegate/Unary Elementwise (NC):69
	          Fully Connected (NC, F32) GEMM	    2.186	    1.891	  0.175%	 13.321%	     0.000	        1	Delegate/Fully Connected (NC, F32) GEMM:70
	                 Binary Elementwise (ND)	    1.362	    1.283	  0.118%	 13.439%	     0.000	        1	Delegate/Binary Elementwise (ND):71
	          Fully Connected (NC, F32) GEMM	    3.404	    3.059	  0.282%	 13.721%	     0.000	        1	Delegate/Fully Connected (NC, F32) GEMM:72
	                  Unary Elementwise (NC)	    1.163	    1.464	  0.135%	 13.857%	     0.000	        1	Delegate/Unary Elementwise (NC):73
	          Convolution (NHWC, F32) DWConv	    2.108	    1.939	  0.179%	 14.036%	     0.000	        1	Delegate/Convolution (NHWC, F32) DWConv:74
	                  Unary Elementwise (NC)	    1.489	    1.845	  0.170%	 14.206%	     0.000	        1	Delegate/Unary Elementwise (NC):75
	                           Sum (ND) Mean	    1.770	    1.475	  0.136%	 14.342%	     0.000	        1	Delegate/Sum (ND) Mean:76
	                 Binary Elementwise (ND)	    1.948	    1.434	  0.132%	 14.474%	     0.000	        1	Delegate/Binary Elementwise (ND):77
	                          Copy (NC, X32)	    0.001	    0.000	  0.000%	 14.474%	     0.000	        1	Delegate/Copy (NC, X32):78
	          Fully Connected (NC, F32) GEMM	    1.249	    1.328	  0.123%	 14.597%	     0.000	        1	Delegate/Fully Connected (NC, F32) GEMM:79
	          Fully Connected (NC, F32) GEMM	    1.274	    1.330	  0.123%	 14.720%	     0.000	        1	Delegate/Fully Connected (NC, F32) GEMM:80
	                 Binary Elementwise (ND)	    1.199	    1.196	  0.110%	 14.830%	     0.000	        1	Delegate/Binary Elementwise (ND):81
	                 Binary Elementwise (ND)	    2.248	    1.932	  0.178%	 15.009%	     0.000	        1	Delegate/Binary Elementwise (ND):82
	          Fully Connected (NC, F32) GEMM	    4.825	    4.536	  0.419%	 15.427%	     0.000	        1	Delegate/Fully Connected (NC, F32) GEMM:83
	          Fully Connected (NC, F32) GEMM	    4.407	    4.756	  0.439%	 15.866%	     0.000	        1	Delegate/Fully Connected (NC, F32) GEMM:84
	                  Unary Elementwise (NC)	    1.741	    1.743	  0.161%	 16.027%	     0.000	        1	Delegate/Unary Elementwise (NC):85
	          Convolution (NHWC, F32) DWConv	    2.632	    2.307	  0.213%	 16.240%	     0.000	        1	Delegate/Convolution (NHWC, F32) DWConv:86
	                  Unary Elementwise (NC)	    1.882	    2.022	  0.187%	 16.427%	     0.000	        1	Delegate/Unary Elementwise (NC):87
	                           Sum (ND) Mean	    2.758	    2.486	  0.229%	 16.656%	     0.000	        1	Delegate/Sum (ND) Mean:88
	                 Binary Elementwise (ND)	    1.328	    1.575	  0.145%	 16.802%	     0.000	        1	Delegate/Binary Elementwise (ND):89
	                          Copy (NC, X32)	    0.000	    0.000	  0.000%	 16.802%	     0.000	        1	Delegate/Copy (NC, X32):90
	          Fully Connected (NC, F32) GEMM	    1.265	    1.210	  0.112%	 16.913%	     0.000	        1	Delegate/Fully Connected (NC, F32) GEMM:91
	          Fully Connected (NC, F32) GEMM	    1.208	    1.171	  0.108%	 17.021%	     0.000	        1	Delegate/Fully Connected (NC, F32) GEMM:92
	                 Binary Elementwise (ND)	    1.245	    1.291	  0.119%	 17.141%	     0.000	        1	Delegate/Binary Elementwise (ND):93
	                 Binary Elementwise (ND)	    1.428	    2.160	  0.199%	 17.340%	     0.000	        1	Delegate/Binary Elementwise (ND):94
	          Fully Connected (NC, F32) GEMM	    4.868	    4.999	  0.461%	 17.801%	     0.000	        1	Delegate/Fully Connected (NC, F32) GEMM:95
	                 Binary Elementwise (ND)	    0.691	    1.345	  0.124%	 17.926%	     0.000	        1	Delegate/Binary Elementwise (ND):96
	          Fully Connected (NC, F32) GEMM	    4.461	    5.046	  0.466%	 18.391%	     0.000	        1	Delegate/Fully Connected (NC, F32) GEMM:97
	                  Unary Elementwise (NC)	    1.684	    1.764	  0.163%	 18.554%	     0.000	        1	Delegate/Unary Elementwise (NC):98
	          Convolution (NHWC, F32) DWConv	    4.472	    5.392	  0.498%	 19.052%	     0.000	        1	Delegate/Convolution (NHWC, F32) DWConv:99
	                  Unary Elementwise (NC)	    1.820	    2.107	  0.195%	 19.246%	     0.000	        1	Delegate/Unary Elementwise (NC):100
	                           Sum (ND) Mean	    2.042	    2.412	  0.223%	 19.469%	     0.000	        1	Delegate/Sum (ND) Mean:101
	                 Binary Elementwise (ND)	    1.257	    1.771	  0.164%	 19.633%	     0.000	        1	Delegate/Binary Elementwise (ND):102
	                          Copy (NC, X32)	    0.000	    0.000	  0.000%	 19.633%	     0.000	        1	Delegate/Copy (NC, X32):103
	          Fully Connected (NC, F32) GEMM	    1.274	    1.236	  0.114%	 19.747%	     0.000	        1	Delegate/Fully Connected (NC, F32) GEMM:104
	          Fully Connected (NC, F32) GEMM	    1.239	    1.267	  0.117%	 19.864%	     0.000	        1	Delegate/Fully Connected (NC, F32) GEMM:105
	                 Binary Elementwise (ND)	    1.184	    1.092	  0.101%	 19.964%	     0.000	        1	Delegate/Binary Elementwise (ND):106
	                 Binary Elementwise (ND)	    1.931	    2.411	  0.223%	 20.187%	     0.000	        1	Delegate/Binary Elementwise (ND):107
	          Fully Connected (NC, F32) GEMM	    5.909	    6.261	  0.578%	 20.765%	     0.000	        1	Delegate/Fully Connected (NC, F32) GEMM:108
	          Fully Connected (NC, F32) GEMM	    8.561	    9.106	  0.841%	 21.606%	     0.000	        1	Delegate/Fully Connected (NC, F32) GEMM:109
	                  Unary Elementwise (NC)	    2.207	    2.079	  0.192%	 21.797%	     0.000	        1	Delegate/Unary Elementwise (NC):110
	          Convolution (NHWC, F32) DWConv	    6.729	    7.908	  0.730%	 22.527%	     0.000	        1	Delegate/Convolution (NHWC, F32) DWConv:111
	                  Unary Elementwise (NC)	    2.492	    2.481	  0.229%	 22.756%	     0.000	        1	Delegate/Unary Elementwise (NC):112
	                           Sum (ND) Mean	    4.763	    3.855	  0.356%	 23.112%	     0.000	        1	Delegate/Sum (ND) Mean:113
	                 Binary Elementwise (ND)	    1.250	    1.672	  0.154%	 23.267%	     0.000	        1	Delegate/Binary Elementwise (ND):114
	                          Copy (NC, X32)	    0.000	    0.000	  0.000%	 23.267%	     0.000	        1	Delegate/Copy (NC, X32):115
	          Fully Connected (NC, F32) GEMM	    1.308	    1.377	  0.127%	 23.394%	     0.000	        1	Delegate/Fully Connected (NC, F32) GEMM:116
	          Fully Connected (NC, F32) GEMM	    1.226	    1.284	  0.119%	 23.512%	     0.000	        1	Delegate/Fully Connected (NC, F32) GEMM:117
	                 Binary Elementwise (ND)	    0.697	    1.094	  0.101%	 23.613%	     0.000	        1	Delegate/Binary Elementwise (ND):118
	                 Binary Elementwise (ND)	    2.524	    2.760	  0.255%	 23.868%	     0.000	        1	Delegate/Binary Elementwise (ND):119
	          Fully Connected (NC, F32) GEMM	    8.577	    8.782	  0.811%	 24.679%	     0.000	        1	Delegate/Fully Connected (NC, F32) GEMM:120
	                 Binary Elementwise (ND)	    0.886	    1.374	  0.127%	 24.806%	     0.000	        1	Delegate/Binary Elementwise (ND):121
	          Fully Connected (NC, F32) GEMM	    8.530	    8.862	  0.818%	 25.624%	     0.000	        1	Delegate/Fully Connected (NC, F32) GEMM:122
	                  Unary Elementwise (NC)	    2.088	    2.220	  0.205%	 25.828%	     0.000	        1	Delegate/Unary Elementwise (NC):123
	          Convolution (NHWC, F32) DWConv	    7.375	    7.870	  0.726%	 26.555%	     0.000	        1	Delegate/Convolution (NHWC, F32) DWConv:124
	                  Unary Elementwise (NC)	    1.998	    2.620	  0.242%	 26.797%	     0.000	        1	Delegate/Unary Elementwise (NC):125
	                           Sum (ND) Mean	    3.359	    4.780	  0.441%	 27.238%	     0.000	        1	Delegate/Sum (ND) Mean:126
	                 Binary Elementwise (ND)	    1.303	    1.497	  0.138%	 27.376%	     0.000	        1	Delegate/Binary Elementwise (ND):127
	                          Copy (NC, X32)	    0.001	    0.001	  0.000%	 27.376%	     0.000	        1	Delegate/Copy (NC, X32):128
	          Fully Connected (NC, F32) GEMM	    1.260	    1.293	  0.119%	 27.496%	     0.000	        1	Delegate/Fully Connected (NC, F32) GEMM:129
	          Fully Connected (NC, F32) GEMM	    1.234	    1.355	  0.125%	 27.621%	     0.000	        1	Delegate/Fully Connected (NC, F32) GEMM:130
	                 Binary Elementwise (ND)	    1.187	    1.082	  0.100%	 27.721%	     0.000	        1	Delegate/Binary Elementwise (ND):131
	                 Binary Elementwise (ND)	    2.614	    2.643	  0.244%	 27.965%	     0.000	        1	Delegate/Binary Elementwise (ND):132
	          Fully Connected (NC, F32) GEMM	    8.257	    8.586	  0.793%	 28.757%	     0.000	        1	Delegate/Fully Connected (NC, F32) GEMM:133
	                 Binary Elementwise (ND)	    1.369	    1.187	  0.110%	 28.867%	     0.000	        1	Delegate/Binary Elementwise (ND):134
	          Fully Connected (NC, F32) GEMM	    8.542	    9.028	  0.833%	 29.700%	     0.000	        1	Delegate/Fully Connected (NC, F32) GEMM:135
	                  Unary Elementwise (NC)	    1.941	    2.640	  0.244%	 29.944%	     0.000	        1	Delegate/Unary Elementwise (NC):136
	          Fully Connected (NC, F32) GEMM	    6.676	    7.186	  0.663%	 30.607%	     0.000	        1	Delegate/Fully Connected (NC, F32) GEMM:137
	                           Sum (ND) Mean	    4.140	    3.417	  0.315%	 30.923%	     0.000	        1	Delegate/Sum (ND) Mean:138
	                 Binary Elementwise (ND)	    1.308	    1.693	  0.156%	 31.079%	     0.000	        1	Delegate/Binary Elementwise (ND):139
	                          Copy (NC, X32)	    0.000	    0.000	  0.000%	 31.079%	     0.000	        1	Delegate/Copy (NC, X32):140
	          Fully Connected (NC, F32) GEMM	    1.321	    1.245	  0.115%	 31.194%	     0.000	        1	Delegate/Fully Connected (NC, F32) GEMM:141
	                  Unary Elementwise (NC)	    0.002	    0.002	  0.000%	 31.194%	     0.000	        1	Delegate/Unary Elementwise (NC):142
	                 Binary Elementwise (ND)	    1.472	    1.468	  0.136%	 31.329%	     0.000	        1	Delegate/Binary Elementwise (ND):143
	           Transpose (ND, X32) Transpose	    3.149	    3.097	  0.286%	 31.615%	     0.000	        1	Delegate/Transpose (ND, X32) Transpose:144
	Average Pooling (NHWC, F32) Average Pooling	    1.654	    1.895	  0.175%	 31.790%	     0.000	        1	Delegate/Average Pooling (NHWC, F32) Average Pooling:145
	Average Pooling (NHWC, F32) Average Pooling	    0.853	    1.411	  0.130%	 31.920%	     0.000	        1	Delegate/Average Pooling (NHWC, F32) Average Pooling:146
	Average Pooling (NHWC, F32) Average Pooling	    1.284	    1.202	  0.111%	 32.031%	     0.000	        1	Delegate/Average Pooling (NHWC, F32) Average Pooling:147
	                         Slice (ND, X32)	    1.457	    1.347	  0.124%	 32.156%	     0.000	        1	Delegate/Slice (ND, X32):148
	                         Slice (ND, X32)	    1.356	    1.328	  0.123%	 32.278%	     0.000	        1	Delegate/Slice (ND, X32):149
	           Transpose (ND, X32) Transpose	    1.628	    1.251	  0.115%	 32.394%	     0.000	        1	Delegate/Transpose (ND, X32) Transpose:150
	                          Copy (NC, X32)	    1.724	    2.795	  0.258%	 32.652%	     0.000	        1	Delegate/Copy (NC, X32):151
	           Convolution (NHWC, F32) IGEMM	    9.129	    7.917	  0.731%	 33.383%	     0.000	        1	Delegate/Convolution (NHWC, F32) IGEMM:152
	                  Unary Elementwise (NC)	    0.917	    1.130	  0.104%	 33.487%	     0.000	        1	Delegate/Unary Elementwise (NC):153
	                         Slice (ND, X32)	    0.875	    1.175	  0.108%	 33.595%	     0.000	        1	Delegate/Slice (ND, X32):154
	                         Slice (ND, X32)	    1.527	    1.180	  0.109%	 33.704%	     0.000	        1	Delegate/Slice (ND, X32):155
	                 Binary Elementwise (ND)	    0.704	    1.148	  0.106%	 33.810%	     0.000	        1	Delegate/Binary Elementwise (ND):156
	                          Copy (NC, X32)	    3.072	    2.460	  0.227%	 34.037%	     0.000	        1	Delegate/Copy (NC, X32):157
	           Convolution (NHWC, F32) IGEMM	    4.252	    4.729	  0.437%	 34.474%	     0.000	        1	Delegate/Convolution (NHWC, F32) IGEMM:158
	                  Unary Elementwise (NC)	    1.337	    1.248	  0.115%	 34.589%	     0.000	        1	Delegate/Unary Elementwise (NC):159
	                 Binary Elementwise (ND)	    1.340	    1.144	  0.106%	 34.695%	     0.000	        1	Delegate/Binary Elementwise (ND):160
	                 Binary Elementwise (ND)	    1.256	    1.097	  0.101%	 34.796%	     0.000	        1	Delegate/Binary Elementwise (ND):161
	                 Binary Elementwise (ND)	    1.287	    1.076	  0.099%	 34.895%	     0.000	        1	Delegate/Binary Elementwise (ND):162
	                 Binary Elementwise (ND)	    1.301	    1.113	  0.103%	 34.998%	     0.000	        1	Delegate/Binary Elementwise (ND):163
	                          Copy (NC, X32)	    2.202	    2.668	  0.246%	 35.245%	     0.000	        1	Delegate/Copy (NC, X32):164
	             Resize Bilinear (NHWC, F32)	    1.585	    1.620	  0.150%	 35.394%	     0.000	        1	Delegate/Resize Bilinear (NHWC, F32):165
	                          Copy (NC, X32)	    8.543	    6.746	  0.623%	 36.017%	     0.000	        1	Delegate/Copy (NC, X32):166
	           Convolution (NHWC, F32) IGEMM	   23.649	   24.175	  2.232%	 38.248%	     0.000	        1	Delegate/Convolution (NHWC, F32) IGEMM:167
	                         Slice (ND, X32)	    1.822	    1.867	  0.172%	 38.421%	     0.000	        1	Delegate/Slice (ND, X32):168
	           Transpose (ND, X32) Transpose	    0.854	    1.416	  0.131%	 38.551%	     0.000	        1	Delegate/Transpose (ND, X32) Transpose:169
	                          Copy (NC, X32)	    3.400	    3.858	  0.356%	 38.908%	     0.000	        1	Delegate/Copy (NC, X32):170
	           Convolution (NHWC, F32) IGEMM	   11.201	   11.666	  1.077%	 39.985%	     0.000	        1	Delegate/Convolution (NHWC, F32) IGEMM:171
	                  Unary Elementwise (NC)	    1.769	    1.752	  0.162%	 40.146%	     0.000	        1	Delegate/Unary Elementwise (NC):172
	                         Slice (ND, X32)	    1.593	    1.884	  0.174%	 40.320%	     0.000	        1	Delegate/Slice (ND, X32):173
	                         Slice (ND, X32)	    1.797	    1.958	  0.181%	 40.501%	     0.000	        1	Delegate/Slice (ND, X32):174
	                 Binary Elementwise (ND)	    1.358	    1.431	  0.132%	 40.633%	     0.000	        1	Delegate/Binary Elementwise (ND):175
	                          Copy (NC, X32)	    3.998	    3.911	  0.361%	 40.994%	     0.000	        1	Delegate/Copy (NC, X32):176
	           Convolution (NHWC, F32) IGEMM	    6.345	    6.427	  0.593%	 41.587%	     0.000	        1	Delegate/Convolution (NHWC, F32) IGEMM:177
	                  Unary Elementwise (NC)	    0.914	    1.229	  0.113%	 41.701%	     0.000	        1	Delegate/Unary Elementwise (NC):178
	                 Binary Elementwise (ND)	    0.731	    1.192	  0.110%	 41.811%	     0.000	        1	Delegate/Binary Elementwise (ND):179
	                 Binary Elementwise (ND)	    0.763	    1.177	  0.109%	 41.919%	     0.000	        1	Delegate/Binary Elementwise (ND):180
	                 Binary Elementwise (ND)	    0.714	    1.246	  0.115%	 42.034%	     0.000	        1	Delegate/Binary Elementwise (ND):181
	                 Binary Elementwise (ND)	    1.305	    1.229	  0.113%	 42.148%	     0.000	        1	Delegate/Binary Elementwise (ND):182
	                         Slice (ND, X32)	    2.410	    1.937	  0.179%	 42.327%	     0.000	        1	Delegate/Slice (ND, X32):183
	                          Copy (NC, X32)	    5.134	    3.861	  0.356%	 42.683%	     0.000	        1	Delegate/Copy (NC, X32):184
	             Resize Bilinear (NHWC, F32)	    1.571	    2.417	  0.223%	 42.906%	     0.000	        1	Delegate/Resize Bilinear (NHWC, F32):185
	                          Copy (NC, X32)	   16.928	   14.303	  1.320%	 44.226%	     0.000	        1	Delegate/Copy (NC, X32):186
	           Convolution (NHWC, F32) IGEMM	   31.347	   31.253	  2.885%	 47.111%	     0.000	        1	Delegate/Convolution (NHWC, F32) IGEMM:187
	                         Slice (ND, X32)	    7.304	    3.749	  0.346%	 47.458%	     0.000	        1	Delegate/Slice (ND, X32):188
	           Transpose (ND, X32) Transpose	    1.215	    1.692	  0.156%	 47.614%	     0.000	        1	Delegate/Transpose (ND, X32) Transpose:189
	                          Copy (NC, X32)	   10.531	    8.413	  0.777%	 48.390%	     0.000	        1	Delegate/Copy (NC, X32):190
	           Convolution (NHWC, F32) IGEMM	   12.298	   11.854	  1.094%	 49.485%	     0.000	        1	Delegate/Convolution (NHWC, F32) IGEMM:191
	                  Unary Elementwise (NC)	    3.499	    2.530	  0.234%	 49.718%	     0.000	        1	Delegate/Unary Elementwise (NC):192
	                         Slice (ND, X32)	    4.225	    3.859	  0.356%	 50.074%	     0.000	        1	Delegate/Slice (ND, X32):193
	                         Slice (ND, X32)	    4.458	    4.312	  0.398%	 50.472%	     0.000	        1	Delegate/Slice (ND, X32):194
	                 Binary Elementwise (ND)	    1.051	    1.529	  0.141%	 50.614%	     0.000	        1	Delegate/Binary Elementwise (ND):195
	                          Copy (NC, X32)	    7.093	    8.091	  0.747%	 51.360%	     0.000	        1	Delegate/Copy (NC, X32):196
	           Convolution (NHWC, F32) IGEMM	    7.398	    7.495	  0.692%	 52.052%	     0.000	        1	Delegate/Convolution (NHWC, F32) IGEMM:197
	                  Unary Elementwise (NC)	    1.189	    1.386	  0.128%	 52.180%	     0.000	        1	Delegate/Unary Elementwise (NC):198
	                 Binary Elementwise (ND)	    1.659	    1.349	  0.125%	 52.305%	     0.000	        1	Delegate/Binary Elementwise (ND):199
	                 Binary Elementwise (ND)	    1.425	    1.601	  0.148%	 52.453%	     0.000	        1	Delegate/Binary Elementwise (ND):200
	                 Binary Elementwise (ND)	    0.961	    1.438	  0.133%	 52.585%	     0.000	        1	Delegate/Binary Elementwise (ND):201
	                 Binary Elementwise (ND)	    1.088	    1.489	  0.137%	 52.723%	     0.000	        1	Delegate/Binary Elementwise (ND):202
	                         Slice (ND, X32)	    3.696	    3.801	  0.351%	 53.074%	     0.000	        1	Delegate/Slice (ND, X32):203
	                          Copy (NC, X32)	    7.114	    8.549	  0.789%	 53.863%	     0.000	        1	Delegate/Copy (NC, X32):204
	             Resize Bilinear (NHWC, F32)	    3.341	    4.274	  0.395%	 54.257%	     0.000	        1	Delegate/Resize Bilinear (NHWC, F32):205
	                          Copy (NC, X32)	   35.353	   34.389	  3.174%	 57.432%	     0.000	        1	Delegate/Copy (NC, X32):206
	           Convolution (NHWC, F32) IGEMM	   54.669	   53.634	  4.951%	 62.383%	     0.000	        1	Delegate/Convolution (NHWC, F32) IGEMM:207
	                         Slice (ND, X32)	    8.244	    9.656	  0.891%	 63.274%	     0.000	        1	Delegate/Slice (ND, X32):208
	           Transpose (ND, X32) Transpose	    3.690	    3.434	  0.317%	 63.591%	     0.000	        1	Delegate/Transpose (ND, X32) Transpose:209
	                          Copy (NC, X32)	   25.599	   21.126	  1.950%	 65.541%	     0.000	        1	Delegate/Copy (NC, X32):210
	           Convolution (NHWC, F32) IGEMM	   29.776	   29.471	  2.720%	 68.262%	     0.000	        1	Delegate/Convolution (NHWC, F32) IGEMM:211
	                  Unary Elementwise (NC)	    5.940	    5.365	  0.495%	 68.757%	     0.000	        1	Delegate/Unary Elementwise (NC):212
	                         Slice (ND, X32)	   14.369	    8.897	  0.821%	 69.578%	     0.000	        1	Delegate/Slice (ND, X32):213
	                         Slice (ND, X32)	    8.399	    9.239	  0.853%	 70.431%	     0.000	        1	Delegate/Slice (ND, X32):214
	                 Binary Elementwise (ND)	    2.691	    2.649	  0.245%	 70.676%	     0.000	        1	Delegate/Binary Elementwise (ND):215
	                          Copy (NC, X32)	   26.428	   21.594	  1.993%	 72.669%	     0.000	        1	Delegate/Copy (NC, X32):216
	           Convolution (NHWC, F32) IGEMM	   15.991	   15.907	  1.468%	 74.137%	     0.000	        1	Delegate/Convolution (NHWC, F32) IGEMM:217
	                  Unary Elementwise (NC)	    3.348	    2.733	  0.252%	 74.390%	     0.000	        1	Delegate/Unary Elementwise (NC):218
	                 Binary Elementwise (ND)	    3.344	    2.375	  0.219%	 74.609%	     0.000	        1	Delegate/Binary Elementwise (ND):219
	                 Binary Elementwise (ND)	    4.565	    2.948	  0.272%	 74.881%	     0.000	        1	Delegate/Binary Elementwise (ND):220
	                 Binary Elementwise (ND)	    4.604	    2.884	  0.266%	 75.147%	     0.000	        1	Delegate/Binary Elementwise (ND):221
	                 Binary Elementwise (ND)	    5.585	    3.011	  0.278%	 75.425%	     0.000	        1	Delegate/Binary Elementwise (ND):222
	                         Slice (ND, X32)	   21.022	    9.970	  0.920%	 76.345%	     0.000	        1	Delegate/Slice (ND, X32):223
	                          Copy (NC, X32)	   26.138	   23.227	  2.144%	 78.490%	     0.000	        1	Delegate/Copy (NC, X32):224
	             Resize Bilinear (NHWC, F32)	   21.351	   12.308	  1.136%	 79.626%	     0.000	        1	Delegate/Resize Bilinear (NHWC, F32):225
	                          Copy (NC, X32)	   69.774	   50.667	  4.677%	 84.303%	     0.000	        1	Delegate/Copy (NC, X32):226
	           Convolution (NHWC, F32) IGEMM	   62.632	   64.771	  5.979%	 90.282%	     0.000	        1	Delegate/Convolution (NHWC, F32) IGEMM:227
	           Convolution (NHWC, F32) IGEMM	   25.532	   30.464	  2.812%	 93.094%	     0.000	        1	Delegate/Convolution (NHWC, F32) IGEMM:228
	          Fully Connected (NC, F32) GEMM	    9.307	   10.444	  0.964%	 94.058%	     0.000	        1	Delegate/Fully Connected (NC, F32) GEMM:229
	                         Slice (ND, X32)	    8.792	   18.693	  1.726%	 95.783%	     0.000	        1	Delegate/Slice (ND, X32):230
	                 Binary Elementwise (ND)	    1.195	    1.904	  0.176%	 95.959%	     0.000	        1	Delegate/Binary Elementwise (ND):231
	           Transpose (ND, X32) Transpose	    2.541	    2.774	  0.256%	 96.215%	     0.000	        1	Delegate/Transpose (ND, X32) Transpose:232
	                  Unary Elementwise (NC)	    1.510	    2.091	  0.193%	 96.408%	     0.000	        1	Delegate/Unary Elementwise (NC):233
	                 Binary Elementwise (ND)	    1.757	    1.807	  0.167%	 96.575%	     0.000	        1	Delegate/Binary Elementwise (ND):234
	                  Unary Elementwise (NC)	    1.698	    1.778	  0.164%	 96.739%	     0.000	        1	Delegate/Unary Elementwise (NC):235
	                 Binary Elementwise (ND)	    1.299	    1.941	  0.179%	 96.918%	     0.000	        1	Delegate/Binary Elementwise (ND):236
	                         Slice (ND, X32)	   21.168	   17.862	  1.649%	 98.567%	     0.000	        1	Delegate/Slice (ND, X32):237
	                  Unary Elementwise (NC)	    0.748	    1.294	  0.119%	 98.687%	     0.000	        1	Delegate/Unary Elementwise (NC):238
	                 Binary Elementwise (ND)	    0.637	    1.179	  0.109%	 98.796%	     0.000	        1	Delegate/Binary Elementwise (ND):239
	                  Unary Elementwise (NC)	    1.124	    1.097	  0.101%	 98.897%	     0.000	        1	Delegate/Unary Elementwise (NC):240
	                 Binary Elementwise (ND)	    4.961	    1.362	  0.126%	 99.023%	     0.000	        1	Delegate/Binary Elementwise (ND):241
	                 Binary Elementwise (ND)	    0.981	    1.585	  0.146%	 99.169%	     0.000	        1	Delegate/Binary Elementwise (ND):242
	           Transpose (ND, X32) Transpose	    1.958	    2.570	  0.237%	 99.406%	     0.000	        1	Delegate/Transpose (ND, X32) Transpose:243
	           Transpose (ND, X32) Transpose	    2.515	    3.042	  0.281%	 99.687%	     0.000	        1	Delegate/Transpose (ND, X32) Transpose:244
	           Transpose (ND, X32) Transpose	    1.086	    1.646	  0.152%	 99.839%	     0.000	        1	Delegate/Transpose (ND, X32) Transpose:245
	           Transpose (ND, X32) Transpose	    0.855	    1.470	  0.136%	 99.974%	     0.000	        1	Delegate/Transpose (ND, X32) Transpose:246
	           Transpose (ND, X32) Transpose	    0.103	    0.276	  0.026%	100.000%	     0.000	        1	Delegate/Transpose (ND, X32) Transpose:247

============================== Top by Computation Time ==============================
	                             [node type]	  [first]	 [avg ms]	     [%]	  [cdf%]	  [mem KB]	[times called]	[Name]
	           Convolution (NHWC, F32) IGEMM	   62.632	   64.771	  5.979%	  5.979%	     0.000	        1	Delegate/Convolution (NHWC, F32) IGEMM:227
	           Convolution (NHWC, F32) IGEMM	   54.669	   53.634	  4.951%	 10.930%	     0.000	        1	Delegate/Convolution (NHWC, F32) IGEMM:207
	                          Copy (NC, X32)	   69.774	   50.667	  4.677%	 15.607%	     0.000	        1	Delegate/Copy (NC, X32):226
	                          Copy (NC, X32)	   35.353	   34.389	  3.174%	 18.781%	     0.000	        1	Delegate/Copy (NC, X32):206
	           Convolution (NHWC, F32) IGEMM	   31.347	   31.253	  2.885%	 21.666%	     0.000	        1	Delegate/Convolution (NHWC, F32) IGEMM:187
	           Convolution (NHWC, F32) IGEMM	   25.532	   30.464	  2.812%	 24.478%	     0.000	        1	Delegate/Convolution (NHWC, F32) IGEMM:228
	           Convolution (NHWC, F32) IGEMM	   29.776	   29.471	  2.720%	 27.199%	     0.000	        1	Delegate/Convolution (NHWC, F32) IGEMM:211
	           Convolution (NHWC, F32) IGEMM	   23.649	   24.175	  2.232%	 29.430%	     0.000	        1	Delegate/Convolution (NHWC, F32) IGEMM:167
	                          Copy (NC, X32)	   26.138	   23.227	  2.144%	 31.575%	     0.000	        1	Delegate/Copy (NC, X32):224
	                          Copy (NC, X32)	   26.428	   21.594	  1.993%	 33.568%	     0.000	        1	Delegate/Copy (NC, X32):216

Number of nodes executed: 248
============================== Summary by node type ==============================
	                             [Node type]	  [count]	  [avg ms]	    [avg %]	    [cdf %]	  [mem KB]	[times called]
	           Convolution (NHWC, F32) IGEMM	       14	   304.544	    28.115%	    28.115%	     0.000	       14
	                          Copy (NC, X32)	       25	   216.653	    20.001%	    48.117%	     0.000	       25
	          Fully Connected (NC, F32) GEMM	       49	   164.278	    15.166%	    63.283%	     0.000	       49
	                 Binary Elementwise (ND)	       65	   107.314	     9.907%	    73.190%	     0.000	       65
	                         Slice (ND, X32)	       18	   102.707	     9.482%	    82.672%	     0.000	       18
	                  Unary Elementwise (NC)	       33	    60.734	     5.607%	    88.279%	     0.000	       33
	          Convolution (NHWC, F32) DWConv	       15	    51.412	     4.746%	    93.025%	     0.000	       15
	           Transpose (ND, X32) Transpose	       13	    28.961	     2.674%	    95.699%	     0.000	       13
	                           Sum (ND) Mean	        9	    21.467	     1.982%	    97.681%	     0.000	        9
	             Resize Bilinear (NHWC, F32)	        4	    20.617	     1.903%	    99.584%	     0.000	        4
	Average Pooling (NHWC, F32) Average Pooling	        3	     4.506	     0.416%	   100.000%	     0.000	        3

Timings (microseconds): count=50 first=1129396 curr=881967 min=838344 max=1463694 avg=1.08331e+06 std=193373
Memory (bytes): count=0
248 nodes observed



