INFO: STARTING!
INFO: Log parameter values verbosely: [1]
INFO: Min num runs: [10]
INFO: Min runs duration (seconds): [1]
INFO: Max runs duration (seconds): [150]
INFO: Inter-run delay (seconds): [-1]
INFO: Number of prorated runs per second: [-1]
INFO: Num threads: [-1]
INFO: Use caching: [0]
INFO: Benchmark name: []
INFO: Output prefix: []
INFO: Min warmup runs: [1]
INFO: Min warmup runs duration (seconds): [0.5]
INFO: Run w/o invoking kernels: [0]
INFO: Report the peak memory footprint: [0]
INFO: Memory footprint check interval (ms): [50]
INFO: Graph: [/data/local/tmp/rvm_benchmark/rvm_resnet50_720x1280_ds_100.tflite]
INFO: Signature to run: []
INFO: Input layers: []
INFO: Input shapes: []
INFO: Input value ranges: []
INFO: Input value files: []
INFO: Allow fp16: [0]
INFO: Require full delegation: [0]
INFO: Enable op profiling: [1]
INFO: Op profiling output mode.: [stdout]
INFO: Op profiling output file.: []
INFO: Max initial profiling buffer entries: [1024]
INFO: Allow dynamic increase on profiling buffer entries: [0]
INFO: CSV File to export profiling data to: []
INFO: Enable Model Runtime Info Export: [0]
INFO: Proto File to export model runtime info to: []
INFO: Print pre-invoke interpreter state: [0]
INFO: Print post-invoke interpreter state: [0]
INFO: Release dynamic tensor memory: [0]
INFO: Optimize memory usage for large tensors: [0]
INFO: Disable delegate clustering: [0]
INFO: Constant CAST output cache: [0]
INFO: File path to export outputs layer to: []
INFO: File path to export outputs layer as tf example to: []
INFO: Tensor name display length: [25]
INFO: Tensor type display length: [15]
INFO: Tensor allocation type display length: [18]
INFO: print out all supported flags: [0]
INFO: #threads used for CPU inference: [-1]
INFO: Max number of delegated partitions: [0]
INFO: Min nodes per partition: [0]
INFO: Index of the first node that could be delegated: [0]
INFO: Index of the last node that could be delegated: [2147483647]
INFO: Number of GPU delegate invoke loop iterations: [1]
INFO: Directory for delegate serialization: []
INFO: Model-specific token/key for delegate serialization.: []
INFO: External delegate path: []
INFO: External delegate options: []
INFO: Use gpu: [1]
INFO: Allow lower precision in gpu: [1]
INFO: Enable running quant models in gpu: [1]
INFO: Prefer maximizing the throughput in gpu: [0]
INFO: GPU backend: []
INFO: Use Hexagon: [0]
INFO: Hexagon lib path: [/data/local/tmp]
INFO: Hexagon profiling: [0]
INFO: Use NNAPI: [0]
INFO: Use xnnpack: [0]
INFO: xnnpack_force_fp16: [0]
INFO: xnnpack_weight_cache_file_path: []
INFO: Use Slinky: [0]
INFO: Loaded model /data/local/tmp/rvm_benchmark/rvm_resnet50_720x1280_ds_100.tflite
INFO: Initialized TensorFlow Lite runtime.
INFO: Created TensorFlow Lite delegate for GPU.
INFO: GPU delegate created.
INFO: Loaded OpenCL library with dlopen.
VERBOSE: Replacing 181 out of 181 node(s) with delegate (TfLiteGpuDelegateV2) node, yielding 1 partitions for subgraph 0.
INFO: Initialized OpenCL-based API.
INFO: Created 1 GPU delegate kernels.
INFO: Explicitly applied GPU delegate, and the model graph will be completely executed by the delegate.
INFO: The input model file size (MB): 107.664
INFO: Initialized session in 8025.48ms.
INFO: Running benchmark for at least 1 iterations and at least 0.5 seconds but terminate if exceeding 150 seconds.
INFO: count=1 curr=845871 p5=845871 median=845871 p95=845871

INFO: Running benchmark for at least 10 iterations and at least 1 seconds but terminate if exceeding 150 seconds.
INFO: count=10 first=785464 curr=835706 min=785464 max=883316 avg=847162 std=28482 p5=785464 median=855748 p95=883316

INFO: Inference timings in us: Init: 8025477, First inference: 845871, Warmup (avg): 845871, Inference (avg): 847162
INFO: Note: as the benchmark tool itself affects memory footprint, the following is only APPROXIMATE to the actual memory footprint of the model at runtime. Take the information at your discretion.
INFO: Memory footprint delta from the start of the tool (MB): init=497.082 overall=505.406
INFO: Profiling Info for Benchmark Initialization:
============================== Run Order ==============================
	                             [node type]	  [first]	 [avg ms]	     [%]	  [cdf%]	  [mem KB]	[times called]	[Name]
	                 ModifyGraphWithDelegate	 7932.756	 7932.756	 99.992%	 99.992%	504196.000	        1	ModifyGraphWithDelegate/0
	                         AllocateTensors	    0.631	    0.631	  0.008%	100.000%	     0.000	        1	AllocateTensors/0

============================== Top by Computation Time ==============================
	                             [node type]	  [first]	 [avg ms]	     [%]	  [cdf%]	  [mem KB]	[times called]	[Name]
	                 ModifyGraphWithDelegate	 7932.756	 7932.756	 99.992%	 99.992%	504196.000	        1	ModifyGraphWithDelegate/0
	                         AllocateTensors	    0.631	    0.631	  0.008%	100.000%	     0.000	        1	AllocateTensors/0

Number of nodes executed: 2
============================== Summary by node type ==============================
	                             [Node type]	  [count]	  [avg ms]	    [avg %]	    [cdf %]	  [mem KB]	[times called]
	                 ModifyGraphWithDelegate	        1	  7932.756	    99.992%	    99.992%	504196.000	        1
	                         AllocateTensors	        1	     0.631	     0.008%	   100.000%	     0.000	        1

Timings (microseconds): count=1 curr=7933387
Memory (bytes): count=0
2 nodes observed



INFO: Operator-wise Profiling Info for Regular Benchmark Runs:
============================== Run Order ==============================
	                             [node type]	  [first]	 [avg ms]	     [%]	  [cdf%]	  [mem KB]	[times called]	[Name]
	                                   mul 0	    0.508	    0.533	  0.152%	  0.152%	     0.000	        1	Delegate/mul 0:0
	              convolution_2d 2 -> relu 3	    5.603	    5.586	  1.591%	  1.743%	     0.000	        1	Delegate/convolution_2d 2 -> relu 3:1
	                            pooling_2d 5	    1.374	    1.383	  0.394%	  2.137%	     0.000	        1	Delegate/pooling_2d 5:2
	              convolution_2d 6 -> relu 7	    0.681	    0.677	  0.193%	  2.330%	     0.000	        1	Delegate/convolution_2d 6 -> relu 7:3
	                    winograd_4x4_to_36 8	    0.983	    0.998	  0.284%	  2.615%	     0.000	        1	Delegate/winograd_4x4_to_36 8:4
	          convolution_winograd_4x4_6x6 8	    1.436	    1.443	  0.411%	  3.026%	     0.000	        1	Delegate/convolution_winograd_4x4_6x6 8:5
	          winograd_36_to_4x4 8 -> relu 9	    0.893	    0.913	  0.260%	  3.286%	     0.000	        1	Delegate/winograd_36_to_4x4 8 -> relu 9:6
	                       convolution_2d 10	    2.004	    1.968	  0.561%	  3.847%	     0.000	        1	Delegate/convolution_2d 10:7
	  convolution_2d 11 -> add 12 -> relu 13	    3.063	    3.083	  0.878%	  4.725%	     0.000	        1	Delegate/convolution_2d 11 -> add 12 -> relu 13:8
	            convolution_2d 14 -> relu 15	    2.048	    2.038	  0.580%	  5.305%	     0.000	        1	Delegate/convolution_2d 14 -> relu 15:9
	                   winograd_4x4_to_36 16	    0.951	    0.987	  0.281%	  5.587%	     0.000	        1	Delegate/winograd_4x4_to_36 16:10
	         convolution_winograd_4x4_6x6 16	    1.448	    1.452	  0.414%	  6.000%	     0.000	        1	Delegate/convolution_winograd_4x4_6x6 16:11
	        winograd_36_to_4x4 16 -> relu 17	    0.921	    0.915	  0.261%	  6.261%	     0.000	        1	Delegate/winograd_36_to_4x4 16 -> relu 17:12
	  convolution_2d 18 -> add 19 -> relu 20	    3.113	    3.076	  0.876%	  7.137%	     0.000	        1	Delegate/convolution_2d 18 -> add 19 -> relu 20:13
	            convolution_2d 21 -> relu 22	    2.075	    2.040	  0.581%	  7.718%	     0.000	        1	Delegate/convolution_2d 21 -> relu 22:14
	                   winograd_4x4_to_36 23	    0.980	    0.993	  0.283%	  8.001%	     0.000	        1	Delegate/winograd_4x4_to_36 23:15
	         convolution_winograd_4x4_6x6 23	    1.403	    1.398	  0.398%	  8.399%	     0.000	        1	Delegate/convolution_winograd_4x4_6x6 23:16
	        winograd_36_to_4x4 23 -> relu 24	    0.911	    0.883	  0.252%	  8.651%	     0.000	        1	Delegate/winograd_36_to_4x4 23 -> relu 24:17
	  convolution_2d 25 -> add 26 -> relu 27	    3.194	    3.016	  0.859%	  9.510%	     0.000	        1	Delegate/convolution_2d 25 -> add 26 -> relu 27:18
	            convolution_2d 28 -> relu 29	    3.404	    3.335	  0.950%	 10.460%	     0.000	        1	Delegate/convolution_2d 28 -> relu 29:19
	            convolution_2d 31 -> relu 32	    5.614	    5.564	  1.585%	 12.046%	     0.000	        1	Delegate/convolution_2d 31 -> relu 32:20
	                       convolution_2d 33	    1.752	    1.747	  0.498%	 12.543%	     0.000	        1	Delegate/convolution_2d 33:21
	  convolution_2d 34 -> add 35 -> relu 36	    5.118	    4.911	  1.399%	 13.942%	     0.000	        1	Delegate/convolution_2d 34 -> add 35 -> relu 36:22
	            convolution_2d 37 -> relu 38	    1.972	    1.961	  0.559%	 14.501%	     0.000	        1	Delegate/convolution_2d 37 -> relu 38:23
	                   winograd_4x4_to_36 39	    0.512	    0.480	  0.137%	 14.638%	     0.000	        1	Delegate/winograd_4x4_to_36 39:24
	         convolution_winograd_4x4_6x6 39	    1.210	    1.169	  0.333%	 14.971%	     0.000	        1	Delegate/convolution_winograd_4x4_6x6 39:25
	        winograd_36_to_4x4 39 -> relu 40	    0.449	    0.433	  0.123%	 15.094%	     0.000	        1	Delegate/winograd_36_to_4x4 39 -> relu 40:26
	  convolution_2d 41 -> add 42 -> relu 43	    2.123	    2.023	  0.576%	 15.670%	     0.000	        1	Delegate/convolution_2d 41 -> add 42 -> relu 43:27
	            convolution_2d 44 -> relu 45	    1.976	    1.960	  0.558%	 16.229%	     0.000	        1	Delegate/convolution_2d 44 -> relu 45:28
	                   winograd_4x4_to_36 46	    0.502	    0.471	  0.134%	 16.363%	     0.000	        1	Delegate/winograd_4x4_to_36 46:29
	         convolution_winograd_4x4_6x6 46	    1.196	    1.166	  0.332%	 16.695%	     0.000	        1	Delegate/convolution_winograd_4x4_6x6 46:30
	        winograd_36_to_4x4 46 -> relu 47	    0.455	    0.433	  0.123%	 16.818%	     0.000	        1	Delegate/winograd_36_to_4x4 46 -> relu 47:31
	  convolution_2d 48 -> add 49 -> relu 50	    2.182	    2.041	  0.582%	 17.400%	     0.000	        1	Delegate/convolution_2d 48 -> add 49 -> relu 50:32
	            convolution_2d 51 -> relu 52	    1.975	    1.958	  0.558%	 17.958%	     0.000	        1	Delegate/convolution_2d 51 -> relu 52:33
	                   winograd_4x4_to_36 53	    0.505	    0.473	  0.135%	 18.093%	     0.000	        1	Delegate/winograd_4x4_to_36 53:34
	         convolution_winograd_4x4_6x6 53	    1.194	    1.169	  0.333%	 18.426%	     0.000	        1	Delegate/convolution_winograd_4x4_6x6 53:35
	        winograd_36_to_4x4 53 -> relu 54	    0.445	    0.440	  0.125%	 18.551%	     0.000	        1	Delegate/winograd_36_to_4x4 53 -> relu 54:36
	  convolution_2d 55 -> add 56 -> relu 57	    2.081	    2.044	  0.582%	 19.133%	     0.000	        1	Delegate/convolution_2d 55 -> add 56 -> relu 57:37
	            convolution_2d 58 -> relu 59	    3.231	    3.241	  0.923%	 20.057%	     0.000	        1	Delegate/convolution_2d 58 -> relu 59:38
	            convolution_2d 61 -> relu 62	    6.008	    6.060	  1.726%	 21.783%	     0.000	        1	Delegate/convolution_2d 61 -> relu 62:39
	                       convolution_2d 63	    2.020	    2.019	  0.575%	 22.358%	     0.000	        1	Delegate/convolution_2d 63:40
	  convolution_2d 64 -> add 65 -> relu 66	    5.442	    5.455	  1.554%	 23.912%	     0.000	        1	Delegate/convolution_2d 64 -> add 65 -> relu 66:41
	            convolution_2d 67 -> relu 68	    2.020	    2.017	  0.575%	 24.487%	     0.000	        1	Delegate/convolution_2d 67 -> relu 68:42
	                   winograd_4x4_to_36 69	    0.262	    0.250	  0.071%	 24.558%	     0.000	        1	Delegate/winograd_4x4_to_36 69:43
	         convolution_winograd_4x4_6x6 69	    1.136	    1.124	  0.320%	 24.879%	     0.000	        1	Delegate/convolution_winograd_4x4_6x6 69:44
	        winograd_36_to_4x4 69 -> relu 70	    0.234	    0.231	  0.066%	 24.944%	     0.000	        1	Delegate/winograd_36_to_4x4 69 -> relu 70:45
	  convolution_2d 71 -> add 72 -> relu 73	    2.151	    2.138	  0.609%	 25.553%	     0.000	        1	Delegate/convolution_2d 71 -> add 72 -> relu 73:46
	            convolution_2d 74 -> relu 75	    2.022	    2.014	  0.574%	 26.127%	     0.000	        1	Delegate/convolution_2d 74 -> relu 75:47
	                   winograd_4x4_to_36 76	    0.261	    0.246	  0.070%	 26.197%	     0.000	        1	Delegate/winograd_4x4_to_36 76:48
	         convolution_winograd_4x4_6x6 76	    1.153	    1.125	  0.320%	 26.517%	     0.000	        1	Delegate/convolution_winograd_4x4_6x6 76:49
	        winograd_36_to_4x4 76 -> relu 77	    0.234	    0.229	  0.065%	 26.582%	     0.000	        1	Delegate/winograd_36_to_4x4 76 -> relu 77:50
	  convolution_2d 78 -> add 79 -> relu 80	    2.196	    2.144	  0.611%	 27.193%	     0.000	        1	Delegate/convolution_2d 78 -> add 79 -> relu 80:51
	            convolution_2d 81 -> relu 82	    2.032	    2.016	  0.574%	 27.768%	     0.000	        1	Delegate/convolution_2d 81 -> relu 82:52
	                   winograd_4x4_to_36 83	    0.275	    0.252	  0.072%	 27.839%	     0.000	        1	Delegate/winograd_4x4_to_36 83:53
	         convolution_winograd_4x4_6x6 83	    1.112	    1.124	  0.320%	 28.159%	     0.000	        1	Delegate/convolution_winograd_4x4_6x6 83:54
	        winograd_36_to_4x4 83 -> relu 84	    0.220	    0.233	  0.066%	 28.226%	     0.000	        1	Delegate/winograd_36_to_4x4 83 -> relu 84:55
	  convolution_2d 85 -> add 86 -> relu 87	    2.102	    2.142	  0.610%	 28.836%	     0.000	        1	Delegate/convolution_2d 85 -> add 86 -> relu 87:56
	            convolution_2d 88 -> relu 89	    1.998	    2.015	  0.574%	 29.410%	     0.000	        1	Delegate/convolution_2d 88 -> relu 89:57
	                   winograd_4x4_to_36 90	    0.201	    0.244	  0.070%	 29.479%	     0.000	        1	Delegate/winograd_4x4_to_36 90:58
	         convolution_winograd_4x4_6x6 90	    1.091	    1.120	  0.319%	 29.798%	     0.000	        1	Delegate/convolution_winograd_4x4_6x6 90:59
	        winograd_36_to_4x4 90 -> relu 91	    0.190	    0.229	  0.065%	 29.864%	     0.000	        1	Delegate/winograd_36_to_4x4 90 -> relu 91:60
	  convolution_2d 92 -> add 93 -> relu 94	    2.085	    2.141	  0.610%	 30.474%	     0.000	        1	Delegate/convolution_2d 92 -> add 93 -> relu 94:61
	            convolution_2d 95 -> relu 96	    1.986	    2.017	  0.575%	 31.048%	     0.000	        1	Delegate/convolution_2d 95 -> relu 96:62
	                   winograd_4x4_to_36 97	    0.209	    0.246	  0.070%	 31.118%	     0.000	        1	Delegate/winograd_4x4_to_36 97:63
	         convolution_winograd_4x4_6x6 97	    1.099	    1.124	  0.320%	 31.438%	     0.000	        1	Delegate/convolution_winograd_4x4_6x6 97:64
	        winograd_36_to_4x4 97 -> relu 98	    0.182	    0.230	  0.065%	 31.504%	     0.000	        1	Delegate/winograd_36_to_4x4 97 -> relu 98:65
	convolution_2d 99 -> add 100 -> relu 101	    2.092	    2.147	  0.612%	 32.115%	     0.000	        1	Delegate/convolution_2d 99 -> add 100 -> relu 101:66
	          convolution_2d 102 -> relu 103	    3.906	    3.944	  1.124%	 33.239%	     0.000	        1	Delegate/convolution_2d 102 -> relu 103:67
	                  winograd_4x4_to_36 104	    0.403	    0.480	  0.137%	 33.376%	     0.000	        1	Delegate/winograd_4x4_to_36 104:68
	        convolution_winograd_4x4_6x6 104	    4.208	    4.261	  1.214%	 34.590%	     0.000	        1	Delegate/convolution_winograd_4x4_6x6 104:69
	      winograd_36_to_4x4 104 -> relu 105	    0.359	    0.434	  0.124%	 34.713%	     0.000	        1	Delegate/winograd_36_to_4x4 104 -> relu 105:70
	                      convolution_2d 106	    7.745	    7.806	  2.224%	 36.937%	     0.000	        1	Delegate/convolution_2d 106:71
	convolution_2d 107 -> add 108 -> relu 109	   15.831	   15.776	  4.494%	 41.431%	     0.000	        1	Delegate/convolution_2d 107 -> add 108 -> relu 109:72
	          convolution_2d 110 -> relu 111	    7.963	    7.918	  2.256%	 43.687%	     0.000	        1	Delegate/convolution_2d 110 -> relu 111:73
	          convolution_2d 112 -> relu 113	   21.802	   22.268	  6.344%	 50.030%	     0.000	        1	Delegate/convolution_2d 112 -> relu 113:74
	convolution_2d 114 -> add 115 -> relu 116	    7.897	    8.036	  2.289%	 52.320%	     0.000	        1	Delegate/convolution_2d 114 -> add 115 -> relu 116:75
	          convolution_2d 117 -> relu 118	    7.796	    7.885	  2.246%	 54.566%	     0.000	        1	Delegate/convolution_2d 117 -> relu 118:76
	          convolution_2d 119 -> relu 120	   21.144	   22.443	  6.394%	 60.959%	     0.000	        1	Delegate/convolution_2d 119 -> relu 120:77
	convolution_2d 121 -> add 122 -> relu 123	    7.993	    8.071	  2.299%	 63.259%	     0.000	        1	Delegate/convolution_2d 121 -> add 122 -> relu 123:78
	          convolution_2d 124 -> relu 125	    4.131	    4.172	  1.189%	 64.447%	     0.000	        1	Delegate/convolution_2d 124 -> relu 125:79
	                          reduce_sum 126	    0.114	    0.124	  0.035%	 64.483%	     0.000	        1	Delegate/reduce_sum 126:80
	      fully_connected 130 -> sigmoid 131	    0.138	    0.142	  0.041%	 64.523%	     0.000	        1	Delegate/fully_connected 130 -> sigmoid 131:81
	                                 mul 132	    0.119	    0.126	  0.036%	 64.559%	     0.000	        1	Delegate/mul 132:82
	                          pooling_2d 133	    0.306	    0.333	  0.095%	 64.654%	     0.000	        1	Delegate/pooling_2d 133:83
	                          pooling_2d 134	    0.080	    0.086	  0.024%	 64.678%	     0.000	        1	Delegate/pooling_2d 134:84
	                          pooling_2d 135	    0.017	    0.018	  0.005%	 64.684%	     0.000	        1	Delegate/pooling_2d 135:85
	                               slice 136	    0.058	    0.062	  0.018%	 64.701%	     0.000	        1	Delegate/slice 136:86
	                               slice 137	    0.058	    0.064	  0.018%	 64.719%	     0.000	        1	Delegate/slice 137:87
	                           transpose 138	    0.206	    0.206	  0.059%	 64.778%	     0.000	        1	Delegate/transpose 138:88
	                              concat 139	    0.132	    0.145	  0.041%	 64.819%	     0.000	        1	Delegate/concat 139:89
	                  winograd_4x4_to_36 140	    0.250	    0.260	  0.074%	 64.893%	     0.000	        1	Delegate/winograd_4x4_to_36 140:90
	        convolution_winograd_4x4_6x6 140	    1.114	    1.126	  0.321%	 65.214%	     0.000	        1	Delegate/convolution_winograd_4x4_6x6 140:91
	   winograd_36_to_4x4 140 -> sigmoid 141	    0.231	    0.245	  0.070%	 65.284%	     0.000	        1	Delegate/winograd_36_to_4x4 140 -> sigmoid 141:92
	                    slice 142 -> mul 144	    0.093	    0.101	  0.029%	 65.313%	     0.000	        1	Delegate/slice 142 -> mul 144:93
	                               slice 143	    0.061	    0.061	  0.017%	 65.330%	     0.000	        1	Delegate/slice 143:94
	                              concat 145	    0.137	    0.144	  0.041%	 65.371%	     0.000	        1	Delegate/concat 145:95
	                  winograd_4x4_to_36 146	    0.239	    0.252	  0.072%	 65.443%	     0.000	        1	Delegate/winograd_4x4_to_36 146:96
	        convolution_winograd_4x4_6x6 146	    0.582	    0.588	  0.167%	 65.610%	     0.000	        1	Delegate/convolution_winograd_4x4_6x6 146:97
	winograd_36_to_4x4 146 -> tanh 147 -> mul 150	    0.252	    0.262	  0.075%	 65.685%	     0.000	        1	Delegate/winograd_36_to_4x4 146 -> tanh 147 -> mul 150:98
	                 subtract 148 -> mul 149	    0.036	    0.041	  0.012%	 65.697%	     0.000	        1	Delegate/subtract 148 -> mul 149:99
	                                 add 151	    0.094	    0.102	  0.029%	 65.726%	     0.000	        1	Delegate/add 151:100
	                              concat 152	    0.128	    0.139	  0.040%	 65.765%	     0.000	        1	Delegate/concat 152:101
	                              resize 153	    0.374	    0.378	  0.108%	 65.873%	     0.000	        1	Delegate/resize 153:102
	                              concat 154	    1.577	    1.690	  0.482%	 66.355%	     0.000	        1	Delegate/concat 154:103
	                  winograd_4x4_to_36 155	    2.884	    2.950	  0.840%	 67.195%	     0.000	        1	Delegate/winograd_4x4_to_36 155:104
	        convolution_winograd_4x4_6x6 155	    6.351	    6.361	  1.812%	 69.007%	     0.000	        1	Delegate/convolution_winograd_4x4_6x6 155:105
	      winograd_36_to_4x4 155 -> relu 156	    0.433	    0.450	  0.128%	 69.135%	     0.000	        1	Delegate/winograd_36_to_4x4 155 -> relu 156:106
	                               slice 157	    0.128	    0.134	  0.038%	 69.173%	     0.000	        1	Delegate/slice 157:107
	                           transpose 158	    0.411	    0.411	  0.117%	 69.290%	     0.000	        1	Delegate/transpose 158:108
	                              concat 159	    0.264	    0.279	  0.080%	 69.370%	     0.000	        1	Delegate/concat 159:109
	                  winograd_4x4_to_36 160	    0.463	    0.487	  0.139%	 69.509%	     0.000	        1	Delegate/winograd_4x4_to_36 160:110
	        convolution_winograd_4x4_6x6 160	    1.167	    1.172	  0.334%	 69.843%	     0.000	        1	Delegate/convolution_winograd_4x4_6x6 160:111
	   winograd_36_to_4x4 160 -> sigmoid 161	    0.439	    0.457	  0.130%	 69.973%	     0.000	        1	Delegate/winograd_36_to_4x4 160 -> sigmoid 161:112
	                    slice 162 -> mul 164	    0.184	    0.197	  0.056%	 70.029%	     0.000	        1	Delegate/slice 162 -> mul 164:113
	                               slice 163	    0.119	    0.129	  0.037%	 70.066%	     0.000	        1	Delegate/slice 163:114
	                              concat 165	    0.258	    0.279	  0.079%	 70.145%	     0.000	        1	Delegate/concat 165:115
	                  winograd_4x4_to_36 166	    0.469	    0.491	  0.140%	 70.285%	     0.000	        1	Delegate/winograd_4x4_to_36 166:116
	        convolution_winograd_4x4_6x6 166	    0.617	    0.637	  0.181%	 70.466%	     0.000	        1	Delegate/convolution_winograd_4x4_6x6 166:117
	winograd_36_to_4x4 166 -> tanh 167 -> mul 170	    0.429	    0.447	  0.127%	 70.594%	     0.000	        1	Delegate/winograd_36_to_4x4 166 -> tanh 167 -> mul 170:118
	                 subtract 168 -> mul 169	    0.111	    0.120	  0.034%	 70.628%	     0.000	        1	Delegate/subtract 168 -> mul 169:119
	                                 add 171	    0.188	    0.198	  0.056%	 70.685%	     0.000	        1	Delegate/add 171:120
	                               slice 172	    0.131	    0.133	  0.038%	 70.722%	     0.000	        1	Delegate/slice 172:121
	                              concat 173	    0.264	    0.281	  0.080%	 70.802%	     0.000	        1	Delegate/concat 173:122
	                              resize 174	    0.745	    0.740	  0.211%	 71.013%	     0.000	        1	Delegate/resize 174:123
	                              concat 175	    3.132	    3.322	  0.947%	 71.960%	     0.000	        1	Delegate/concat 175:124
	                  winograd_4x4_to_36 176	    5.616	    5.713	  1.627%	 73.587%	     0.000	        1	Delegate/winograd_4x4_to_36 176:125
	        convolution_winograd_4x4_6x6 176	    6.166	    6.197	  1.765%	 75.353%	     0.000	        1	Delegate/convolution_winograd_4x4_6x6 176:126
	      winograd_36_to_4x4 176 -> relu 177	    0.812	    0.833	  0.237%	 75.590%	     0.000	        1	Delegate/winograd_36_to_4x4 176 -> relu 177:127
	                               slice 178	    0.251	    0.259	  0.074%	 75.664%	     0.000	        1	Delegate/slice 178:128
	                           transpose 179	    0.897	    0.893	  0.255%	 75.918%	     0.000	        1	Delegate/transpose 179:129
	                              concat 180	    0.509	    0.528	  0.151%	 76.069%	     0.000	        1	Delegate/concat 180:130
	                  winograd_4x4_to_36 181	    0.916	    0.944	  0.269%	 76.338%	     0.000	        1	Delegate/winograd_4x4_to_36 181:131
	        convolution_winograd_4x4_6x6 181	    1.348	    1.366	  0.389%	 76.727%	     0.000	        1	Delegate/convolution_winograd_4x4_6x6 181:132
	   winograd_36_to_4x4 181 -> sigmoid 182	    0.826	    0.854	  0.243%	 76.970%	     0.000	        1	Delegate/winograd_36_to_4x4 181 -> sigmoid 182:133
	                    slice 183 -> mul 185	    0.362	    0.381	  0.109%	 77.079%	     0.000	        1	Delegate/slice 183 -> mul 185:134
	                               slice 184	    0.249	    0.252	  0.072%	 77.151%	     0.000	        1	Delegate/slice 184:135
	                              concat 186	    0.525	    0.536	  0.153%	 77.303%	     0.000	        1	Delegate/concat 186:136
	                  winograd_4x4_to_36 187	    0.953	    0.953	  0.271%	 77.574%	     0.000	        1	Delegate/winograd_4x4_to_36 187:137
	        convolution_winograd_4x4_6x6 187	    0.880	    0.911	  0.260%	 77.834%	     0.000	        1	Delegate/convolution_winograd_4x4_6x6 187:138
	winograd_36_to_4x4 187 -> tanh 188 -> mul 191	    0.757	    0.762	  0.217%	 78.051%	     0.000	        1	Delegate/winograd_36_to_4x4 187 -> tanh 188 -> mul 191:139
	                 subtract 189 -> mul 190	    0.301	    0.310	  0.088%	 78.139%	     0.000	        1	Delegate/subtract 189 -> mul 190:140
	                                 add 192	    0.366	    0.373	  0.106%	 78.246%	     0.000	        1	Delegate/add 192:141
	                               slice 193	    0.251	    0.257	  0.073%	 78.319%	     0.000	        1	Delegate/slice 193:142
	                              concat 194	    0.534	    0.534	  0.152%	 78.471%	     0.000	        1	Delegate/concat 194:143
	                              resize 195	    1.581	    1.466	  0.418%	 78.889%	     0.000	        1	Delegate/resize 195:144
	                              concat 196	    4.318	    4.379	  1.247%	 80.136%	     0.000	        1	Delegate/concat 196:145
	                  winograd_4x4_to_36 197	    7.755	    7.815	  2.226%	 82.362%	     0.000	        1	Delegate/winograd_4x4_to_36 197:146
	        convolution_winograd_4x4_6x6 197	    5.047	    6.246	  1.779%	 84.142%	     0.000	        1	Delegate/convolution_winograd_4x4_6x6 197:147
	      winograd_36_to_4x4 197 -> relu 198	    1.283	    1.701	  0.485%	 84.626%	     0.000	        1	Delegate/winograd_36_to_4x4 197 -> relu 198:148
	                               slice 199	    0.370	    0.514	  0.146%	 84.773%	     0.000	        1	Delegate/slice 199:149
	                           transpose 200	    1.926	    1.981	  0.564%	 85.337%	     0.000	        1	Delegate/transpose 200:150
	                              concat 201	    0.766	    1.053	  0.300%	 85.637%	     0.000	        1	Delegate/concat 201:151
	       convolution_2d 202 -> sigmoid 203	    4.767	    4.975	  1.417%	 87.054%	     0.000	        1	Delegate/convolution_2d 202 -> sigmoid 203:152
	                    slice 204 -> mul 206	    0.550	    0.774	  0.220%	 87.275%	     0.000	        1	Delegate/slice 204 -> mul 206:153
	                               slice 205	    0.379	    0.521	  0.148%	 87.423%	     0.000	        1	Delegate/slice 205:154
	                              concat 207	    0.775	    1.061	  0.302%	 87.726%	     0.000	        1	Delegate/concat 207:155
	convolution_2d 208 -> tanh 209 -> mul 212	    3.645	    3.833	  1.092%	 88.817%	     0.000	        1	Delegate/convolution_2d 208 -> tanh 209 -> mul 212:156
	                 subtract 210 -> mul 211	    0.541	    0.739	  0.210%	 89.028%	     0.000	        1	Delegate/subtract 210 -> mul 211:157
	                                 add 213	    0.543	    0.735	  0.209%	 89.237%	     0.000	        1	Delegate/add 213:158
	                               slice 214	    0.377	    0.505	  0.144%	 89.381%	     0.000	        1	Delegate/slice 214:159
	                              concat 215	    1.000	    1.068	  0.304%	 89.685%	     0.000	        1	Delegate/concat 215:160
	                              resize 216	    3.010	    2.873	  0.818%	 90.504%	     0.000	        1	Delegate/resize 216:161
	                              concat 217	    4.798	    4.798	  1.367%	 91.871%	     0.000	        1	Delegate/concat 217:162
	          convolution_2d 218 -> relu 219	   10.600	   10.671	  3.040%	 94.910%	     0.000	        1	Delegate/convolution_2d 218 -> relu 219:163
	          convolution_2d 220 -> relu 221	    4.902	    4.912	  1.399%	 96.310%	     0.000	        1	Delegate/convolution_2d 220 -> relu 221:164
	                      convolution_2d 222	    1.265	    1.288	  0.367%	 96.677%	     0.000	        1	Delegate/convolution_2d 222:165
	slice 223 -> add 224 -> relu 225 -> subtract 226 -> relu 227 -> subtract 228 -> mul 234	    0.746	    0.756	  0.215%	 96.892%	     0.000	        1	Delegate/slice 223 -> add 224 -> relu 225 -> subtract 226 -> relu 227 -> subtract 228 -> mul 234:166
	                               slice 229	    1.437	    1.446	  0.412%	 97.304%	     0.000	        1	Delegate/slice 229:167
	                                relu 230	    0.377	    0.522	  0.149%	 97.452%	     0.000	        1	Delegate/relu 230:168
	                subtract 231 -> relu 232	    0.372	    0.510	  0.145%	 97.598%	     0.000	        1	Delegate/subtract 231 -> relu 232:169
	                            subtract 233	    0.566	    0.751	  0.214%	 97.812%	     0.000	        1	Delegate/subtract 233:170
	                           transpose 235	    5.423	    5.501	  1.567%	 99.379%	     0.000	        1	Delegate/transpose 235:171
	                           transpose 236	    1.491	    1.521	  0.433%	 99.812%	     0.000	        1	Delegate/transpose 236:172
	                           transpose 237	    0.440	    0.447	  0.127%	 99.940%	     0.000	        1	Delegate/transpose 237:173
	                           transpose 238	    0.210	    0.212	  0.060%	100.000%	     0.000	        1	Delegate/transpose 238:174

============================== Top by Computation Time ==============================
	                             [node type]	  [first]	 [avg ms]	     [%]	  [cdf%]	  [mem KB]	[times called]	[Name]
	          convolution_2d 119 -> relu 120	   21.144	   22.443	  6.394%	  6.394%	     0.000	        1	Delegate/convolution_2d 119 -> relu 120:77
	          convolution_2d 112 -> relu 113	   21.802	   22.268	  6.344%	 12.737%	     0.000	        1	Delegate/convolution_2d 112 -> relu 113:74
	convolution_2d 107 -> add 108 -> relu 109	   15.831	   15.776	  4.494%	 17.231%	     0.000	        1	Delegate/convolution_2d 107 -> add 108 -> relu 109:72
	          convolution_2d 218 -> relu 219	   10.600	   10.671	  3.040%	 20.271%	     0.000	        1	Delegate/convolution_2d 218 -> relu 219:163
	convolution_2d 121 -> add 122 -> relu 123	    7.993	    8.071	  2.299%	 22.571%	     0.000	        1	Delegate/convolution_2d 121 -> add 122 -> relu 123:78
	convolution_2d 114 -> add 115 -> relu 116	    7.897	    8.036	  2.289%	 24.860%	     0.000	        1	Delegate/convolution_2d 114 -> add 115 -> relu 116:75
	          convolution_2d 110 -> relu 111	    7.963	    7.918	  2.256%	 27.115%	     0.000	        1	Delegate/convolution_2d 110 -> relu 111:73
	          convolution_2d 117 -> relu 118	    7.796	    7.885	  2.246%	 29.362%	     0.000	        1	Delegate/convolution_2d 117 -> relu 118:76
	                  winograd_4x4_to_36 197	    7.755	    7.815	  2.226%	 31.588%	     0.000	        1	Delegate/winograd_4x4_to_36 197:146
	                      convolution_2d 106	    7.745	    7.806	  2.224%	 33.812%	     0.000	        1	Delegate/convolution_2d 106:71

Number of nodes executed: 175
============================== Summary by node type ==============================
	                             [Node type]	  [count]	  [avg ms]	    [avg %]	    [cdf %]	  [mem KB]	[times called]
	          convolution_2d 119 -> relu 120	        1	    22.443	     6.395%	     6.395%	     0.000	        1
	          convolution_2d 112 -> relu 113	        1	    22.267	     6.345%	    12.740%	     0.000	        1
	convolution_2d 107 -> add 108 -> relu 109	        1	    15.776	     4.495%	    17.235%	     0.000	        1
	          convolution_2d 218 -> relu 219	        1	    10.670	     3.040%	    20.275%	     0.000	        1
	convolution_2d 121 -> add 122 -> relu 123	        1	     8.071	     2.300%	    22.575%	     0.000	        1
	convolution_2d 114 -> add 115 -> relu 116	        1	     8.035	     2.289%	    24.864%	     0.000	        1
	          convolution_2d 110 -> relu 111	        1	     7.918	     2.256%	    27.121%	     0.000	        1
	          convolution_2d 117 -> relu 118	        1	     7.884	     2.246%	    29.367%	     0.000	        1
	                  winograd_4x4_to_36 197	        1	     7.814	     2.227%	    31.593%	     0.000	        1
	                      convolution_2d 106	        1	     7.806	     2.224%	    33.818%	     0.000	        1
	        convolution_winograd_4x4_6x6 155	        1	     6.361	     1.812%	    35.630%	     0.000	        1
	        convolution_winograd_4x4_6x6 197	        1	     6.245	     1.779%	    37.410%	     0.000	        1
	        convolution_winograd_4x4_6x6 176	        1	     6.197	     1.766%	    39.175%	     0.000	        1
	            convolution_2d 61 -> relu 62	        1	     6.060	     1.727%	    40.902%	     0.000	        1
	                  winograd_4x4_to_36 176	        1	     5.712	     1.628%	    42.530%	     0.000	        1
	              convolution_2d 2 -> relu 3	        1	     5.586	     1.592%	    44.121%	     0.000	        1
	            convolution_2d 31 -> relu 32	        1	     5.564	     1.585%	    45.707%	     0.000	        1
	                           transpose 235	        1	     5.501	     1.567%	    47.274%	     0.000	        1
	  convolution_2d 64 -> add 65 -> relu 66	        1	     5.455	     1.554%	    48.829%	     0.000	        1
	       convolution_2d 202 -> sigmoid 203	        1	     4.975	     1.418%	    50.246%	     0.000	        1
	          convolution_2d 220 -> relu 221	        1	     4.912	     1.400%	    51.646%	     0.000	        1
	  convolution_2d 34 -> add 35 -> relu 36	        1	     4.910	     1.399%	    53.045%	     0.000	        1
	                              concat 217	        1	     4.798	     1.367%	    54.412%	     0.000	        1
	                              concat 196	        1	     4.378	     1.247%	    55.659%	     0.000	        1
	        convolution_winograd_4x4_6x6 104	        1	     4.261	     1.214%	    56.874%	     0.000	        1
	          convolution_2d 124 -> relu 125	        1	     4.172	     1.189%	    58.062%	     0.000	        1
	          convolution_2d 102 -> relu 103	        1	     3.944	     1.124%	    59.186%	     0.000	        1
	convolution_2d 208 -> tanh 209 -> mul 212	        1	     3.832	     1.092%	    60.278%	     0.000	        1
	            convolution_2d 28 -> relu 29	        1	     3.335	     0.950%	    61.228%	     0.000	        1
	                              concat 175	        1	     3.322	     0.947%	    62.175%	     0.000	        1
	            convolution_2d 58 -> relu 59	        1	     3.241	     0.923%	    63.098%	     0.000	        1
	  convolution_2d 11 -> add 12 -> relu 13	        1	     3.083	     0.878%	    63.977%	     0.000	        1
	  convolution_2d 18 -> add 19 -> relu 20	        1	     3.075	     0.876%	    64.853%	     0.000	        1
	  convolution_2d 25 -> add 26 -> relu 27	        1	     3.016	     0.859%	    65.712%	     0.000	        1
	                  winograd_4x4_to_36 155	        1	     2.950	     0.841%	    66.553%	     0.000	        1
	                              resize 216	        1	     2.873	     0.819%	    67.372%	     0.000	        1
	convolution_2d 99 -> add 100 -> relu 101	        1	     2.146	     0.611%	    67.983%	     0.000	        1
	  convolution_2d 78 -> add 79 -> relu 80	        1	     2.143	     0.611%	    68.594%	     0.000	        1
	  convolution_2d 85 -> add 86 -> relu 87	        1	     2.142	     0.610%	    69.204%	     0.000	        1
	  convolution_2d 92 -> add 93 -> relu 94	        1	     2.141	     0.610%	    69.814%	     0.000	        1
	  convolution_2d 71 -> add 72 -> relu 73	        1	     2.137	     0.609%	    70.423%	     0.000	        1
	  convolution_2d 55 -> add 56 -> relu 57	        1	     2.044	     0.582%	    71.005%	     0.000	        1
	  convolution_2d 48 -> add 49 -> relu 50	        1	     2.041	     0.582%	    71.587%	     0.000	        1
	            convolution_2d 21 -> relu 22	        1	     2.040	     0.581%	    72.168%	     0.000	        1
	            convolution_2d 14 -> relu 15	        1	     2.037	     0.580%	    72.749%	     0.000	        1
	  convolution_2d 41 -> add 42 -> relu 43	        1	     2.022	     0.576%	    73.325%	     0.000	        1
	                       convolution_2d 63	        1	     2.019	     0.575%	    73.900%	     0.000	        1
	            convolution_2d 95 -> relu 96	        1	     2.017	     0.575%	    74.475%	     0.000	        1
	            convolution_2d 81 -> relu 82	        1	     2.016	     0.574%	    75.049%	     0.000	        1
	            convolution_2d 67 -> relu 68	        1	     2.016	     0.574%	    75.624%	     0.000	        1
	            convolution_2d 88 -> relu 89	        1	     2.014	     0.574%	    76.198%	     0.000	        1
	            convolution_2d 74 -> relu 75	        1	     2.013	     0.574%	    76.771%	     0.000	        1
	                           transpose 200	        1	     1.981	     0.564%	    77.336%	     0.000	        1
	                       convolution_2d 10	        1	     1.968	     0.561%	    77.896%	     0.000	        1
	            convolution_2d 44 -> relu 45	        1	     1.960	     0.558%	    78.455%	     0.000	        1
	            convolution_2d 37 -> relu 38	        1	     1.960	     0.558%	    79.013%	     0.000	        1
	            convolution_2d 51 -> relu 52	        1	     1.958	     0.558%	    79.571%	     0.000	        1
	                       convolution_2d 33	        1	     1.746	     0.498%	    80.069%	     0.000	        1
	      winograd_36_to_4x4 197 -> relu 198	        1	     1.700	     0.484%	    80.553%	     0.000	        1
	                              concat 154	        1	     1.690	     0.482%	    81.035%	     0.000	        1
	                           transpose 236	        1	     1.520	     0.433%	    81.468%	     0.000	        1
	                              resize 195	        1	     1.466	     0.418%	    81.886%	     0.000	        1
	         convolution_winograd_4x4_6x6 16	        1	     1.452	     0.414%	    82.299%	     0.000	        1
	                               slice 229	        1	     1.445	     0.412%	    82.711%	     0.000	        1
	          convolution_winograd_4x4_6x6 8	        1	     1.442	     0.411%	    83.122%	     0.000	        1
	         convolution_winograd_4x4_6x6 23	        1	     1.397	     0.398%	    83.520%	     0.000	        1
	                            pooling_2d 5	        1	     1.383	     0.394%	    83.914%	     0.000	        1
	        convolution_winograd_4x4_6x6 181	        1	     1.366	     0.389%	    84.303%	     0.000	        1
	                      convolution_2d 222	        1	     1.287	     0.367%	    84.670%	     0.000	        1
	        convolution_winograd_4x4_6x6 160	        1	     1.171	     0.334%	    85.004%	     0.000	        1
	         convolution_winograd_4x4_6x6 53	        1	     1.169	     0.333%	    85.337%	     0.000	        1
	         convolution_winograd_4x4_6x6 39	        1	     1.169	     0.333%	    85.670%	     0.000	        1
	         convolution_winograd_4x4_6x6 46	        1	     1.166	     0.332%	    86.002%	     0.000	        1
	        convolution_winograd_4x4_6x6 140	        1	     1.126	     0.321%	    86.323%	     0.000	        1
	         convolution_winograd_4x4_6x6 97	        1	     1.124	     0.320%	    86.643%	     0.000	        1
	         convolution_winograd_4x4_6x6 76	        1	     1.124	     0.320%	    86.963%	     0.000	        1
	         convolution_winograd_4x4_6x6 69	        1	     1.124	     0.320%	    87.284%	     0.000	        1
	         convolution_winograd_4x4_6x6 83	        1	     1.123	     0.320%	    87.604%	     0.000	        1
	         convolution_winograd_4x4_6x6 90	        1	     1.119	     0.319%	    87.923%	     0.000	        1
	                              concat 215	        1	     1.068	     0.304%	    88.227%	     0.000	        1
	                              concat 207	        1	     1.061	     0.302%	    88.529%	     0.000	        1
	                              concat 201	        1	     1.053	     0.300%	    88.829%	     0.000	        1
	                    winograd_4x4_to_36 8	        1	     0.998	     0.284%	    89.114%	     0.000	        1
	                   winograd_4x4_to_36 23	        1	     0.993	     0.283%	    89.397%	     0.000	        1
	                   winograd_4x4_to_36 16	        1	     0.986	     0.281%	    89.678%	     0.000	        1
	                  winograd_4x4_to_36 187	        1	     0.952	     0.271%	    89.949%	     0.000	        1
	                  winograd_4x4_to_36 181	        1	     0.943	     0.269%	    90.217%	     0.000	        1
	        winograd_36_to_4x4 16 -> relu 17	        1	     0.915	     0.261%	    90.478%	     0.000	        1
	          winograd_36_to_4x4 8 -> relu 9	        1	     0.913	     0.260%	    90.738%	     0.000	        1
	        convolution_winograd_4x4_6x6 187	        1	     0.911	     0.260%	    90.998%	     0.000	        1
	                           transpose 179	        1	     0.893	     0.254%	    91.252%	     0.000	        1
	        winograd_36_to_4x4 23 -> relu 24	        1	     0.883	     0.252%	    91.504%	     0.000	        1
	   winograd_36_to_4x4 181 -> sigmoid 182	        1	     0.854	     0.243%	    91.747%	     0.000	        1
	      winograd_36_to_4x4 176 -> relu 177	        1	     0.832	     0.237%	    91.984%	     0.000	        1
	                    slice 204 -> mul 206	        1	     0.773	     0.220%	    92.205%	     0.000	        1
	winograd_36_to_4x4 187 -> tanh 188 -> mul 191	        1	     0.761	     0.217%	    92.421%	     0.000	        1
	slice 223 -> add 224 -> relu 225 -> subtract 226 -> relu 227 -> subtract 228 -> mul 234	        1	     0.756	     0.215%	    92.637%	     0.000	        1
	                            subtract 233	        1	     0.750	     0.214%	    92.851%	     0.000	        1
	                              resize 174	        1	     0.740	     0.211%	    93.061%	     0.000	        1
	                 subtract 210 -> mul 211	        1	     0.738	     0.210%	    93.272%	     0.000	        1
	                                 add 213	        1	     0.734	     0.209%	    93.481%	     0.000	        1
	              convolution_2d 6 -> relu 7	        1	     0.677	     0.193%	    93.674%	     0.000	        1
	        convolution_winograd_4x4_6x6 166	        1	     0.636	     0.181%	    93.855%	     0.000	        1
	        convolution_winograd_4x4_6x6 146	        1	     0.587	     0.167%	    94.022%	     0.000	        1
	                              concat 186	        1	     0.535	     0.152%	    94.175%	     0.000	        1
	                              concat 194	        1	     0.534	     0.152%	    94.327%	     0.000	        1
	                                   mul 0	        1	     0.533	     0.152%	    94.479%	     0.000	        1
	                              concat 180	        1	     0.528	     0.150%	    94.629%	     0.000	        1
	                               slice 205	        1	     0.521	     0.148%	    94.778%	     0.000	        1
	                                relu 230	        1	     0.521	     0.148%	    94.926%	     0.000	        1
	                               slice 199	        1	     0.513	     0.146%	    95.072%	     0.000	        1
	                subtract 231 -> relu 232	        1	     0.510	     0.145%	    95.218%	     0.000	        1
	                               slice 214	        1	     0.504	     0.144%	    95.361%	     0.000	        1
	                  winograd_4x4_to_36 166	        1	     0.491	     0.140%	    95.501%	     0.000	        1
	                  winograd_4x4_to_36 160	        1	     0.487	     0.139%	    95.640%	     0.000	        1
	                   winograd_4x4_to_36 39	        1	     0.480	     0.137%	    95.777%	     0.000	        1
	                  winograd_4x4_to_36 104	        1	     0.479	     0.136%	    95.913%	     0.000	        1
	                   winograd_4x4_to_36 53	        1	     0.472	     0.134%	    96.048%	     0.000	        1
	                   winograd_4x4_to_36 46	        1	     0.471	     0.134%	    96.182%	     0.000	        1
	   winograd_36_to_4x4 160 -> sigmoid 161	        1	     0.457	     0.130%	    96.312%	     0.000	        1
	      winograd_36_to_4x4 155 -> relu 156	        1	     0.449	     0.128%	    96.440%	     0.000	        1
	winograd_36_to_4x4 166 -> tanh 167 -> mul 170	        1	     0.447	     0.127%	    96.567%	     0.000	        1
	                           transpose 237	        1	     0.447	     0.127%	    96.695%	     0.000	        1
	        winograd_36_to_4x4 53 -> relu 54	        1	     0.440	     0.125%	    96.820%	     0.000	        1
	      winograd_36_to_4x4 104 -> relu 105	        1	     0.434	     0.124%	    96.944%	     0.000	        1
	        winograd_36_to_4x4 46 -> relu 47	        1	     0.433	     0.123%	    97.067%	     0.000	        1
	        winograd_36_to_4x4 39 -> relu 40	        1	     0.433	     0.123%	    97.190%	     0.000	        1
	                           transpose 158	        1	     0.410	     0.117%	    97.307%	     0.000	        1
	                    slice 183 -> mul 185	        1	     0.381	     0.109%	    97.416%	     0.000	        1
	                              resize 153	        1	     0.378	     0.108%	    97.524%	     0.000	        1
	                                 add 192	        1	     0.372	     0.106%	    97.630%	     0.000	        1
	                          pooling_2d 133	        1	     0.332	     0.095%	    97.724%	     0.000	        1
	                 subtract 189 -> mul 190	        1	     0.310	     0.088%	    97.813%	     0.000	        1
	                              concat 173	        1	     0.280	     0.080%	    97.892%	     0.000	        1
	                              concat 159	        1	     0.279	     0.079%	    97.972%	     0.000	        1
	                              concat 165	        1	     0.278	     0.079%	    98.051%	     0.000	        1
	winograd_36_to_4x4 146 -> tanh 147 -> mul 150	        1	     0.262	     0.075%	    98.126%	     0.000	        1
	                  winograd_4x4_to_36 140	        1	     0.259	     0.074%	    98.199%	     0.000	        1
	                               slice 178	        1	     0.259	     0.074%	    98.273%	     0.000	        1
	                               slice 193	        1	     0.256	     0.073%	    98.346%	     0.000	        1
	                   winograd_4x4_to_36 83	        1	     0.252	     0.072%	    98.418%	     0.000	        1
	                  winograd_4x4_to_36 146	        1	     0.252	     0.072%	    98.490%	     0.000	        1
	                               slice 184	        1	     0.252	     0.072%	    98.562%	     0.000	        1
	                   winograd_4x4_to_36 69	        1	     0.250	     0.071%	    98.633%	     0.000	        1
	                   winograd_4x4_to_36 97	        1	     0.245	     0.070%	    98.703%	     0.000	        1
	                   winograd_4x4_to_36 76	        1	     0.245	     0.070%	    98.772%	     0.000	        1
	   winograd_36_to_4x4 140 -> sigmoid 141	        1	     0.245	     0.070%	    98.842%	     0.000	        1
	                   winograd_4x4_to_36 90	        1	     0.244	     0.070%	    98.912%	     0.000	        1
	        winograd_36_to_4x4 83 -> relu 84	        1	     0.232	     0.066%	    98.978%	     0.000	        1
	        winograd_36_to_4x4 69 -> relu 70	        1	     0.230	     0.066%	    99.043%	     0.000	        1
	        winograd_36_to_4x4 97 -> relu 98	        1	     0.229	     0.065%	    99.109%	     0.000	        1
	        winograd_36_to_4x4 76 -> relu 77	        1	     0.229	     0.065%	    99.174%	     0.000	        1
	        winograd_36_to_4x4 90 -> relu 91	        1	     0.228	     0.065%	    99.239%	     0.000	        1
	                           transpose 238	        1	     0.212	     0.060%	    99.299%	     0.000	        1
	                           transpose 138	        1	     0.205	     0.058%	    99.358%	     0.000	        1
	                                 add 171	        1	     0.198	     0.056%	    99.414%	     0.000	        1
	                    slice 162 -> mul 164	        1	     0.196	     0.056%	    99.470%	     0.000	        1
	                              concat 139	        1	     0.144	     0.041%	    99.511%	     0.000	        1
	                              concat 145	        1	     0.143	     0.041%	    99.552%	     0.000	        1
	      fully_connected 130 -> sigmoid 131	        1	     0.142	     0.040%	    99.592%	     0.000	        1
	                              concat 152	        1	     0.139	     0.040%	    99.632%	     0.000	        1
	                               slice 157	        1	     0.134	     0.038%	    99.670%	     0.000	        1
	                               slice 172	        1	     0.132	     0.038%	    99.708%	     0.000	        1
	                               slice 163	        1	     0.128	     0.036%	    99.744%	     0.000	        1
	                                 mul 132	        1	     0.126	     0.036%	    99.780%	     0.000	        1
	                          reduce_sum 126	        1	     0.124	     0.035%	    99.815%	     0.000	        1
	                 subtract 168 -> mul 169	        1	     0.120	     0.034%	    99.850%	     0.000	        1
	                                 add 151	        1	     0.101	     0.029%	    99.878%	     0.000	        1
	                    slice 142 -> mul 144	        1	     0.100	     0.028%	    99.907%	     0.000	        1
	                          pooling_2d 134	        1	     0.085	     0.024%	    99.931%	     0.000	        1
	                               slice 137	        1	     0.063	     0.018%	    99.949%	     0.000	        1
	                               slice 136	        1	     0.061	     0.017%	    99.966%	     0.000	        1
	                               slice 143	        1	     0.060	     0.017%	    99.983%	     0.000	        1
	                 subtract 148 -> mul 149	        1	     0.040	     0.011%	    99.995%	     0.000	        1
	                          pooling_2d 135	        1	     0.018	     0.005%	   100.000%	     0.000	        1

Timings (microseconds): count=10 first=344038 curr=342148 min=342148 max=358264 avg=351029 std=4865
Memory (bytes): count=0
175 nodes observed



